Archive member included to satisfy reference by file (symbol)

app/libapp.a(sample_usbd_init.c.obj)
                              (--whole-archive)
app/libapp.a(hdi.c.obj)       (--whole-archive)
app/libapp.a(sys_err.c.obj)   (--whole-archive)
app/libapp.a(hal_cdc_acm_uart.c.obj)
                              (--whole-archive)
app/libapp.a(hal_usbd.c.obj)  (--whole-archive)
app/libapp.a(main.c.obj)      (--whole-archive)
zephyr/libzephyr.a(heap.c.obj)
                              (--whole-archive)
zephyr/libzephyr.a(cbprintf_packaged.c.obj)
                              (--whole-archive)
zephyr/libzephyr.a(printk.c.obj)
                              (--whole-archive)
zephyr/libzephyr.a(sem.c.obj)
                              (--whole-archive)
zephyr/libzephyr.a(thread_entry.c.obj)
                              (--whole-archive)
zephyr/libzephyr.a(cbprintf_complete.c.obj)
                              (--whole-archive)
zephyr/libzephyr.a(assert.c.obj)
                              (--whole-archive)
zephyr/libzephyr.a(mpsc_pbuf.c.obj)
                              (--whole-archive)
zephyr/libzephyr.a(dec.c.obj)
                              (--whole-archive)
zephyr/libzephyr.a(hex.c.obj)
                              (--whole-archive)
zephyr/libzephyr.a(rb.c.obj)  (--whole-archive)
zephyr/libzephyr.a(timeutil.c.obj)
                              (--whole-archive)
zephyr/libzephyr.a(bitarray.c.obj)
                              (--whole-archive)
zephyr/libzephyr.a(onoff.c.obj)
                              (--whole-archive)
zephyr/libzephyr.a(notify.c.obj)
                              (--whole-archive)
zephyr/libzephyr.a(ring_buffer.c.obj)
                              (--whole-archive)
zephyr/libzephyr.a(last_section_id.c.obj)
                              (--whole-archive)
zephyr/libzephyr.a(configs.c.obj)
                              (--whole-archive)
zephyr/libzephyr.a(thread_info.c.obj)
                              (--whole-archive)
zephyr/libzephyr.a(log_core.c.obj)
                              (--whole-archive)
zephyr/libzephyr.a(log_mgmt.c.obj)
                              (--whole-archive)
zephyr/libzephyr.a(log_cache.c.obj)
                              (--whole-archive)
zephyr/libzephyr.a(log_msg.c.obj)
                              (--whole-archive)
zephyr/libzephyr.a(log_output.c.obj)
                              (--whole-archive)
zephyr/libzephyr.a(log_backend_rtt.c.obj)
                              (--whole-archive)
zephyr/libzephyr.a(log_backend_uart.c.obj)
                              (--whole-archive)
zephyr/libzephyr.a(mem_attr.c.obj)
                              (--whole-archive)
zephyr/libzephyr.a(tracing_none.c.obj)
                              (--whole-archive)
zephyr/libzephyr.a(banner.c.obj)
                              (--whole-archive)
zephyr/libzephyr.a(flash_map_partition_manager.c.obj)
                              (--whole-archive)
zephyr/libzephyr.a(nrf_cc3xx_platform_abort_zephyr.c.obj)
                              (--whole-archive)
zephyr/libzephyr.a(nrf_cc3xx_platform_mutex_zephyr.c.obj)
                              (--whole-archive)
zephyr/arch/common/libarch__common.a(sw_isr_common.c.obj)
                              (--whole-archive)
zephyr/arch/arch/arm/core/libarch__arm__core.a(fatal.c.obj)
                              (--whole-archive)
zephyr/arch/arch/arm/core/libarch__arm__core.a(nmi.c.obj)
                              (--whole-archive)
zephyr/arch/arch/arm/core/libarch__arm__core.a(nmi_on_reset.S.obj)
                              (--whole-archive)
zephyr/arch/arch/arm/core/libarch__arm__core.a(tls.c.obj)
                              (--whole-archive)
zephyr/arch/arch/arm/core/cortex_m/libarch__arm__core__cortex_m.a(exc_exit.c.obj)
                              (--whole-archive)
zephyr/arch/arch/arm/core/cortex_m/libarch__arm__core__cortex_m.a(fault.c.obj)
                              (--whole-archive)
zephyr/arch/arch/arm/core/cortex_m/libarch__arm__core__cortex_m.a(fault_s.S.obj)
                              (--whole-archive)
zephyr/arch/arch/arm/core/cortex_m/libarch__arm__core__cortex_m.a(fpu.c.obj)
                              (--whole-archive)
zephyr/arch/arch/arm/core/cortex_m/libarch__arm__core__cortex_m.a(reset.S.obj)
                              (--whole-archive)
zephyr/arch/arch/arm/core/cortex_m/libarch__arm__core__cortex_m.a(scb.c.obj)
                              (--whole-archive)
zephyr/arch/arch/arm/core/cortex_m/libarch__arm__core__cortex_m.a(thread_abort.c.obj)
                              (--whole-archive)
zephyr/arch/arch/arm/core/cortex_m/libarch__arm__core__cortex_m.a(vector_table.S.obj)
                              (--whole-archive)
zephyr/arch/arch/arm/core/cortex_m/libarch__arm__core__cortex_m.a(swap_helper.S.obj)
                              (--whole-archive)
zephyr/arch/arch/arm/core/cortex_m/libarch__arm__core__cortex_m.a(irq_manage.c.obj)
                              (--whole-archive)
[...]
Memory Configuration

Name             Origin             Length             Attributes
FLASH            0x0000000000000000 0x0000000000100000 xr
RAM              0x0000000020000000 0x0000000000040000 xw
IDT_LIST         0x00000000ffff7fff 0x0000000000008000 xw
*default*        0x0000000000000000 0xffffffffffffffff

Linker script and memory map

                0x000000000000b9dc                vfprintf = __l_vfprintf
                0x0000000000000000                vfscanf = __l_vfscanf
LOAD zephyr/CMakeFiles/zephyr_final.dir/misc/empty_file.c.obj
LOAD zephyr/CMakeFiles/zephyr_final.dir/isr_tables.c.obj
LOAD zephyr/CMakeFiles/offsets.dir/./arch/arm/core/offsets/offsets.c.obj
LOAD app/libapp.a
LOAD zephyr/libzephyr.a
LOAD zephyr/arch/common/libarch__common.a
LOAD zephyr/arch/arch/arm/core/libarch__arm__core.a
LOAD zephyr/arch/arch/arm/core/cortex_m/libarch__arm__core__cortex_m.a
LOAD zephyr/arch/arch/arm/core/mpu/libarch__arm__core__mpu.a
LOAD zephyr/lib/libc/picolibc/liblib__libc__picolibc.a
LOAD zephyr/lib/libc/common/liblib__libc__common.a
LOAD zephyr/lib/net_buf/liblib__net_buf.a
LOAD zephyr/soc/soc/nrf52840/libsoc__nordic.a
LOAD zephyr/subsys/usb/device_next/libsubsys__usb__device_next.a
LOAD zephyr/drivers/usb/udc/libdrivers__usb__udc.a
LOAD zephyr/drivers/usb/common/nrf_usbd_common/libdrivers__usb__common__nrf_usbd_common.a
LOAD zephyr/drivers/clock_control/libdrivers__clock_control.a
LOAD zephyr/drivers/console/libdrivers__console.a
LOAD zephyr/drivers/gpio/libdrivers__gpio.a
LOAD zephyr/drivers/hwinfo/libdrivers__hwinfo.a
LOAD zephyr/drivers/pinctrl/libdrivers__pinctrl.a
LOAD zephyr/drivers/serial/libdrivers__serial.a
LOAD zephyr/drivers/timer/libdrivers__timer.a
LOAD modules/nrf/drivers/hw_cc3xx/lib..__nrf__drivers__hw_cc3xx.a
LOAD modules/hal_nordic/modules/hal_nordic/nrfx/libmodules__hal_nordic__nrfx.a
LOAD modules/segger/libmodules__segger.a
LOAD zephyr/kernel/libkernel.a
LOAD zephyr/arch/common/libisr_tables.a
LOAD C:/ncs/v3.0.2/nrfxlib/crypto/nrf_cc310_platform/lib/cortex-m4/soft-float/no-interrupts/libnrf_cc310_platform_0.9.19.a
LOAD c:\ncs\toolchains\0b393f9e1b\opt\zephyr-sdk\arm-zephyr-eabi\bin\../lib/gcc/../../picolibc/arm-zephyr-eabi/lib/thumb/v7e-m/nofp\libc.a
LOAD c:/ncs/toolchains/0b393f9e1b/opt/zephyr-sdk/arm-zephyr-eabi/bin/../lib/gcc/arm-zephyr-eabi/12.2.0/thumb/v7e-m/nofp\libgcc.a
                0x0000000000000020                _region_min_align = 0x20

.rel.plt        0x0000000000000000        0x0
 *(SORT_BY_ALIGNMENT(.rel.plt))
                [!provide]                        PROVIDE (__rel_iplt_start = .)
 *(SORT_BY_ALIGNMENT(.rel.iplt))
 .rel.iplt      0x0000000000000000        0x0 zephyr/CMakeFiles/zephyr_final.dir/isr_tables.c.obj
                [!provide]                        PROVIDE (__rel_iplt_end = .)

.rela.plt       0x0000000000000000        0x0
 *(SORT_BY_ALIGNMENT(.rela.plt))
                [!provide]                        PROVIDE (__rela_iplt_start = .)
 *(SORT_BY_ALIGNMENT(.rela.iplt))
                [!provide]                        PROVIDE (__rela_iplt_end = .)

.rel.dyn
 *(SORT_BY_ALIGNMENT(.rel.*))

.rela.dyn
 *(SORT_BY_ALIGNMENT(.rela.*))

/DISCARD/
 *(SORT_BY_ALIGNMENT(.plt))

/DISCARD/
 *(SORT_BY_ALIGNMENT(.iplt))
                0x0000000000000000                __rom_region_start = 0x0

rom_start       0x0000000000000000      0x100
                0x0000000000000000                __rom_start_address = .
 FILL mask 0x00
                0x0000000000000000                . = (. + (0x0 - (. - __rom_start_address)))
                0x0000000000000000                . = ALIGN (0x4)
                0x0000000000000000                . = ALIGN (0x80)
                0x0000000000000000                . = ALIGN (0x100)
                0x0000000000000000                _vector_start = .
 *(SORT_BY_ALIGNMENT(.exc_vector_table))
 *(SORT_BY_ALIGNMENT(.exc_vector_table.*))
 .exc_vector_table._vector_table_section
                0x0000000000000000       0x40 zephyr/arch/arch/arm/core/cortex_m/libarch__arm__core__cortex_m.a(vector_table.S.obj)
                0x0000000000000000                _vector_table
 *(SORT_BY_ALIGNMENT(.vectors))
                0x0000000000000100                _vector_end = .
                0x0000000000000040                . = ALIGN (0x4)
 *(SORT_BY_ALIGNMENT(.gnu.linkonce.irq_vector_table*))
 .gnu.linkonce.irq_vector_table
                0x0000000000000040       0xc0 zephyr/CMakeFiles/zephyr_final.dir/isr_tables.c.obj
                0x0000000000000040                _irq_vector_table
                0x0000000000000100                _vector_end = .

text            0x0000000000000100    0x11838
                0x0000000000000100                __text_region_start = .
 *(SORT_BY_ALIGNMENT(.text))
 .text          0x0000000000000100       0x30 c:/ncs/toolchains/0b393f9e1b/opt/zephyr-sdk/arm-zephyr-eabi/bin/../lib/gcc/arm-zephyr-eabi/12.2.0/thumb/v7e-m/nofp\libgcc.a(_aeabi_uldivmod.o)
                0x0000000000000100                __aeabi_uldivmod
 .text          0x0000000000000130        0x4 c:/ncs/toolchains/0b393f9e1b/opt/zephyr-sdk/arm-zephyr-eabi/bin/../lib/gcc/arm-zephyr-eabi/12.2.0/thumb/v7e-m/nofp\libgcc.a(_dvmd_tls.o)
                0x0000000000000130                __aeabi_idiv0
                0x0000000000000130                __aeabi_ldiv0
 .text          0x0000000000000134       0x14 c:\ncs\toolchains\0b393f9e1b\opt\zephyr-sdk\arm-zephyr-eabi\bin\../lib/gcc/../../picolibc/arm-zephyr-eabi/lib/thumb/v7e-m/nofp\libc.a(strcmp.S.o)
                0x0000000000000134                strcmp
 .text          0x0000000000000148       0x10 c:\ncs\toolchains\0b393f9e1b\opt\zephyr-sdk\arm-zephyr-eabi\bin\../lib/gcc/../../picolibc/arm-zephyr-eabi/lib/thumb/v7e-m/nofp\libc.a(strlen.S.o)
                0x0000000000000148                strlen
 .text          0x0000000000000158      0x2a0 c:/ncs/toolchains/0b393f9e1b/opt/zephyr-sdk/arm-zephyr-eabi/bin/../lib/gcc/arm-zephyr-eabi/12.2.0/thumb/v7e-m/nofp\libgcc.a(_udivmoddi4.o)
                0x0000000000000158                __udivmoddi4
 *(SORT_BY_ALIGNMENT(.text.*))
 .text.sys_err_hardfault_handler
                0x00000000000003f8       0xf8 app/libapp.a(sys_err.c.obj)
                0x00000000000003f8                sys_err_hardfault_handler
 .text.interrupt_handler
                0x00000000000004f0      0x124 app/libapp.a(hal_cdc_acm_uart.c.obj)
 .text.hal_uart_init
                0x0000000000000614       0x48 app/libapp.a(hal_cdc_acm_uart.c.obj)
                0x0000000000000614                hal_uart_init
 .text.hal_uart_set_irq
                0x000000000000065c       0x48 app/libapp.a(hal_cdc_acm_uart.c.obj)
                0x000000000000065c                hal_uart_set_irq
 .text.print_baudrate
                0x00000000000006a4       0x3c app/libapp.a(hal_usbd.c.obj)
 .text.sample_usbd_setup_device
                0x00000000000006e0      0x174 app/libapp.a(hal_usbd.c.obj)
 .text.sample_usbd_init_device
                0x0000000000000854       0x30 app/libapp.a(hal_usbd.c.obj)
 .text.enable_usb_device_next
                0x0000000000000884       0x64 app/libapp.a(hal_usbd.c.obj)
 .text.hal_usb_init_cb
                0x00000000000008e8      0x150 app/libapp.a(hal_usbd.c.obj)
 .text.sys_init
                0x0000000000000a38       0x2c app/libapp.a(main.c.obj)
                0x0000000000000a38                sys_init
 .text.main     0x0000000000000a64       0x64 app/libapp.a(main.c.obj)
                0x0000000000000a64                main
 .text.cbvprintf_package
                0x0000000000000ac8      0x4b4 zephyr/libzephyr.a(cbprintf_packaged.c.obj)
                0x0000000000000ac8                cbvprintf_package
 .text.cbprintf_package_convert
                0x0000000000000f7c      0x4c4 zephyr/libzephyr.a(cbprintf_packaged.c.obj)
                0x0000000000000f7c                cbprintf_package_convert
 .text.__printk_hook_install
                0x0000000000001440        0xc zephyr/libzephyr.a(printk.c.obj)
                0x0000000000001440                __printk_hook_install
 .text.z_thread_entry
                0x000000000000144c       0x34 zephyr/libzephyr.a(thread_entry.c.obj)
                0x000000000000144c                z_thread_entry
 .text.process_event
                0x0000000000001480      0x16c zephyr/libzephyr.a(onoff.c.obj)
 .text.msg_process
                0x00000000000015ec       0x3c zephyr/libzephyr.a(log_core.c.obj)
 .text.log_backend_notify_all
                0x0000000000001628       0x30 zephyr/libzephyr.a(log_core.c.obj)
 .text.activate_foreach_backend
                0x0000000000001658       0x64 zephyr/libzephyr.a(log_core.c.obj)
 .text.z_log_init
                0x00000000000016bc       0x98 zephyr/libzephyr.a(log_core.c.obj)
 .text.thread_set
                0x0000000000001754       0x28 zephyr/libzephyr.a(log_core.c.obj)
 .text.log_process_thread_timer_expiry_fn
                0x000000000000177c       0x10 zephyr/libzephyr.a(log_core.c.obj)
 .text.enable_logger
                0x000000000000178c       0x5c zephyr/libzephyr.a(log_core.c.obj)
 .text.log_format_func_t_get
                0x00000000000017e8        0xc zephyr/libzephyr.a(log_core.c.obj)
                0x00000000000017e8                log_format_func_t_get
 .text.log_set_timestamp_func
                0x00000000000017f4       0x24 zephyr/libzephyr.a(log_core.c.obj)
                0x00000000000017f4                log_set_timestamp_func
 .text.z_log_notify_backend_enabled
                0x0000000000001818       0x20 zephyr/libzephyr.a(log_core.c.obj)
                0x0000000000001818                z_log_notify_backend_enabled
 .text.z_log_dropped
                0x0000000000001838       0x54 zephyr/libzephyr.a(log_core.c.obj)
                0x0000000000001838                z_log_dropped
 .text.z_log_dropped_read_and_clear
                0x000000000000188c       0x20 zephyr/libzephyr.a(log_core.c.obj)
                0x000000000000188c                z_log_dropped_read_and_clear
 .text.dropped_notify
                0x00000000000018ac       0x38 zephyr/libzephyr.a(log_core.c.obj)
                0x00000000000018ac                dropped_notify
 .text.z_log_dropped_pending
                0x00000000000018e4       0x14 zephyr/libzephyr.a(log_core.c.obj)
                0x00000000000018e4                z_log_dropped_pending
 .text.z_log_msg_init
                0x00000000000018f8       0x20 zephyr/libzephyr.a(log_core.c.obj)
                0x00000000000018f8                z_log_msg_init
 .text.log_core_init
                0x0000000000001918       0x30 zephyr/libzephyr.a(log_core.c.obj)
                0x0000000000001918                log_core_init
 .text.z_log_msg_alloc
                0x0000000000001948       0x10 zephyr/libzephyr.a(log_core.c.obj)
                0x0000000000001948                z_log_msg_alloc
 .text.z_log_msg_local_claim
                0x0000000000001958       0x10 zephyr/libzephyr.a(log_core.c.obj)
                0x0000000000001958                z_log_msg_local_claim
 .text.z_log_msg_free
                0x0000000000001968       0x14 zephyr/libzephyr.a(log_core.c.obj)
                0x0000000000001968                z_log_msg_free
 .text.z_log_msg_pending
                0x000000000000197c       0x10 zephyr/libzephyr.a(log_core.c.obj)
                0x000000000000197c                z_log_msg_pending
 .text.z_impl_log_process
                0x000000000000198c       0xbc zephyr/libzephyr.a(log_core.c.obj)
                0x000000000000198c                z_impl_log_process
 .text.z_impl_log_panic
                0x0000000000001a48       0x4c zephyr/libzephyr.a(log_core.c.obj)
                0x0000000000001a48                z_impl_log_panic
 .text.z_log_msg_post_finalize
                0x0000000000001a94       0x84 zephyr/libzephyr.a(log_core.c.obj)
 .text.z_log_msg_commit
                0x0000000000001b18       0x20 zephyr/libzephyr.a(log_core.c.obj)
                0x0000000000001b18                z_log_msg_commit
 .text.log_process_thread_func
                0x0000000000001b38       0x78 zephyr/libzephyr.a(log_core.c.obj)
 .text.log_src_cnt_get
                0x0000000000001bb0       0x14 zephyr/libzephyr.a(log_mgmt.c.obj)
                0x0000000000001bb0                log_src_cnt_get
 .text.log_source_name_get
                0x0000000000001bc4       0x1c zephyr/libzephyr.a(log_mgmt.c.obj)
                0x0000000000001bc4                log_source_name_get
 .text.log_backend_enable
                0x0000000000001be0       0x2c zephyr/libzephyr.a(log_mgmt.c.obj)
                0x0000000000001be0                log_backend_enable
 .text.cbprintf_package_copy
                0x0000000000001c0c       0x30 zephyr/libzephyr.a(log_msg.c.obj)
 .text.z_impl_z_log_msg_static_create
                0x0000000000001c3c      0x158 zephyr/libzephyr.a(log_msg.c.obj)
                0x0000000000001c3c                z_impl_z_log_msg_static_create
 .text.z_log_msg_runtime_vcreate
                0x0000000000001d94       0xac zephyr/libzephyr.a(log_msg.c.obj)
                0x0000000000001d94                z_log_msg_runtime_vcreate
 .text.log_msg_get_source_id
                0x0000000000001e40       0x18 zephyr/libzephyr.a(log_msg.c.obj)
                0x0000000000001e40                log_msg_get_source_id
 .text.print_formatted
                0x0000000000001e58       0x24 zephyr/libzephyr.a(log_output.c.obj)
 .text.timestamp_print
                0x0000000000001e7c       0x8c zephyr/libzephyr.a(log_output.c.obj)
 .text.color_print
                0x0000000000001f08       0x2c zephyr/libzephyr.a(log_output.c.obj)
 .text.ids_print
                0x0000000000001f34       0x70 zephyr/libzephyr.a(log_output.c.obj)
 .text.prefix_print
                0x0000000000001fa4       0x88 zephyr/libzephyr.a(log_output.c.obj)
 .text.newline_print
                0x000000000000202c       0x28 zephyr/libzephyr.a(log_output.c.obj)
 .text.hexdump_line_print
                0x0000000000002054       0xc4 zephyr/libzephyr.a(log_output.c.obj)
 .text.log_output_process
                0x0000000000002118       0x88 zephyr/libzephyr.a(log_output.c.obj)
                0x0000000000002118                log_output_process
 .text.log_output_dropped_process
                0x00000000000021a0       0x84 zephyr/libzephyr.a(log_output.c.obj)
                0x00000000000021a0                log_output_dropped_process
 .text.log_output_timestamp_freq_set
                0x0000000000002224       0x2c zephyr/libzephyr.a(log_output.c.obj)
                0x0000000000002224                log_output_timestamp_freq_set
 .text.log_backend_rtt_init
                0x0000000000002250       0x1c zephyr/libzephyr.a(log_backend_rtt.c.obj)
 .text.panic    0x000000000000226c       0x18 zephyr/libzephyr.a(log_backend_rtt.c.obj)
 .text.format_set
                0x0000000000002284        0xc zephyr/libzephyr.a(log_backend_rtt.c.obj)
 .text.on_failed_write
                0x0000000000002290       0x2c zephyr/libzephyr.a(log_backend_rtt.c.obj)
 .text.on_write
                0x00000000000022bc       0x38 zephyr/libzephyr.a(log_backend_rtt.c.obj)
 .text.data_out_block_mode
                0x00000000000022f4       0x7c zephyr/libzephyr.a(log_backend_rtt.c.obj)
 .text.dropped  0x0000000000002370       0x10 zephyr/libzephyr.a(log_backend_rtt.c.obj)
 .text.process  0x0000000000002380       0x20 zephyr/libzephyr.a(log_backend_rtt.c.obj)
 .text.char_out
                0x00000000000023a0       0x24 zephyr/libzephyr.a(log_backend_uart.c.obj)
 .text.mem_attr_get_regions
                0x00000000000023c4        0xc zephyr/libzephyr.a(mem_attr.c.obj)
                0x00000000000023c4                mem_attr_get_regions
 .text.boot_banner
                0x00000000000023d0       0x18 zephyr/libzephyr.a(banner.c.obj)
                0x00000000000023d0                boot_banner
 .text.nrf_cc3xx_platform_abort_init
                0x00000000000023e8       0x10 zephyr/libzephyr.a(nrf_cc3xx_platform_abort_zephyr.c.obj)
                0x00000000000023e8                nrf_cc3xx_platform_abort_init
 .text.mutex_flags_unknown
                0x00000000000023f8       0x50 zephyr/libzephyr.a(nrf_cc3xx_platform_mutex_zephyr.c.obj)
 .text.mutex_unlock_platform
                0x0000000000002448       0x58 zephyr/libzephyr.a(nrf_cc3xx_platform_mutex_zephyr.c.obj)
 .text.mutex_lock_platform
                0x00000000000024a0       0x64 zephyr/libzephyr.a(nrf_cc3xx_platform_mutex_zephyr.c.obj)
 .text.mutex_free_platform
                0x0000000000002504       0x5c zephyr/libzephyr.a(nrf_cc3xx_platform_mutex_zephyr.c.obj)
 .text.mutex_init_platform
                0x0000000000002560       0x88 zephyr/libzephyr.a(nrf_cc3xx_platform_mutex_zephyr.c.obj)
 .text.nrf_cc3xx_platform_mutex_init
                0x00000000000025e8       0x28 zephyr/libzephyr.a(nrf_cc3xx_platform_mutex_zephyr.c.obj)
                0x00000000000025e8                nrf_cc3xx_platform_mutex_init
 .text.esf_dump
                0x0000000000002610      0x160 zephyr/arch/arch/arm/core/libarch__arm__core.a(fatal.c.obj)
 .text.z_arm_fatal_error
                0x0000000000002770       0x38 zephyr/arch/arch/arm/core/libarch__arm__core.a(fatal.c.obj)
                0x0000000000002770                z_arm_fatal_error
 .text.z_SysNmiOnReset
                0x00000000000027a8        0x8 zephyr/arch/arch/arm/core/libarch__arm__core.a(nmi_on_reset.S.obj)
                0x00000000000027a8                z_SysNmiOnReset
 .text.z_tls_copy
                0x00000000000027b0       0x28 zephyr/arch/arch/arm/core/libarch__arm__core.a(tls.c.obj)
 .text.arch_tls_stack_setup
                0x00000000000027d8       0x28 zephyr/arch/arch/arm/core/libarch__arm__core.a(tls.c.obj)
                0x00000000000027d8                arch_tls_stack_setup
 .text._HandlerModeExit
                0x0000000000002800       0x28 zephyr/arch/arch/arm/core/cortex_m/libarch__arm__core__cortex_m.a(exc_exit.c.obj)
                0x0000000000002800                z_arm_int_exit
                0x0000000000002800                z_arm_exc_exit
 .text.z_arm_is_synchronous_svc
                0x0000000000002828       0x3c zephyr/arch/arch/arm/core/cortex_m/libarch__arm__core__cortex_m.a(fault.c.obj)
 .text.get_esf  0x0000000000002864       0x48 zephyr/arch/arch/arm/core/cortex_m/libarch__arm__core__cortex_m.a(fault.c.obj)
 .text.usage_fault
                0x00000000000028ac       0xd4 zephyr/arch/arch/arm/core/cortex_m/libarch__arm__core__cortex_m.a(fault.c.obj)
 .text.debug_monitor
                0x0000000000002980       0x1c zephyr/arch/arch/arm/core/cortex_m/libarch__arm__core__cortex_m.a(fault.c.obj)
 .text.reserved_exception
                0x000000000000299c       0xd8 zephyr/arch/arch/arm/core/cortex_m/libarch__arm__core__cortex_m.a(fault.c.obj)
 .text.bus_fault
                0x0000000000002a74      0x110 zephyr/arch/arch/arm/core/cortex_m/libarch__arm__core__cortex_m.a(fault.c.obj)
 .text.mem_manage_fault
                0x0000000000002b84      0x148 zephyr/arch/arch/arm/core/cortex_m/libarch__arm__core__cortex_m.a(fault.c.obj)
 .text.hard_fault
                0x0000000000002ccc       0xd0 zephyr/arch/arch/arm/core/cortex_m/libarch__arm__core__cortex_m.a(fault.c.obj)
 .text.z_arm_fault
                0x0000000000002d9c       0x88 zephyr/arch/arch/arm/core/cortex_m/libarch__arm__core__cortex_m.a(fault.c.obj)
                0x0000000000002d9c                z_arm_fault
 .text.z_arm_fault_init
                0x0000000000002e24       0x18 zephyr/arch/arch/arm/core/cortex_m/libarch__arm__core__cortex_m.a(fault.c.obj)
                0x0000000000002e24                z_arm_fault_init
 .text.__fault  0x0000000000002e3c       0x14 zephyr/arch/arch/arm/core/cortex_m/libarch__arm__core__cortex_m.a(fault_s.S.obj)
                0x0000000000002e3c                z_arm_usage_fault
                0x0000000000002e3c                z_arm_mpu_fault
                0x0000000000002e3c                z_arm_exc_spurious
                0x0000000000002e3c                z_arm_debug_monitor
                0x0000000000002e3c                z_arm_hard_fault
                0x0000000000002e3c                z_arm_bus_fault
 .text._reset_section
                0x0000000000002e50       0x60 zephyr/arch/arch/arm/core/cortex_m/libarch__arm__core__cortex_m.a(reset.S.obj)
                0x0000000000002e50                __start
                0x0000000000002e50                z_arm_reset
 .text.z_arm_clear_arm_mpu_config
                0x0000000000002eb0       0x28 zephyr/arch/arch/arm/core/cortex_m/libarch__arm__core__cortex_m.a(scb.c.obj)
                0x0000000000002eb0                z_arm_clear_arm_mpu_config
 .text.z_arm_init_arch_hw_at_boot
                0x0000000000002ed8       0x54 zephyr/arch/arch/arm/core/cortex_m/libarch__arm__core__cortex_m.a(scb.c.obj)
                0x0000000000002ed8                z_arm_init_arch_hw_at_boot
 .text.z_impl_k_thread_abort
                0x0000000000002f2c       0x34 zephyr/arch/arch/arm/core/cortex_m/libarch__arm__core__cortex_m.a(thread_abort.c.obj)
                0x0000000000002f2c                z_impl_k_thread_abort
 .text.z_arm_pendsv
                0x0000000000002f60       0x68 zephyr/arch/arch/arm/core/cortex_m/libarch__arm__core__cortex_m.a(swap_helper.S.obj)
                0x0000000000002f60                z_arm_pendsv
 .text.z_arm_svc
                0x0000000000002fc8       0x24 zephyr/arch/arch/arm/core/cortex_m/libarch__arm__core__cortex_m.a(swap_helper.S.obj)
                0x0000000000002fc8                z_arm_svc
 .text.__NVIC_EnableIRQ
                0x0000000000002fec       0x1c zephyr/arch/arch/arm/core/cortex_m/libarch__arm__core__cortex_m.a(irq_manage.c.obj)
 .text.__NVIC_DisableIRQ
                0x0000000000003008       0x24 zephyr/arch/arch/arm/core/cortex_m/libarch__arm__core__cortex_m.a(irq_manage.c.obj)
 .text.__NVIC_SetPriority
                0x000000000000302c       0x28 zephyr/arch/arch/arm/core/cortex_m/libarch__arm__core__cortex_m.a(irq_manage.c.obj)
 .text.arch_irq_is_enabled
                0x0000000000003054       0x1c zephyr/arch/arch/arm/core/cortex_m/libarch__arm__core__cortex_m.a(irq_manage.c.obj)
                0x0000000000003054                arch_irq_is_enabled
 .text.z_prep_c
                0x0000000000003070       0x38 zephyr/arch/arch/arm/core/cortex_m/libarch__arm__core__cortex_m.a(prep_c.c.obj)
                0x0000000000003070                z_prep_c
 .text.arch_new_thread
                0x00000000000030a8       0x44 zephyr/arch/arch/arm/core/cortex_m/libarch__arm__core__cortex_m.a(thread.c.obj)
                0x00000000000030a8                arch_new_thread
 .text.z_check_thread_stack_fail
                0x00000000000030ec       0x48 zephyr/arch/arch/arm/core/cortex_m/libarch__arm__core__cortex_m.a(thread.c.obj)
                0x00000000000030ec                z_check_thread_stack_fail
 .text.arch_switch_to_main_thread
                0x0000000000003134       0x40 zephyr/arch/arch/arm/core/cortex_m/libarch__arm__core__cortex_m.a(thread.c.obj)
                0x0000000000003134                arch_switch_to_main_thread
 .text.z_arm_cpu_idle_init
                0x0000000000003174        0xc zephyr/arch/arch/arm/core/cortex_m/libarch__arm__core__cortex_m.a(cpu_idle.c.obj)
                0x0000000000003174                z_arm_cpu_idle_init
 .text.z_arm_interrupt_init
                0x0000000000003180       0x34 zephyr/arch/arch/arm/core/cortex_m/libarch__arm__core__cortex_m.a(irq_init.c.obj)
                0x0000000000003180                z_arm_interrupt_init
 .text._isr_wrapper
                0x00000000000031b4       0x20 zephyr/arch/arch/arm/core/cortex_m/libarch__arm__core__cortex_m.a(isr_wrapper.c.obj)
                0x00000000000031b4                _isr_wrapper
 .text.z_arm_configure_static_mpu_regions
                0x00000000000031d4       0x1c zephyr/arch/arch/arm/core/mpu/libarch__arm__core__mpu.a(arm_core_mpu.c.obj)
                0x00000000000031d4                z_arm_configure_static_mpu_regions
 .text.z_arm_configure_dynamic_mpu_regions
                0x00000000000031f0       0x24 zephyr/arch/arch/arm/core/mpu/libarch__arm__core__mpu.a(arm_core_mpu.c.obj)
                0x00000000000031f0                z_arm_configure_dynamic_mpu_regions
 .text.region_init
                0x0000000000003214       0x28 zephyr/arch/arch/arm/core/mpu/libarch__arm__core__mpu.a(arm_mpu.c.obj)
 .text.region_allocate_and_init
                0x000000000000323c       0x3c zephyr/arch/arch/arm/core/mpu/libarch__arm__core__mpu.a(arm_mpu.c.obj)
 .text.mpu_configure_regions
                0x0000000000003278       0x64 zephyr/arch/arch/arm/core/mpu/libarch__arm__core__mpu.a(arm_mpu.c.obj)
 .text.mpu_configure_static_mpu_regions
                0x00000000000032dc       0x14 zephyr/arch/arch/arm/core/mpu/libarch__arm__core__mpu.a(arm_mpu.c.obj)
 .text.mpu_configure_dynamic_mpu_regions
                0x00000000000032f0       0x3c zephyr/arch/arch/arm/core/mpu/libarch__arm__core__mpu.a(arm_mpu.c.obj)
 .text.arm_core_mpu_enable
                0x000000000000332c       0x18 zephyr/arch/arch/arm/core/mpu/libarch__arm__core__mpu.a(arm_mpu.c.obj)
                0x000000000000332c                arm_core_mpu_enable
 .text.arm_core_mpu_disable
                0x0000000000003344       0x14 zephyr/arch/arch/arm/core/mpu/libarch__arm__core__mpu.a(arm_mpu.c.obj)
                0x0000000000003344                arm_core_mpu_disable
 .text.z_arm_mpu_init
                0x0000000000003358       0x80 zephyr/arch/arch/arm/core/mpu/libarch__arm__core__mpu.a(arm_mpu.c.obj)
                0x0000000000003358                z_arm_mpu_init
 .text.cbvprintf
                0x00000000000033d8       0x34 zephyr/lib/libc/picolibc/liblib__libc__picolibc.a(cbprintf.c.obj)
                0x00000000000033d8                cbvprintf
 .text.z_impl_zephyr_fputc
                0x000000000000340c       0x10 zephyr/lib/libc/picolibc/liblib__libc__picolibc.a(stdio.c.obj)
                0x000000000000340c                z_impl_zephyr_fputc
 .text.__stdout_hook_install
                0x000000000000341c       0x18 zephyr/lib/libc/picolibc/liblib__libc__picolibc.a(stdio.c.obj)
                0x000000000000341c                __stdout_hook_install
 .text.malloc_prepare
                0x0000000000003434       0x24 zephyr/lib/libc/common/liblib__libc__common.a(malloc.c.obj)
 .text.pool_id  0x0000000000003458       0x18 zephyr/lib/net_buf/liblib__net_buf.a(buf.c.obj)
 .text.net_buf_pool_get
                0x0000000000003470       0x10 zephyr/lib/net_buf/liblib__net_buf.a(buf.c.obj)
                0x0000000000003470                net_buf_pool_get
 .text.nordicsemi_nrf52_init
                0x0000000000003480       0x34 zephyr/soc/soc/nrf52840/libsoc__nordic.a(soc.c.obj)
 .text.arch_busy_wait
                0x00000000000034b4       0x18 zephyr/soc/soc/nrf52840/libsoc__nordic.a(soc.c.obj)
                0x00000000000034b4                arch_busy_wait
 .text.usbd_init
                0x00000000000034cc       0x88 zephyr/subsys/usb/device_next/libsubsys__usb__device_next.a(usbd_device.c.obj)
                0x00000000000034cc                usbd_init
 .text.usbd_enable
                0x0000000000003554       0x8c zephyr/subsys/usb/device_next/libsubsys__usb__device_next.a(usbd_device.c.obj)
                0x0000000000003554                usbd_enable
 .text.usbd_disable
                0x00000000000035e0       0x74 zephyr/subsys/usb/device_next/libsubsys__usb__device_next.a(usbd_device.c.obj)
                0x00000000000035e0                usbd_disable
 .text.usbd_class_control_to_host
                0x0000000000003654       0x20 zephyr/subsys/usb/device_next/libsubsys__usb__device_next.a(usbd_ch9.c.obj)
 .text.usbd_class_control_to_dev
                0x0000000000003674       0x20 zephyr/subsys/usb/device_next/libsubsys__usb__device_next.a(usbd_ch9.c.obj)
 .text.sreq_set_address
                0x0000000000003694       0xb0 zephyr/subsys/usb/device_next/libsubsys__usb__device_next.a(usbd_ch9.c.obj)
 .text.set_feature_test_mode
                0x0000000000003744       0x4c zephyr/subsys/usb/device_next/libsubsys__usb__device_next.a(usbd_ch9.c.obj)
 .text.post_status_stage
                0x0000000000003790       0x74 zephyr/subsys/usb/device_next/libsubsys__usb__device_next.a(usbd_ch9.c.obj)
 .text.sreq_set_configuration
                0x0000000000003804       0xd0 zephyr/subsys/usb/device_next/libsubsys__usb__device_next.a(usbd_ch9.c.obj)
 .text.sreq_set_interface
                0x00000000000038d4       0x88 zephyr/subsys/usb/device_next/libsubsys__usb__device_next.a(usbd_ch9.c.obj)
 .text.sreq_clear_feature
                0x000000000000395c       0xbc zephyr/subsys/usb/device_next/libsubsys__usb__device_next.a(usbd_ch9.c.obj)
 .text.sreq_set_feature
                0x0000000000003a18       0xbc zephyr/subsys/usb/device_next/libsubsys__usb__device_next.a(usbd_ch9.c.obj)
 .text.std_request_to_device
                0x0000000000003ad4       0x50 zephyr/subsys/usb/device_next/libsubsys__usb__device_next.a(usbd_ch9.c.obj)
 .text.sreq_get_status
                0x0000000000003b24       0xb0 zephyr/subsys/usb/device_next/libsubsys__usb__device_next.a(usbd_ch9.c.obj)
 .text.sreq_get_desc_dev
                0x0000000000003bd4       0x58 zephyr/subsys/usb/device_next/libsubsys__usb__device_next.a(usbd_ch9.c.obj)
 .text.sreq_get_desc_bos
                0x0000000000003c2c       0xdc zephyr/subsys/usb/device_next/libsubsys__usb__device_next.a(usbd_ch9.c.obj)
 .text.sreq_get_dev_qualifier
                0x0000000000003d08       0x98 zephyr/subsys/usb/device_next/libsubsys__usb__device_next.a(usbd_ch9.c.obj)
 .text.sreq_get_desc_cfg
                0x0000000000003da0      0x11c zephyr/subsys/usb/device_next/libsubsys__usb__device_next.a(usbd_ch9.c.obj)
 .text.sreq_get_configuration
                0x0000000000003ebc       0x60 zephyr/subsys/usb/device_next/libsubsys__usb__device_next.a(usbd_ch9.c.obj)
 .text.sreq_get_interface
                0x0000000000003f1c       0xac zephyr/subsys/usb/device_next/libsubsys__usb__device_next.a(usbd_ch9.c.obj)
 .text.vendor_device_request
                0x0000000000003fc8       0x78 zephyr/subsys/usb/device_next/libsubsys__usb__device_next.a(usbd_ch9.c.obj)
 .text.get_sn_from_hwid
                0x0000000000004040       0x64 zephyr/subsys/usb/device_next/libsubsys__usb__device_next.a(usbd_ch9.c.obj)
 .text.string_ascii7_to_utf16le
                0x00000000000040a4       0xb4 zephyr/subsys/usb/device_next/libsubsys__usb__device_next.a(usbd_ch9.c.obj)
 .text.sreq_get_desc_str
                0x0000000000004158       0x7c zephyr/subsys/usb/device_next/libsubsys__usb__device_next.a(usbd_ch9.c.obj)
 .text.sreq_get_descriptor
                0x00000000000041d4       0x70 zephyr/subsys/usb/device_next/libsubsys__usb__device_next.a(usbd_ch9.c.obj)
 .text.std_request_to_host
                0x0000000000004244       0x48 zephyr/subsys/usb/device_next/libsubsys__usb__device_next.a(usbd_ch9.c.obj)
 .text.handle_setup_request
                0x000000000000428c       0x68 zephyr/subsys/usb/device_next/libsubsys__usb__device_next.a(usbd_ch9.c.obj)
 .text.ctrl_xfer_get_setup
                0x00000000000042f4      0x1fc zephyr/subsys/usb/device_next/libsubsys__usb__device_next.a(usbd_ch9.c.obj)
 .text.usbd_handle_ctrl_xfer
                0x00000000000044f0      0x1d4 zephyr/subsys/usb/device_next/libsubsys__usb__device_next.a(usbd_ch9.c.obj)
                0x00000000000044f0                usbd_handle_ctrl_xfer
 .text.usbd_event_carrier
                0x00000000000046c4       0x14 zephyr/subsys/usb/device_next/libsubsys__usb__device_next.a(usbd_core.c.obj)
 .text.usbd_class_bcast_event
                0x00000000000046d8       0x7c zephyr/subsys/usb/device_next/libsubsys__usb__device_next.a(usbd_core.c.obj)
 .text.event_handler_bus_reset
                0x0000000000004754       0xa4 zephyr/subsys/usb/device_next/libsubsys__usb__device_next.a(usbd_core.c.obj)
 .text.event_handler_ep_request
                0x00000000000047f8       0xcc zephyr/subsys/usb/device_next/libsubsys__usb__device_next.a(usbd_core.c.obj)
 .text.usbd_thread
                0x00000000000048c4      0x100 zephyr/subsys/usb/device_next/libsubsys__usb__device_next.a(usbd_core.c.obj)
 .text.usbd_pre_init
                0x00000000000049c4       0xac zephyr/subsys/usb/device_next/libsubsys__usb__device_next.a(usbd_core.c.obj)
 .text.usbd_device_init_core
                0x0000000000004a70       0x48 zephyr/subsys/usb/device_next/libsubsys__usb__device_next.a(usbd_core.c.obj)
                0x0000000000004a70                usbd_device_init_core
 .text.unassign_eps
                0x0000000000004ab8       0xbc zephyr/subsys/usb/device_next/libsubsys__usb__device_next.a(usbd_init.c.obj)
 .text.init_configuration
                0x0000000000004b74       0xd4 zephyr/subsys/usb/device_next/libsubsys__usb__device_next.a(usbd_init.c.obj)
 .text.usbd_init_configurations
                0x0000000000004c48       0x80 zephyr/subsys/usb/device_next/libsubsys__usb__device_next.a(usbd_init.c.obj)
                0x0000000000004c48                usbd_init_configurations
 .text.usbd_config_set
                0x0000000000004cc8       0x74 zephyr/subsys/usb/device_next/libsubsys__usb__device_next.a(usbd_config.c.obj)
                0x0000000000004cc8                usbd_config_set
 .text.usbd_add_configuration
                0x0000000000004d3c      0x17c zephyr/subsys/usb/device_next/libsubsys__usb__device_next.a(usbd_config.c.obj)
                0x0000000000004d3c                usbd_add_configuration
 .text.usbd_class_node_get
                0x0000000000004eb8      0x108 zephyr/subsys/usb/device_next/libsubsys__usb__device_next.a(usbd_class.c.obj)
 .text.usbd_class_get_by_ep
                0x0000000000004fc0       0x64 zephyr/subsys/usb/device_next/libsubsys__usb__device_next.a(usbd_class.c.obj)
                0x0000000000004fc0                usbd_class_get_by_ep
 .text.usbd_register_class
                0x0000000000005024       0xc4 zephyr/subsys/usb/device_next/libsubsys__usb__device_next.a(usbd_class.c.obj)
                0x0000000000005024                usbd_register_class
 .text.usbd_register_all_classes
                0x00000000000050e8      0x1ec zephyr/subsys/usb/device_next/libsubsys__usb__device_next.a(usbd_class.c.obj)
                0x00000000000050e8                usbd_register_all_classes
 .text.handle_ep_op
                0x00000000000052d4       0xe8 zephyr/subsys/usb/device_next/libsubsys__usb__device_next.a(usbd_interface.c.obj)
 .text.usbd_ep_ctrl_enqueue
                0x00000000000053bc       0x4c zephyr/subsys/usb/device_next/libsubsys__usb__device_next.a(usbd_endpoint.c.obj)
                0x00000000000053bc                usbd_ep_ctrl_enqueue
 .text.usbd_ep_set_halt
                0x0000000000005408       0x34 zephyr/subsys/usb/device_next/libsubsys__usb__device_next.a(usbd_endpoint.c.obj)
                0x0000000000005408                usbd_ep_set_halt
 .text.usbd_ep_clear_halt
                0x000000000000543c       0x34 zephyr/subsys/usb/device_next/libsubsys__usb__device_next.a(usbd_endpoint.c.obj)
                0x000000000000543c                usbd_ep_clear_halt
 .text.usbd_msg_pub
                0x0000000000005470       0x74 zephyr/subsys/usb/device_next/libsubsys__usb__device_next.a(usbd_msg.c.obj)
 .text.msg_work_handler
                0x00000000000054e4       0x90 zephyr/subsys/usb/device_next/libsubsys__usb__device_next.a(usbd_msg.c.obj)
 .text.cdc_acm_irq_tx_ready
                0x0000000000005574       0x38 zephyr/subsys/usb/device_next/libsubsys__usb__device_next.a(usbd_cdc_acm.c.obj)
 .text.cdc_acm_irq_rx_ready
                0x00000000000055ac       0x30 zephyr/subsys/usb/device_next/libsubsys__usb__device_next.a(usbd_cdc_acm.c.obj)
 .text.cdc_acm_irq_is_pending
                0x00000000000055dc       0x38 zephyr/subsys/usb/device_next/libsubsys__usb__device_next.a(usbd_cdc_acm.c.obj)
 .text.cdc_acm_irq_update
                0x0000000000005614       0x70 zephyr/subsys/usb/device_next/libsubsys__usb__device_next.a(usbd_cdc_acm.c.obj)
 .text.usbd_cdc_acm_cth
                0x0000000000005684       0x48 zephyr/subsys/usb/device_next/libsubsys__usb__device_next.a(usbd_cdc_acm.c.obj)
 .text.cdc_acm_irq_rx_enable
                0x00000000000056cc       0x54 zephyr/subsys/usb/device_next/libsubsys__usb__device_next.a(usbd_cdc_acm.c.obj)
 .text.cdc_acm_irq_tx_enable
                0x0000000000005720       0x40 zephyr/subsys/usb/device_next/libsubsys__usb__device_next.a(usbd_cdc_acm.c.obj)
 .text.cdc_acm_fifo_read
                0x0000000000005760       0x34 zephyr/subsys/usb/device_next/libsubsys__usb__device_next.a(usbd_cdc_acm.c.obj)
 .text.cdc_acm_poll_in
                0x0000000000005794       0x34 zephyr/subsys/usb/device_next/libsubsys__usb__device_next.a(usbd_cdc_acm.c.obj)
 .text.cdc_acm_fifo_fill
                0x00000000000057c8       0x48 zephyr/subsys/usb/device_next/libsubsys__usb__device_next.a(usbd_cdc_acm.c.obj)
 .text.usbd_cdc_acm_enable
                0x0000000000005810       0x6c zephyr/subsys/usb/device_next/libsubsys__usb__device_next.a(usbd_cdc_acm.c.obj)
 .text.cdc_acm_poll_out
                0x000000000000587c       0x70 zephyr/subsys/usb/device_next/libsubsys__usb__device_next.a(usbd_cdc_acm.c.obj)
 .text.usbd_cdc_acm_request
                0x00000000000058ec      0x154 zephyr/subsys/usb/device_next/libsubsys__usb__device_next.a(usbd_cdc_acm.c.obj)
 .text.usbd_cdc_acm_ctd
                0x0000000000005a40       0x6c zephyr/subsys/usb/device_next/libsubsys__usb__device_next.a(usbd_cdc_acm.c.obj)
 .text.usbd_cdc_acm_preinit
                0x0000000000005aac       0x50 zephyr/subsys/usb/device_next/libsubsys__usb__device_next.a(usbd_cdc_acm.c.obj)
 .text.cdc_acm_irq_cb_handler
                0x0000000000005afc       0xcc zephyr/subsys/usb/device_next/libsubsys__usb__device_next.a(usbd_cdc_acm.c.obj)
 .text.usbd_cdc_acm_init_wq
                0x0000000000005bc8       0x3c zephyr/subsys/usb/device_next/libsubsys__usb__device_next.a(usbd_cdc_acm.c.obj)
 .text.cdc_acm_buf_alloc
                0x0000000000005c04       0x18 zephyr/subsys/usb/device_next/libsubsys__usb__device_next.a(usbd_cdc_acm.c.obj)
                0x0000000000005c04                cdc_acm_buf_alloc
 .text.cdc_acm_rx_fifo_handler
                0x0000000000005c1c       0x9c zephyr/subsys/usb/device_next/libsubsys__usb__device_next.a(usbd_cdc_acm.c.obj)
 .text.cdc_acm_tx_fifo_handler
                0x0000000000005cb8       0xc4 zephyr/subsys/usb/device_next/libsubsys__usb__device_next.a(usbd_cdc_acm.c.obj)
 .text.udc_set_suspended
                0x0000000000005d7c       0x34 zephyr/drivers/usb/udc/libdrivers__usb__udc.a(udc_common.c.obj)
                0x0000000000005d7c                udc_set_suspended
 .text.udc_ep_enable_internal
                0x0000000000005db0       0xb0 zephyr/drivers/usb/udc/libdrivers__usb__udc.a(udc_common.c.obj)
                0x0000000000005db0                udc_ep_enable_internal
 .text.udc_ep_disable_internal
                0x0000000000005e60       0x54 zephyr/drivers/usb/udc/libdrivers__usb__udc.a(udc_common.c.obj)
                0x0000000000005e60                udc_ep_disable_internal
 .text.udc_ep_buf_alloc
                0x0000000000005eb4       0x48 zephyr/drivers/usb/udc/libdrivers__usb__udc.a(udc_common.c.obj)
                0x0000000000005eb4                udc_ep_buf_alloc
 .text.udc_ctrl_update_stage
                0x0000000000005efc       0xd0 zephyr/drivers/usb/udc/libdrivers__usb__udc.a(udc_common.c.obj)
                0x0000000000005efc                udc_ctrl_update_stage
 .text.udc_nrf_init
                0x0000000000005fcc       0x38 zephyr/drivers/usb/udc/libdrivers__usb__udc.a(udc_nrf.c.obj)
 .text.udc_nrf_disable
                0x0000000000006004       0x78 zephyr/drivers/usb/udc/libdrivers__usb__udc.a(udc_nrf.c.obj)
 .text.udc_nrf_enable
                0x000000000000607c       0xd0 zephyr/drivers/usb/udc/libdrivers__usb__udc.a(udc_nrf.c.obj)
 .text.udc_sof_check_iso_out
                0x000000000000614c       0x40 zephyr/drivers/usb/udc/libdrivers__usb__udc.a(udc_nrf.c.obj)
 .text.usbd_event_handler
                0x000000000000618c       0x5c zephyr/drivers/usb/udc/libdrivers__usb__udc.a(udc_nrf.c.obj)
 .text.udc_nrf_set_address
                0x00000000000061e8       0x40 zephyr/drivers/usb/udc/libdrivers__usb__udc.a(udc_nrf.c.obj)
 .text.udc_nrf_fake_status_in
                0x0000000000006228       0x44 zephyr/drivers/usb/udc/libdrivers__usb__udc.a(udc_nrf.c.obj)
 .text.udc_nrf_ep_enqueue
                0x000000000000626c       0x54 zephyr/drivers/usb/udc/libdrivers__usb__udc.a(udc_nrf.c.obj)
 .text.udc_nrf_power_handler
                0x00000000000062c0       0x4c zephyr/drivers/usb/udc/libdrivers__usb__udc.a(udc_nrf.c.obj)
 .text.udc_event_xfer_ctrl_in
                0x000000000000630c       0x48 zephyr/drivers/usb/udc/libdrivers__usb__udc.a(udc_nrf.c.obj)
 .text.udc_event_xfer_in
                0x0000000000006354       0xac zephyr/drivers/usb/udc/libdrivers__usb__udc.a(udc_nrf.c.obj)
 .text.udc_event_xfer_out
                0x0000000000006400       0x9c zephyr/drivers/usb/udc/libdrivers__usb__udc.a(udc_nrf.c.obj)
 .text.udc_nrf_clear_control_out
                0x000000000000649c       0x20 zephyr/drivers/usb/udc/libdrivers__usb__udc.a(udc_nrf.c.obj)
 .text.udc_event_xfer_setup
                0x00000000000064bc      0x104 zephyr/drivers/usb/udc/libdrivers__usb__udc.a(udc_nrf.c.obj)
 .text.udc_event_xfer_in_next
                0x00000000000065c0       0x74 zephyr/drivers/usb/udc/libdrivers__usb__udc.a(udc_nrf.c.obj)
 .text.udc_event_xfer_out_next
                0x0000000000006634       0x70 zephyr/drivers/usb/udc/libdrivers__usb__udc.a(udc_nrf.c.obj)
 .text.udc_nrf_thread
                0x00000000000066a4       0xec zephyr/drivers/usb/udc/libdrivers__usb__udc.a(udc_nrf.c.obj)
 .text.udc_nrf_driver_init
                0x0000000000006790      0x1a0 zephyr/drivers/usb/udc/libdrivers__usb__udc.a(udc_nrf.c.obj)
 .text.usbd_ep_to_endevent
                0x0000000000006930       0x3c zephyr/drivers/usb/common/nrf_usbd_common/libdrivers__usb__common__nrf_usbd_common.a(nrf_usbd_common.c.obj)
 .text.usbd_ep_amount_get
                0x000000000000696c       0x50 zephyr/drivers/usb/common/nrf_usbd_common/libdrivers__usb__common__nrf_usbd_common.a(nrf_usbd_common.c.obj)
 .text.usbd_ep_dma_start
                0x00000000000069bc       0x7c zephyr/drivers/usb/common/nrf_usbd_common/libdrivers__usb__common__nrf_usbd_common.a(nrf_usbd_common.c.obj)
 .text.usbd_dma_pending_set
                0x0000000000006a38       0x18 zephyr/drivers/usb/common/nrf_usbd_common/libdrivers__usb__common__nrf_usbd_common.a(nrf_usbd_common.c.obj)
 .text.usbd_dma_pending_clear
                0x0000000000006a50       0x18 zephyr/drivers/usb/common/nrf_usbd_common/libdrivers__usb__common__nrf_usbd_common.a(nrf_usbd_common.c.obj)
 .text.ev_usbreset_handler
                0x0000000000006a68       0x30 zephyr/drivers/usb/common/nrf_usbd_common/libdrivers__usb__common__nrf_usbd_common.a(nrf_usbd_common.c.obj)
 .text.ev_sof_handler
                0x0000000000006a98       0x48 zephyr/drivers/usb/common/nrf_usbd_common/libdrivers__usb__common__nrf_usbd_common.a(nrf_usbd_common.c.obj)
 .text.usbd_ep_data_handler
                0x0000000000006ae0       0x6c zephyr/drivers/usb/common/nrf_usbd_common/libdrivers__usb__common__nrf_usbd_common.a(nrf_usbd_common.c.obj)
 .text.ev_setup_handler
                0x0000000000006b4c       0x60 zephyr/drivers/usb/common/nrf_usbd_common/libdrivers__usb__common__nrf_usbd_common.a(nrf_usbd_common.c.obj)
 .text.ev_usbevent_handler
                0x0000000000006bac       0x84 zephyr/drivers/usb/common/nrf_usbd_common/libdrivers__usb__common__nrf_usbd_common.a(nrf_usbd_common.c.obj)
 .text.usbd_errata_171_begin
                0x0000000000006c30       0x44 zephyr/drivers/usb/common/nrf_usbd_common/libdrivers__usb__common__nrf_usbd_common.a(nrf_usbd_common.c.obj)
 .text.usbd_errata_171_end
                0x0000000000006c74       0x44 zephyr/drivers/usb/common/nrf_usbd_common/libdrivers__usb__common__nrf_usbd_common.a(nrf_usbd_common.c.obj)
 .text.usbd_errata_187_211_begin
                0x0000000000006cb8       0x44 zephyr/drivers/usb/common/nrf_usbd_common/libdrivers__usb__common__nrf_usbd_common.a(nrf_usbd_common.c.obj)
 .text.usbd_errata_187_211_end
                0x0000000000006cfc       0x44 zephyr/drivers/usb/common/nrf_usbd_common/libdrivers__usb__common__nrf_usbd_common.a(nrf_usbd_common.c.obj)
 .text.usbd_enable
                0x0000000000006d40       0x58 zephyr/drivers/usb/common/nrf_usbd_common/libdrivers__usb__common__nrf_usbd_common.a(nrf_usbd_common.c.obj)
 .text.nrf_usbd_common_feeder
                0x0000000000006d98       0x58 zephyr/drivers/usb/common/nrf_usbd_common/libdrivers__usb__common__nrf_usbd_common.a(nrf_usbd_common.c.obj)
 .text.nrf_usbd_common_uninit
                0x0000000000006df0       0x14 zephyr/drivers/usb/common/nrf_usbd_common/libdrivers__usb__common__nrf_usbd_common.a(nrf_usbd_common.c.obj)
                0x0000000000006df0                nrf_usbd_common_uninit
 .text.nrf_usbd_common_enable
                0x0000000000006e04       0xb0 zephyr/drivers/usb/common/nrf_usbd_common/libdrivers__usb__common__nrf_usbd_common.a(nrf_usbd_common.c.obj)
                0x0000000000006e04                nrf_usbd_common_enable
 .text.nrf_usbd_common_start
                0x0000000000006eb4       0x34 zephyr/drivers/usb/common/nrf_usbd_common/libdrivers__usb__common__nrf_usbd_common.a(nrf_usbd_common.c.obj)
                0x0000000000006eb4                nrf_usbd_common_start
 .text.nrf_usbd_common_suspend
                0x0000000000006ee8       0x74 zephyr/drivers/usb/common/nrf_usbd_common/libdrivers__usb__common__nrf_usbd_common.a(nrf_usbd_common.c.obj)
                0x0000000000006ee8                nrf_usbd_common_suspend
 .text.nrf_usbd_common_suspend_check
                0x0000000000006f5c       0x14 zephyr/drivers/usb/common/nrf_usbd_common/libdrivers__usb__common__nrf_usbd_common.a(nrf_usbd_common.c.obj)
                0x0000000000006f5c                nrf_usbd_common_suspend_check
 .text.nrf_usbd_common_wakeup_req
                0x0000000000006f70       0x7c zephyr/drivers/usb/common/nrf_usbd_common/libdrivers__usb__common__nrf_usbd_common.a(nrf_usbd_common.c.obj)
                0x0000000000006f70                nrf_usbd_common_wakeup_req
 .text.nrf_usbd_common_ep_max_packet_size_set
                0x0000000000006fec       0x24 zephyr/drivers/usb/common/nrf_usbd_common/libdrivers__usb__common__nrf_usbd_common.a(nrf_usbd_common.c.obj)
                0x0000000000006fec                nrf_usbd_common_ep_max_packet_size_set
 .text.nrf_usbd_common_init
                0x0000000000007010       0xb4 zephyr/drivers/usb/common/nrf_usbd_common/libdrivers__usb__common__nrf_usbd_common.a(nrf_usbd_common.c.obj)
                0x0000000000007010                nrf_usbd_common_init
 .text.nrf_usbd_common_ep_enable_check
                0x00000000000070c4       0x2c zephyr/drivers/usb/common/nrf_usbd_common/libdrivers__usb__common__nrf_usbd_common.a(nrf_usbd_common.c.obj)
                0x00000000000070c4                nrf_usbd_common_ep_enable_check
 .text.nrf_usbd_common_ep_transfer
                0x00000000000070f0       0xb4 zephyr/drivers/usb/common/nrf_usbd_common/libdrivers__usb__common__nrf_usbd_common.a(nrf_usbd_common.c.obj)
                0x00000000000070f0                nrf_usbd_common_ep_transfer
 .text.nrf_usbd_common_ep_status_get
                0x00000000000071a4       0x48 zephyr/drivers/usb/common/nrf_usbd_common/libdrivers__usb__common__nrf_usbd_common.a(nrf_usbd_common.c.obj)
                0x00000000000071a4                nrf_usbd_common_ep_status_get
 .text.nrf_usbd_common_epout_size_get
                0x00000000000071ec       0x2c zephyr/drivers/usb/common/nrf_usbd_common/libdrivers__usb__common__nrf_usbd_common.a(nrf_usbd_common.c.obj)
                0x00000000000071ec                nrf_usbd_common_epout_size_get
 .text.usbd_dmareq_process
                0x0000000000007218      0x12c zephyr/drivers/usb/common/nrf_usbd_common/libdrivers__usb__common__nrf_usbd_common.a(nrf_usbd_common.c.obj)
 .text.nrf_usbd_common_ep_is_busy
                0x0000000000007344       0x38 zephyr/drivers/usb/common/nrf_usbd_common/libdrivers__usb__common__nrf_usbd_common.a(nrf_usbd_common.c.obj)
                0x0000000000007344                nrf_usbd_common_ep_is_busy
 .text.nrf_usbd_common_ep_stall
                0x000000000000737c       0x10 zephyr/drivers/usb/common/nrf_usbd_common/libdrivers__usb__common__nrf_usbd_common.a(nrf_usbd_common.c.obj)
                0x000000000000737c                nrf_usbd_common_ep_stall
 .text.nrf_usbd_common_ep_stall_check
                0x000000000000738c       0x44 zephyr/drivers/usb/common/nrf_usbd_common/libdrivers__usb__common__nrf_usbd_common.a(nrf_usbd_common.c.obj)
                0x000000000000738c                nrf_usbd_common_ep_stall_check
 .text.nrf_usbd_common_ep_dtoggle_clear
                0x00000000000073d0       0x14 zephyr/drivers/usb/common/nrf_usbd_common/libdrivers__usb__common__nrf_usbd_common.a(nrf_usbd_common.c.obj)
                0x00000000000073d0                nrf_usbd_common_ep_dtoggle_clear
 .text.nrf_usbd_common_setup_get
                0x00000000000073e4       0x4c zephyr/drivers/usb/common/nrf_usbd_common/libdrivers__usb__common__nrf_usbd_common.a(nrf_usbd_common.c.obj)
                0x00000000000073e4                nrf_usbd_common_setup_get
 .text.nrf_usbd_common_setup_data_clear
                0x0000000000007430        0xc zephyr/drivers/usb/common/nrf_usbd_common/libdrivers__usb__common__nrf_usbd_common.a(nrf_usbd_common.c.obj)
                0x0000000000007430                nrf_usbd_common_setup_data_clear
 .text.nrf_usbd_dma_finished
                0x000000000000743c       0xbc zephyr/drivers/usb/common/nrf_usbd_common/libdrivers__usb__common__nrf_usbd_common.a(nrf_usbd_common.c.obj)
 .text.nrf_usbd_common_irq_handler
                0x00000000000074f8       0xf4 zephyr/drivers/usb/common/nrf_usbd_common/libdrivers__usb__common__nrf_usbd_common.a(nrf_usbd_common.c.obj)
                0x00000000000074f8                nrf_usbd_common_irq_handler
 .text.nrf_usbd_common_setup_clear
                0x00000000000075ec        0xc zephyr/drivers/usb/common/nrf_usbd_common/libdrivers__usb__common__nrf_usbd_common.a(nrf_usbd_common.c.obj)
                0x00000000000075ec                nrf_usbd_common_setup_clear
 .text.nrf_usbd_common_setup_stall
                0x00000000000075f8        0xc zephyr/drivers/usb/common/nrf_usbd_common/libdrivers__usb__common__nrf_usbd_common.a(nrf_usbd_common.c.obj)
                0x00000000000075f8                nrf_usbd_common_setup_stall
 .text.nrf_usbd_common_last_setup_dir_get
                0x0000000000007604        0xc zephyr/drivers/usb/common/nrf_usbd_common/libdrivers__usb__common__nrf_usbd_common.a(nrf_usbd_common.c.obj)
                0x0000000000007604                nrf_usbd_common_last_setup_dir_get
 .text.nrf_usbd_common_transfer_out_drop
                0x0000000000007610       0x58 zephyr/drivers/usb/common/nrf_usbd_common/libdrivers__usb__common__nrf_usbd_common.a(nrf_usbd_common.c.obj)
                0x0000000000007610                nrf_usbd_common_transfer_out_drop
 .text.usbd_ep_abort
                0x0000000000007668      0x11c zephyr/drivers/usb/common/nrf_usbd_common/libdrivers__usb__common__nrf_usbd_common.a(nrf_usbd_common.c.obj)
 .text.nrf_usbd_common_ep_abort
                0x0000000000007784       0x34 zephyr/drivers/usb/common/nrf_usbd_common/libdrivers__usb__common__nrf_usbd_common.a(nrf_usbd_common.c.obj)
                0x0000000000007784                nrf_usbd_common_ep_abort
 .text.usbd_ep_abort_all
                0x00000000000077b8       0x54 zephyr/drivers/usb/common/nrf_usbd_common/libdrivers__usb__common__nrf_usbd_common.a(nrf_usbd_common.c.obj)
 .text.nrf_usbd_common_stop
                0x000000000000780c       0x34 zephyr/drivers/usb/common/nrf_usbd_common/libdrivers__usb__common__nrf_usbd_common.a(nrf_usbd_common.c.obj)
 .text.nrf_usbd_common_disable
                0x0000000000007840       0x70 zephyr/drivers/usb/common/nrf_usbd_common/libdrivers__usb__common__nrf_usbd_common.a(nrf_usbd_common.c.obj)
                0x0000000000007840                nrf_usbd_common_disable
 .text.nrf_usbd_common_ep_disable
                0x00000000000078b0       0x64 zephyr/drivers/usb/common/nrf_usbd_common/libdrivers__usb__common__nrf_usbd_common.a(nrf_usbd_common.c.obj)
                0x00000000000078b0                nrf_usbd_common_ep_disable
 .text.nrf_usbd_common_ep_enable
                0x0000000000007914       0x80 zephyr/drivers/usb/common/nrf_usbd_common/libdrivers__usb__common__nrf_usbd_common.a(nrf_usbd_common.c.obj)
                0x0000000000007914                nrf_usbd_common_ep_enable
 .text.nrf_usbd_common_ep_stall_clear
                0x0000000000007994       0x28 zephyr/drivers/usb/common/nrf_usbd_common/libdrivers__usb__common__nrf_usbd_common.a(nrf_usbd_common.c.obj)
                0x0000000000007994                nrf_usbd_common_ep_stall_clear
 .text.get_hf_flags
                0x00000000000079bc        0x8 zephyr/drivers/clock_control/libdrivers__clock_control.a(clock_control_nrf.c.obj)
 .text.get_subsys
                0x00000000000079c4       0x18 zephyr/drivers/clock_control/libdrivers__clock_control.a(clock_control_nrf.c.obj)
 .text.onoff_stop
                0x00000000000079dc       0x20 zephyr/drivers/clock_control/libdrivers__clock_control.a(clock_control_nrf.c.obj)
 .text.onoff_start
                0x00000000000079fc       0x34 zephyr/drivers/clock_control/libdrivers__clock_control.a(clock_control_nrf.c.obj)
 .text.clock_event_handler
                0x0000000000007a30       0x34 zephyr/drivers/clock_control/libdrivers__clock_control.a(clock_control_nrf.c.obj)
 .text.generic_hfclk_start
                0x0000000000007a64       0x70 zephyr/drivers/clock_control/libdrivers__clock_control.a(clock_control_nrf.c.obj)
 .text.generic_hfclk_stop
                0x0000000000007ad4       0x34 zephyr/drivers/clock_control/libdrivers__clock_control.a(clock_control_nrf.c.obj)
 .text.lfclk_spinwait
                0x0000000000007b08       0xcc zephyr/drivers/clock_control/libdrivers__clock_control.a(clock_control_nrf.c.obj)
 .text.api_blocking_start
                0x0000000000007bd4       0x38 zephyr/drivers/clock_control/libdrivers__clock_control.a(clock_control_nrf.c.obj)
 .text.clk_init
                0x0000000000007c0c       0x60 zephyr/drivers/clock_control/libdrivers__clock_control.a(clock_control_nrf.c.obj)
 .text.z_nrf_clock_control_get_onoff
                0x0000000000007c6c       0x10 zephyr/drivers/clock_control/libdrivers__clock_control.a(clock_control_nrf.c.obj)
                0x0000000000007c6c                z_nrf_clock_control_get_onoff
 .text.z_nrf_clock_control_lf_on
                0x0000000000007c7c       0x54 zephyr/drivers/clock_control/libdrivers__clock_control.a(clock_control_nrf.c.obj)
                0x0000000000007c7c                z_nrf_clock_control_lf_on
 .text.console_out
                0x0000000000007cd0       0x28 zephyr/drivers/console/libdrivers__console.a(uart_console.c.obj)
 .text.uart_console_hook_install
                0x0000000000007cf8       0x18 zephyr/drivers/console/libdrivers__console.a(uart_console.c.obj)
 .text.uart_console_init
                0x0000000000007d10       0x1c zephyr/drivers/console/libdrivers__console.a(uart_console.c.obj)
 .text.nrf_gpio_reconfigure
                0x0000000000007d2c       0xbc zephyr/drivers/gpio/libdrivers__gpio.a(gpio_nrfx.c.obj)
 .text.nrf_gpio_pin_dir_get
                0x0000000000007de8       0x2c zephyr/drivers/gpio/libdrivers__gpio.a(gpio_nrfx.c.obj)
 .text.get_dev  0x0000000000007e14       0x1c zephyr/drivers/gpio/libdrivers__gpio.a(gpio_nrfx.c.obj)
 .text.gpio_nrfx_pin_interrupt_configure
                0x0000000000007e30       0xe0 zephyr/drivers/gpio/libdrivers__gpio.a(gpio_nrfx.c.obj)
 .text.gpio_nrfx_pin_configure
                0x0000000000007f10      0x1c0 zephyr/drivers/gpio/libdrivers__gpio.a(gpio_nrfx.c.obj)
 .text.gpio_nrfx_init
                0x00000000000080d0       0x54 zephyr/drivers/gpio/libdrivers__gpio.a(gpio_nrfx.c.obj)
 .text.nrf_gpio_cfg
                0x0000000000008124       0x50 zephyr/drivers/pinctrl/libdrivers__pinctrl.a(pinctrl_nrf.c.obj)
 .text.nrf_gpio_pin_set
                0x0000000000008174       0x28 zephyr/drivers/pinctrl/libdrivers__pinctrl.a(pinctrl_nrf.c.obj)
 .text.nrf_gpio_pin_clear
                0x000000000000819c       0x28 zephyr/drivers/pinctrl/libdrivers__pinctrl.a(pinctrl_nrf.c.obj)
 .text.pinctrl_configure_pins
                0x00000000000081c4      0x29c zephyr/drivers/pinctrl/libdrivers__pinctrl.a(pinctrl_nrf.c.obj)
                0x00000000000081c4                pinctrl_configure_pins
 .text.uarte_nrfx_poll_out
                0x0000000000008460       0x68 zephyr/drivers/serial/libdrivers__serial.a(uart_nrfx_uarte.c.obj)
 .text.endtx_stoptx_ppi_init
                0x00000000000084c8       0x4c zephyr/drivers/serial/libdrivers__serial.a(uart_nrfx_uarte.c.obj)
 .text.uarte_instance_init
                0x0000000000008514       0x38 zephyr/drivers/serial/libdrivers__serial.a(uart_nrfx_uarte.c.obj)
 .text.set_comparator
                0x000000000000854c       0x14 zephyr/drivers/timer/libdrivers__timer.a(nrf_rtc_timer.c.obj)
 .text.event_enable
                0x0000000000008560       0x14 zephyr/drivers/timer/libdrivers__timer.a(nrf_rtc_timer.c.obj)
 .text.event_disable
                0x0000000000008574       0x14 zephyr/drivers/timer/libdrivers__timer.a(nrf_rtc_timer.c.obj)
 .text.counter  0x0000000000008588        0xc zephyr/drivers/timer/libdrivers__timer.a(nrf_rtc_timer.c.obj)
 .text.set_alarm
                0x0000000000008594       0x88 zephyr/drivers/timer/libdrivers__timer.a(nrf_rtc_timer.c.obj)
 .text.int_event_disable_rtc
                0x000000000000861c       0x18 zephyr/drivers/timer/libdrivers__timer.a(nrf_rtc_timer.c.obj)
 .text.compare_int_lock
                0x0000000000008634       0x4c zephyr/drivers/timer/libdrivers__timer.a(nrf_rtc_timer.c.obj)
 .text.channel_processing_check_and_clear
                0x0000000000008680       0x60 zephyr/drivers/timer/libdrivers__timer.a(nrf_rtc_timer.c.obj)
 .text.compare_int_unlock
                0x00000000000086e0       0x60 zephyr/drivers/timer/libdrivers__timer.a(nrf_rtc_timer.c.obj)
 .text.sys_clock_timeout_handler
                0x0000000000008740       0x50 zephyr/drivers/timer/libdrivers__timer.a(nrf_rtc_timer.c.obj)
 .text.z_nrf_rtc_timer_read
                0x0000000000008790       0x40 zephyr/drivers/timer/libdrivers__timer.a(nrf_rtc_timer.c.obj)
                0x0000000000008790                z_nrf_rtc_timer_read
 .text.compare_set_nolocks
                0x00000000000087d0       0xac zephyr/drivers/timer/libdrivers__timer.a(nrf_rtc_timer.c.obj)
 .text.sys_clock_driver_init
                0x000000000000887c       0x9c zephyr/drivers/timer/libdrivers__timer.a(nrf_rtc_timer.c.obj)
 .text.process_channel
                0x0000000000008918       0x7c zephyr/drivers/timer/libdrivers__timer.a(nrf_rtc_timer.c.obj)
 .text.rtc_nrf_isr
                0x0000000000008994       0x40 zephyr/drivers/timer/libdrivers__timer.a(nrf_rtc_timer.c.obj)
                0x0000000000008994                rtc_nrf_isr
 .text.sys_clock_set_timeout
                0x00000000000089d4       0x74 zephyr/drivers/timer/libdrivers__timer.a(nrf_rtc_timer.c.obj)
                0x00000000000089d4                sys_clock_set_timeout
 .text.sys_clock_elapsed
                0x0000000000008a48       0x14 zephyr/drivers/timer/libdrivers__timer.a(nrf_rtc_timer.c.obj)
                0x0000000000008a48                sys_clock_elapsed
 .text.__NVIC_SystemReset
                0x0000000000008a5c       0x24 modules/hal_nordic/modules/hal_nordic/nrfx/libmodules__hal_nordic__nrfx.a(system_nrf52840.c.obj)
 .text.nvmc_wait
                0x0000000000008a80       0x10 modules/hal_nordic/modules/hal_nordic/nrfx/libmodules__hal_nordic__nrfx.a(system_nrf52840.c.obj)
                0x0000000000008a80                nvmc_wait
 .text.nvmc_config
                0x0000000000008a90       0x14 modules/hal_nordic/modules/hal_nordic/nrfx/libmodules__hal_nordic__nrfx.a(system_nrf52840.c.obj)
                0x0000000000008a90                nvmc_config
 .text.SystemInit
                0x0000000000008aa4      0x178 modules/hal_nordic/modules/hal_nordic/nrfx/libmodules__hal_nordic__nrfx.a(system_nrf52840.c.obj)
                0x0000000000008aa4                SystemInit
 .text.nrfx_flag32_alloc
                0x0000000000008c1c       0x48 modules/hal_nordic/modules/hal_nordic/nrfx/libmodules__hal_nordic__nrfx.a(nrfx_flag32_allocator.c.obj)
                0x0000000000008c1c                nrfx_flag32_alloc
 .text.nrfx_flag32_free
                0x0000000000008c64       0x44 modules/hal_nordic/modules/hal_nordic/nrfx/libmodules__hal_nordic__nrfx.a(nrfx_flag32_allocator.c.obj)
                0x0000000000008c64                nrfx_flag32_free
 .text.nrfx_gppi_channels_enable
                0x0000000000008ca8        0xc modules/hal_nordic/modules/hal_nordic/nrfx/libmodules__hal_nordic__nrfx.a(nrfx_gppi_ppi.c.obj)
                0x0000000000008ca8                nrfx_gppi_channels_enable
 .text.nrfx_gppi_channel_endpoints_setup
                0x0000000000008cb4       0x14 modules/hal_nordic/modules/hal_nordic/nrfx/libmodules__hal_nordic__nrfx.a(nrfx_gppi_ppi.c.obj)
                0x0000000000008cb4                nrfx_gppi_channel_endpoints_setup
 .text.clock_stop
                0x0000000000008cc8       0x84 modules/hal_nordic/modules/hal_nordic/nrfx/libmodules__hal_nordic__nrfx.a(nrfx_clock.c.obj)
 .text.nrfx_clock_init
                0x0000000000008d4c       0x28 modules/hal_nordic/modules/hal_nordic/nrfx/libmodules__hal_nordic__nrfx.a(nrfx_clock.c.obj)
                0x0000000000008d4c                nrfx_clock_init
 .text.nrfx_clock_enable
                0x0000000000008d74       0x28 modules/hal_nordic/modules/hal_nordic/nrfx/libmodules__hal_nordic__nrfx.a(nrfx_clock.c.obj)
                0x0000000000008d74                nrfx_clock_enable
 .text.nrfx_clock_start
                0x0000000000008d9c       0xdc modules/hal_nordic/modules/hal_nordic/nrfx/libmodules__hal_nordic__nrfx.a(nrfx_clock.c.obj)
                0x0000000000008d9c                nrfx_clock_start
 .text.nrfx_clock_irq_handler
                0x0000000000008e78       0x88 modules/hal_nordic/modules/hal_nordic/nrfx/libmodules__hal_nordic__nrfx.a(nrfx_clock.c.obj)
                0x0000000000008e78                nrfx_clock_irq_handler
 .text.nrf_gpio_cfg
                0x0000000000008f00       0x50 modules/hal_nordic/modules/hal_nordic/nrfx/libmodules__hal_nordic__nrfx.a(nrfx_gpiote.c.obj)
 .text.nrf_gpio_reconfigure
                0x0000000000008f50       0xbc modules/hal_nordic/modules/hal_nordic/nrfx/libmodules__hal_nordic__nrfx.a(nrfx_gpiote.c.obj)
 .text.nrf_gpio_pin_read
                0x000000000000900c       0x28 modules/hal_nordic/modules/hal_nordic/nrfx/libmodules__hal_nordic__nrfx.a(nrfx_gpiote.c.obj)
 .text.nrf_gpio_pin_sense_get
                0x0000000000009034       0x2c modules/hal_nordic/modules/hal_nordic/nrfx/libmodules__hal_nordic__nrfx.a(nrfx_gpiote.c.obj)
 .text.nrf_gpio_latches_read_and_clear
                0x0000000000009060       0x44 modules/hal_nordic/modules/hal_nordic/nrfx/libmodules__hal_nordic__nrfx.a(nrfx_gpiote.c.obj)
 .text.nrf_gpio_pin_latch_clear
                0x00000000000090a4       0x28 modules/hal_nordic/modules/hal_nordic/nrfx/libmodules__hal_nordic__nrfx.a(nrfx_gpiote.c.obj)
 .text.get_pin_idx
                0x00000000000090cc       0x14 modules/hal_nordic/modules/hal_nordic/nrfx/libmodules__hal_nordic__nrfx.a(nrfx_gpiote.c.obj)
 .text.get_cb   0x00000000000090e0        0x8 modules/hal_nordic/modules/hal_nordic/nrfx/libmodules__hal_nordic__nrfx.a(nrfx_gpiote.c.obj)
 .text.gpiote_output_configure
                0x00000000000090e8       0xf8 modules/hal_nordic/modules/hal_nordic/nrfx/libmodules__hal_nordic__nrfx.a(nrfx_gpiote.c.obj)
 .text.gpiote_channel_get
                0x00000000000091e0       0x38 modules/hal_nordic/modules/hal_nordic/nrfx/libmodules__hal_nordic__nrfx.a(nrfx_gpiote.c.obj)
 .text.latch_pending_read_and_check
                0x0000000000009218       0x50 modules/hal_nordic/modules/hal_nordic/nrfx/libmodules__hal_nordic__nrfx.a(nrfx_gpiote.c.obj)
 .text.pin_handler_set
                0x0000000000009268       0x88 modules/hal_nordic/modules/hal_nordic/nrfx/libmodules__hal_nordic__nrfx.a(nrfx_gpiote.c.obj)
 .text.gpiote_input_configure
                0x00000000000092f0      0x16c modules/hal_nordic/modules/hal_nordic/nrfx/libmodules__hal_nordic__nrfx.a(nrfx_gpiote.c.obj)
 .text.pin_uninit
                0x000000000000945c       0x34 modules/hal_nordic/modules/hal_nordic/nrfx/libmodules__hal_nordic__nrfx.a(nrfx_gpiote.c.obj)
 .text.gpiote_init
                0x0000000000009490       0x4c modules/hal_nordic/modules/hal_nordic/nrfx/libmodules__hal_nordic__nrfx.a(nrfx_gpiote.c.obj)
 .text.port_event_handle
                0x00000000000094dc       0xc4 modules/hal_nordic/modules/hal_nordic/nrfx/libmodules__hal_nordic__nrfx.a(nrfx_gpiote.c.obj)
 .text.nrfx_gpiote_0_irq_handler
                0x00000000000095a0       0x14 modules/hal_nordic/modules/hal_nordic/nrfx/libmodules__hal_nordic__nrfx.a(nrfx_gpiote.c.obj)
                0x00000000000095a0                nrfx_gpiote_0_irq_handler
 .text.nrfx_power_init
                0x00000000000095b4       0x4c modules/hal_nordic/modules/hal_nordic/nrfx/libmodules__hal_nordic__nrfx.a(nrfx_power.c.obj)
                0x00000000000095b4                nrfx_power_init
 .text.nrfx_power_usbevt_uninit
                0x0000000000009600       0x14 modules/hal_nordic/modules/hal_nordic/nrfx/libmodules__hal_nordic__nrfx.a(nrfx_power.c.obj)
                0x0000000000009600                nrfx_power_usbevt_uninit
 .text.nrfx_power_usbevt_init
                0x0000000000009614       0x18 modules/hal_nordic/modules/hal_nordic/nrfx/libmodules__hal_nordic__nrfx.a(nrfx_power.c.obj)
                0x0000000000009614                nrfx_power_usbevt_init
 .text.nrfx_power_irq_handler
                0x000000000000962c       0xf4 modules/hal_nordic/modules/hal_nordic/nrfx/libmodules__hal_nordic__nrfx.a(nrfx_power.c.obj)
                0x000000000000962c                nrfx_power_irq_handler
 .text.nrfx_ppi_channel_alloc
                0x0000000000009720       0x10 modules/hal_nordic/modules/hal_nordic/nrfx/libmodules__hal_nordic__nrfx.a(nrfx_ppi.c.obj)
                0x0000000000009720                nrfx_ppi_channel_alloc
 .text._DoInit  0x0000000000009730       0x64 modules/segger/libmodules__segger.a(SEGGER_RTT.c.obj)
 .text.SEGGER_RTT_StrongCheckInit
                0x0000000000009794       0x38 modules/segger/libmodules__segger.a(SEGGER_RTT.c.obj)
 .text.SEGGER_RTT_WriteSkipNoLock
                0x00000000000097cc       0xd0 modules/segger/libmodules__segger.a(SEGGER_RTT.c.obj)
                0x00000000000097cc                SEGGER_RTT_WriteSkipNoLock
 .text.SEGGER_RTT_HasDataUp
                0x000000000000989c       0x20 modules/segger/libmodules__segger.a(SEGGER_RTT.c.obj)
                0x000000000000989c                SEGGER_RTT_HasDataUp
 .text.z_device_state_init
                0x00000000000098bc       0x18 zephyr/kernel/libkernel.a(device.c.obj)
                0x00000000000098bc                z_device_state_init
 .text.reason_to_str
                0x00000000000098d4       0x40 zephyr/kernel/libkernel.a(fatal.c.obj)
 .text.thread_name_get
                0x0000000000009914       0x20 zephyr/kernel/libkernel.a(fatal.c.obj)
 .text.k_sys_fatal_error_handler
                0x0000000000009934       0x20 zephyr/kernel/libkernel.a(fatal.c.obj)
                0x0000000000009934                k_sys_fatal_error_handler
 .text.z_fatal_error
                0x0000000000009954      0x1f4 zephyr/kernel/libkernel.a(fatal.c.obj)
                0x0000000000009954                z_fatal_error
 .text.z_sys_init_run_level
                0x0000000000009b48       0x34 zephyr/kernel/libkernel.a(init.c.obj)
 .text.init_idle_thread
                0x0000000000009b7c       0x60 zephyr/kernel/libkernel.a(init.c.obj)
 .text.thread_schedule_new
                0x0000000000009bdc       0x1c zephyr/kernel/libkernel.a(init.c.obj)
 .text.z_init_static_threads
                0x0000000000009bf8       0x70 zephyr/kernel/libkernel.a(init.c.obj)
 .text.bg_thread_main
                0x0000000000009c68       0x38 zephyr/kernel/libkernel.a(init.c.obj)
 .text.switch_to_main_thread
                0x0000000000009ca0       0x14 zephyr/kernel/libkernel.a(init.c.obj)
 .text.z_bss_zero
                0x0000000000009cb4       0x18 zephyr/kernel/libkernel.a(init.c.obj)
                0x0000000000009cb4                z_bss_zero
 .text.z_init_cpu
                0x0000000000009ccc       0x44 zephyr/kernel/libkernel.a(init.c.obj)
                0x0000000000009ccc                z_init_cpu
 .text.prepare_multithreading
                0x0000000000009d10       0x60 zephyr/kernel/libkernel.a(init.c.obj)
 .text.z_cstart
                0x0000000000009d70       0x94 zephyr/kernel/libkernel.a(init.c.obj)
                0x0000000000009d70                z_cstart
 .text.statics_init
                0x0000000000009e04       0x24 zephyr/kernel/libkernel.a(kheap.c.obj)
 .text.init_mem_slab_obj_core_list
                0x0000000000009e28       0x24 zephyr/kernel/libkernel.a(mem_slab.c.obj)
 .text.k_mem_slab_alloc
                0x0000000000009e4c       0x64 zephyr/kernel/libkernel.a(mem_slab.c.obj)
                0x0000000000009e4c                k_mem_slab_alloc
 .text.z_impl_k_msgq_put
                0x0000000000009eb0       0xd8 zephyr/kernel/libkernel.a(msg_q.c.obj)
                0x0000000000009eb0                z_impl_k_msgq_put
 .text.z_impl_k_msgq_get
                0x0000000000009f88      0x104 zephyr/kernel/libkernel.a(msg_q.c.obj)
                0x0000000000009f88                z_impl_k_msgq_get
 .text.z_impl_k_mutex_lock
                0x000000000000a08c      0x100 zephyr/kernel/libkernel.a(mutex.c.obj)
                0x000000000000a08c                z_impl_k_mutex_lock
 .text.z_impl_k_mutex_unlock
                0x000000000000a18c       0xac zephyr/kernel/libkernel.a(mutex.c.obj)
                0x000000000000a18c                z_impl_k_mutex_unlock
 .text.z_impl_k_queue_get
                0x000000000000a238       0x74 zephyr/kernel/libkernel.a(queue.c.obj)
                0x000000000000a238                z_impl_k_queue_get
 .text.z_impl_k_sem_give
                0x000000000000a2ac       0x88 zephyr/kernel/libkernel.a(sem.c.obj)
                0x000000000000a2ac                z_impl_k_sem_give
 .text.z_impl_k_sem_take
                0x000000000000a334       0x50 zephyr/kernel/libkernel.a(sem.c.obj)
                0x000000000000a334                z_impl_k_sem_take
 .text.queue_submit_locked
                0x000000000000a384       0x7c zephyr/kernel/libkernel.a(work.c.obj)
 .text.finalize_cancel_locked
                0x000000000000a400       0x5c zephyr/kernel/libkernel.a(work.c.obj)
 .text.work_queue_main
                0x000000000000a45c      0x110 zephyr/kernel/libkernel.a(work.c.obj)
 .text.schedule_for_queue_locked
                0x000000000000a56c       0x34 zephyr/kernel/libkernel.a(work.c.obj)
 .text.k_work_queue_start
                0x000000000000a5a0       0x88 zephyr/kernel/libkernel.a(work.c.obj)
                0x000000000000a5a0                k_work_queue_start
 .text.k_work_schedule
                0x000000000000a628       0x10 zephyr/kernel/libkernel.a(work.c.obj)
                0x000000000000a628                k_work_schedule
 .text.k_work_reschedule
                0x000000000000a638       0x10 zephyr/kernel/libkernel.a(work.c.obj)
                0x000000000000a638                k_work_reschedule
 .text.thread_schedule_new
                0x000000000000a648       0x1c zephyr/kernel/libkernel.a(thread.c.obj)
 .text.z_impl_k_thread_name_set
                0x000000000000a664       0x24 zephyr/kernel/libkernel.a(thread.c.obj)
                0x000000000000a664                z_impl_k_thread_name_set
 .text.z_setup_new_thread
                0x000000000000a688       0xc4 zephyr/kernel/libkernel.a(thread.c.obj)
                0x000000000000a688                z_setup_new_thread
 .text.z_swap_irqlock
                0x000000000000a74c       0x34 zephyr/kernel/libkernel.a(sched.c.obj)
 .text.ready_thread
                0x000000000000a780       0xbc zephyr/kernel/libkernel.a(sched.c.obj)
 .text.unready_thread
                0x000000000000a83c       0x68 zephyr/kernel/libkernel.a(sched.c.obj)
 .text.thread_halt_spin
                0x000000000000a8a4      0x128 zephyr/kernel/libkernel.a(sched.c.obj)
 .text.add_thread_timeout
                0x000000000000a9cc       0x20 zephyr/kernel/libkernel.a(sched.c.obj)
 .text.move_thread_to_end_of_prio_q
                0x000000000000a9ec       0xc8 zephyr/kernel/libkernel.a(sched.c.obj)
                0x000000000000a9ec                move_thread_to_end_of_prio_q
 .text.z_pend_curr
                0x000000000000aab4       0x38 zephyr/kernel/libkernel.a(sched.c.obj)
                0x000000000000aab4                z_pend_curr
 .text.z_thread_prio_set
                0x000000000000aaec       0xdc zephyr/kernel/libkernel.a(sched.c.obj)
                0x000000000000aaec                z_thread_prio_set
 .text.z_reschedule
                0x000000000000abc8       0x2c zephyr/kernel/libkernel.a(sched.c.obj)
                0x000000000000abc8                z_reschedule
 .text.z_reschedule_irqlock
                0x000000000000abf4       0x2c zephyr/kernel/libkernel.a(sched.c.obj)
                0x000000000000abf4                z_reschedule_irqlock
 .text.k_sched_lock
                0x000000000000ac20       0x30 zephyr/kernel/libkernel.a(sched.c.obj)
                0x000000000000ac20                k_sched_lock
 .text.k_sched_unlock
                0x000000000000ac50       0x70 zephyr/kernel/libkernel.a(sched.c.obj)
                0x000000000000ac50                k_sched_unlock
 .text.z_sched_init
                0x000000000000acc0       0x10 zephyr/kernel/libkernel.a(sched.c.obj)
                0x000000000000acc0                z_sched_init
 .text.z_impl_k_yield
                0x000000000000acd0       0xa0 zephyr/kernel/libkernel.a(sched.c.obj)
                0x000000000000acd0                z_impl_k_yield
 .text.z_tick_sleep
                0x000000000000ad70       0x90 zephyr/kernel/libkernel.a(sched.c.obj)
 .text.z_impl_k_wakeup
                0x000000000000ae00       0x54 zephyr/kernel/libkernel.a(sched.c.obj)
                0x000000000000ae00                z_impl_k_wakeup
 .text.z_impl_k_sched_current_thread_query
                0x000000000000ae54        0xc zephyr/kernel/libkernel.a(sched.c.obj)
                0x000000000000ae54                z_impl_k_sched_current_thread_query
 .text.z_thread_abort
                0x000000000000ae60      0x154 zephyr/kernel/libkernel.a(sched.c.obj)
                0x000000000000ae60                z_thread_abort
 .text.z_sched_wait
                0x000000000000afb4       0x28 zephyr/kernel/libkernel.a(sched.c.obj)
                0x000000000000afb4                z_sched_wait
 .text.slice_timeout
                0x000000000000afdc       0x20 zephyr/kernel/libkernel.a(timeslicing.c.obj)
 .text.thread_is_sliceable
                0x000000000000affc       0x4c zephyr/kernel/libkernel.a(timeslicing.c.obj)
                0x000000000000affc                thread_is_sliceable
 .text.z_reset_time_slice
                0x000000000000b048       0x50 zephyr/kernel/libkernel.a(timeslicing.c.obj)
                0x000000000000b048                z_reset_time_slice
 .text.z_time_slice
                0x000000000000b098       0x70 zephyr/kernel/libkernel.a(timeslicing.c.obj)
                0x000000000000b098                z_time_slice
 .text.z_thread_monitor_exit
                0x000000000000b108       0x3c zephyr/kernel/libkernel.a(thread_monitor.c.obj)
                0x000000000000b108                z_thread_monitor_exit
 .text.z_data_copy
                0x000000000000b144       0x34 zephyr/kernel/libkernel.a(xip.c.obj)
                0x000000000000b144                z_data_copy
 .text.first    0x000000000000b178       0x14 zephyr/kernel/libkernel.a(timeout.c.obj)
 .text.next     0x000000000000b18c       0x18 zephyr/kernel/libkernel.a(timeout.c.obj)
 .text.elapsed  0x000000000000b1a4       0x18 zephyr/kernel/libkernel.a(timeout.c.obj)
 .text.z_add_timeout
                0x000000000000b1bc      0x10c zephyr/kernel/libkernel.a(timeout.c.obj)
                0x000000000000b1bc                z_add_timeout
 .text.sys_clock_announce
                0x000000000000b2c8       0xc4 zephyr/kernel/libkernel.a(timeout.c.obj)
                0x000000000000b2c8                sys_clock_announce
 .text.sys_clock_tick_get
                0x000000000000b38c       0x40 zephyr/kernel/libkernel.a(timeout.c.obj)
                0x000000000000b38c                sys_clock_tick_get
 .text.z_timer_expiration_handler
                0x000000000000b3cc       0xf8 zephyr/kernel/libkernel.a(timer.c.obj)
                0x000000000000b3cc                z_timer_expiration_handler
 .text.z_impl_k_timer_start
                0x000000000000b4c4       0x80 zephyr/kernel/libkernel.a(timer.c.obj)
                0x000000000000b4c4                z_impl_k_timer_start
 .text.z_thread_aligned_alloc
                0x000000000000b544       0x28 zephyr/kernel/libkernel.a(mempool.c.obj)
                0x000000000000b544                z_thread_aligned_alloc
 .text.k_sys_work_q_init
                0x000000000000b56c       0x38 zephyr/kernel/libkernel.a(system_work_q.c.obj)
 .text.nrf_cc3xx_platform_init_no_rng
                0x000000000000b5a4       0x38 C:/ncs/v3.0.2/nrfxlib/crypto/nrf_cc310_platform/lib/cortex-m4/soft-float/no-interrupts/libnrf_cc310_platform_0.9.19.a(nrf_cc3xx_platform.c.obj)
                0x000000000000b5a4                nrf_cc3xx_platform_init_no_rng
 .text.nrf_cc3xx_platform_abort
                0x000000000000b5dc       0x24 C:/ncs/v3.0.2/nrfxlib/crypto/nrf_cc310_platform/lib/cortex-m4/soft-float/no-interrupts/libnrf_cc310_platform_0.9.19.a(nrf_cc3xx_platform_abort.c.obj)
 .text.CC_PalAbort
                0x000000000000b600       0x34 C:/ncs/v3.0.2/nrfxlib/crypto/nrf_cc310_platform/lib/cortex-m4/soft-float/no-interrupts/libnrf_cc310_platform_0.9.19.a(nrf_cc3xx_platform_abort.c.obj)
                0x000000000000b600                CC_PalAbort
 .text.nrf_cc3xx_platform_set_abort
                0x000000000000b634       0x10 C:/ncs/v3.0.2/nrfxlib/crypto/nrf_cc310_platform/lib/cortex-m4/soft-float/no-interrupts/libnrf_cc310_platform_0.9.19.a(nrf_cc3xx_platform_abort.c.obj)
                0x000000000000b634                nrf_cc3xx_platform_set_abort
 .text.mutex_free
                0x000000000000b644       0x34 C:/ncs/v3.0.2/nrfxlib/crypto/nrf_cc310_platform/lib/cortex-m4/soft-float/no-interrupts/libnrf_cc310_platform_0.9.19.a(nrf_cc3xx_platform_mutex.c.obj)
 .text.mutex_lock
                0x000000000000b678       0x48 C:/ncs/v3.0.2/nrfxlib/crypto/nrf_cc310_platform/lib/cortex-m4/soft-float/no-interrupts/libnrf_cc310_platform_0.9.19.a(nrf_cc3xx_platform_mutex.c.obj)
 .text.mutex_unlock
                0x000000000000b6c0       0x38 C:/ncs/v3.0.2/nrfxlib/crypto/nrf_cc310_platform/lib/cortex-m4/soft-float/no-interrupts/libnrf_cc310_platform_0.9.19.a(nrf_cc3xx_platform_mutex.c.obj)
 .text.mutex_init
                0x000000000000b6f8       0x20 C:/ncs/v3.0.2/nrfxlib/crypto/nrf_cc310_platform/lib/cortex-m4/soft-float/no-interrupts/libnrf_cc310_platform_0.9.19.a(nrf_cc3xx_platform_mutex.c.obj)
 .text.nrf_cc3xx_platform_set_mutexes
                0x000000000000b718       0x74 C:/ncs/v3.0.2/nrfxlib/crypto/nrf_cc310_platform/lib/cortex-m4/soft-float/no-interrupts/libnrf_cc310_platform_0.9.19.a(nrf_cc3xx_platform_mutex.c.obj)
                0x000000000000b718                nrf_cc3xx_platform_set_mutexes
 .text.CC_LibInitNoRng
                0x000000000000b78c       0x64 C:/ncs/v3.0.2/nrfxlib/crypto/nrf_cc310_platform/lib/cortex-m4/soft-float/no-interrupts/libnrf_cc310_platform_0.9.19.a(cc_lib.c.obj)
                0x000000000000b78c                CC_LibInitNoRng
 .text.CC_HalInit
                0x000000000000b7f0        0x4 C:/ncs/v3.0.2/nrfxlib/crypto/nrf_cc310_platform/lib/cortex-m4/soft-float/no-interrupts/libnrf_cc310_platform_0.9.19.a(cc_hal.c.obj)
                0x000000000000b7f0                CC_HalInit
 .text.CC_HalTerminate
                0x000000000000b7f4        0x4 C:/ncs/v3.0.2/nrfxlib/crypto/nrf_cc310_platform/lib/cortex-m4/soft-float/no-interrupts/libnrf_cc310_platform_0.9.19.a(cc_hal.c.obj)
                0x000000000000b7f4                CC_HalTerminate
 .text.CC_HalMaskInterrupt
                0x000000000000b7f8        0xc C:/ncs/v3.0.2/nrfxlib/crypto/nrf_cc310_platform/lib/cortex-m4/soft-float/no-interrupts/libnrf_cc310_platform_0.9.19.a(cc_hal.c.obj)
                0x000000000000b7f8                CC_HalMaskInterrupt
 .text.CC_PalInit
                0x000000000000b804       0x5c C:/ncs/v3.0.2/nrfxlib/crypto/nrf_cc310_platform/lib/cortex-m4/soft-float/no-interrupts/libnrf_cc310_platform_0.9.19.a(cc_pal.c.obj)
                0x000000000000b804                CC_PalInit
 .text.CC_PalTerminate
                0x000000000000b860       0x34 C:/ncs/v3.0.2/nrfxlib/crypto/nrf_cc310_platform/lib/cortex-m4/soft-float/no-interrupts/libnrf_cc310_platform_0.9.19.a(cc_pal.c.obj)
                0x000000000000b860                CC_PalTerminate
 .text.CC_PalDmaInit
                0x000000000000b894        0x4 C:/ncs/v3.0.2/nrfxlib/crypto/nrf_cc310_platform/lib/cortex-m4/soft-float/no-interrupts/libnrf_cc310_platform_0.9.19.a(cc_pal_dma.c.obj)
                0x000000000000b894                CC_PalDmaInit
 .text.CC_PalDmaTerminate
                0x000000000000b898        0x4 C:/ncs/v3.0.2/nrfxlib/crypto/nrf_cc310_platform/lib/cortex-m4/soft-float/no-interrupts/libnrf_cc310_platform_0.9.19.a(cc_pal_dma.c.obj)
                0x000000000000b898                CC_PalDmaTerminate
 .text.CC_PalMutexCreate
                0x000000000000b89c       0x14 C:/ncs/v3.0.2/nrfxlib/crypto/nrf_cc310_platform/lib/cortex-m4/soft-float/no-interrupts/libnrf_cc310_platform_0.9.19.a(cc_pal_mutex.c.obj)
                0x000000000000b89c                CC_PalMutexCreate
 .text.CC_PalMutexDestroy
                0x000000000000b8b0       0x14 C:/ncs/v3.0.2/nrfxlib/crypto/nrf_cc310_platform/lib/cortex-m4/soft-float/no-interrupts/libnrf_cc310_platform_0.9.19.a(cc_pal_mutex.c.obj)
                0x000000000000b8b0                CC_PalMutexDestroy
 .text.CC_PalPowerSaveModeInit
                0x000000000000b8c4       0x3c C:/ncs/v3.0.2/nrfxlib/crypto/nrf_cc310_platform/lib/cortex-m4/soft-float/no-interrupts/libnrf_cc310_platform_0.9.19.a(cc_pal_pm.c.obj)
                0x000000000000b8c4                CC_PalPowerSaveModeInit
 .text.CC_PalPowerSaveModeSelect
                0x000000000000b900       0x84 C:/ncs/v3.0.2/nrfxlib/crypto/nrf_cc310_platform/lib/cortex-m4/soft-float/no-interrupts/libnrf_cc310_platform_0.9.19.a(cc_pal_pm.c.obj)
                0x000000000000b900                CC_PalPowerSaveModeSelect
 .text.snprintf
                0x000000000000b984       0x58 c:\ncs\toolchains\0b393f9e1b\opt\zephyr-sdk\arm-zephyr-eabi\bin\../lib/gcc/../../picolibc/arm-zephyr-eabi/lib/thumb/v7e-m/nofp\libc.a(libc_tinystdio_snprintf.c.o)
                0x000000000000b984                snprintf
 .text.__l_vfprintf
                0x000000000000b9dc      0x4b8 c:\ncs\toolchains\0b393f9e1b\opt\zephyr-sdk\arm-zephyr-eabi\bin\../lib/gcc/../../picolibc/arm-zephyr-eabi/lib/thumb/v7e-m/nofp\libc.a(libc_tinystdio_vflprintf.c.o)
                0x000000000000b9dc                __l_vfprintf
 .text._OffsetAbsSyms
                0x000000000000be94        0x2 zephyr/CMakeFiles/offsets.dir/./arch/arm/core/offsets/offsets.c.obj
                0x000000000000be94                _OffsetAbsSyms
 .text.uart_irq_callback_user_data_set
                0x000000000000be96       0x1c app/libapp.a(hal_cdc_acm_uart.c.obj)
 .text.uart_irq_tx_enable
                0x000000000000beb2        0xc app/libapp.a(hal_cdc_acm_uart.c.obj)
 .text.uart_irq_tx_disable
                0x000000000000bebe        0xc app/libapp.a(hal_cdc_acm_uart.c.obj)
 .text.uart_irq_rx_enable
                0x000000000000beca        0xc app/libapp.a(hal_cdc_acm_uart.c.obj)
 .text.uart_irq_rx_disable
                0x000000000000bed6        0xc app/libapp.a(hal_cdc_acm_uart.c.obj)
 .text.uart_irq_is_pending
                0x000000000000bee2       0x12 app/libapp.a(hal_cdc_acm_uart.c.obj)
 .text.uart_irq_update
                0x000000000000bef4       0x12 app/libapp.a(hal_cdc_acm_uart.c.obj)
 .text.uart_line_ctrl_set
                0x000000000000bf06       0x12 app/libapp.a(hal_cdc_acm_uart.c.obj)
 .text.k_msleep
                0x000000000000bf18       0x2c app/libapp.a(hal_cdc_acm_uart.c.obj)
 .text.uart_line_ctrl_get
                0x000000000000bf44       0x12 app/libapp.a(hal_usbd.c.obj)
 .text.sample_fix_code_triple
                0x000000000000bf56       0x16 app/libapp.a(hal_usbd.c.obj)
 .text.hal_usbd_init
                0x000000000000bf6c        0x2 app/libapp.a(hal_usbd.c.obj)
                0x000000000000bf6c                hal_usbd_init
 .text.hal_usbd_enable
                0x000000000000bf6e        0x8 app/libapp.a(hal_usbd.c.obj)
                0x000000000000bf6e                hal_usbd_enable
 .text.set_chunk_used
                0x000000000000bf76       0x38 zephyr/libzephyr.a(heap.c.obj)
 .text.chunk_mem
                0x000000000000bfae       0x16 zephyr/libzephyr.a(heap.c.obj)
 .text.free_list_remove_bidx
                0x000000000000bfc4       0x6e zephyr/libzephyr.a(heap.c.obj)
 .text.free_list_add_bidx
                0x000000000000c032       0xa4 zephyr/libzephyr.a(heap.c.obj)
 .text.split_chunks
                0x000000000000c0d6       0x86 zephyr/libzephyr.a(heap.c.obj)
 .text.merge_chunks
                0x000000000000c15c       0x66 zephyr/libzephyr.a(heap.c.obj)
 .text.mem_to_chunkid
                0x000000000000c1c2       0x16 zephyr/libzephyr.a(heap.c.obj)
 .text.free_list_remove
                0x000000000000c1d8       0x52 zephyr/libzephyr.a(heap.c.obj)
 .text.free_list_add
                0x000000000000c22a       0x52 zephyr/libzephyr.a(heap.c.obj)
 .text.free_chunk
                0x000000000000c27c       0xb6 zephyr/libzephyr.a(heap.c.obj)
 .text.alloc_chunk
                0x000000000000c332       0xa2 zephyr/libzephyr.a(heap.c.obj)
 .text.sys_heap_free
                0x000000000000c3d4       0x24 zephyr/libzephyr.a(heap.c.obj)
                0x000000000000c3d4                sys_heap_free
 .text.sys_heap_alloc
                0x000000000000c3f8       0x7c zephyr/libzephyr.a(heap.c.obj)
                0x000000000000c3f8                sys_heap_alloc
 .text.sys_heap_aligned_alloc
                0x000000000000c474      0x116 zephyr/libzephyr.a(heap.c.obj)
                0x000000000000c474                sys_heap_aligned_alloc
 .text.sys_heap_init
                0x000000000000c58a       0xfc zephyr/libzephyr.a(heap.c.obj)
                0x000000000000c58a                sys_heap_init
 .text.cbprintf_via_va_list
                0x000000000000c686        0xe zephyr/libzephyr.a(cbprintf_packaged.c.obj)
 .text.is_fmt_spec
                0x000000000000c694        0xe zephyr/libzephyr.a(cbprintf_packaged.c.obj)
 .text.get_package_len
                0x000000000000c6a2       0x2a zephyr/libzephyr.a(cbprintf_packaged.c.obj)
 .text.append_string
                0x000000000000c6cc       0x2c zephyr/libzephyr.a(cbprintf_packaged.c.obj)
 .text.cbpprintf_external
                0x000000000000c6f8       0x60 zephyr/libzephyr.a(cbprintf_packaged.c.obj)
                0x000000000000c6f8                cbpprintf_external
 .text.is_ptr   0x000000000000c758       0x4e zephyr/libzephyr.a(cbprintf_packaged.c.obj)
                0x000000000000c758                is_ptr
 .text.arch_printk_char_out
                0x000000000000c7a6        0x4 zephyr/libzephyr.a(printk.c.obj)
                0x000000000000c7a6                arch_printk_char_out
 .text.vprintk  0x000000000000c7aa        0x8 zephyr/libzephyr.a(printk.c.obj)
                0x000000000000c7aa                vprintk
 .text.printk   0x000000000000c7b2       0x1c zephyr/libzephyr.a(printk.c.obj)
                0x000000000000c7b2                printk
 .text.free_space
                0x000000000000c7ce       0x28 zephyr/libzephyr.a(mpsc_pbuf.c.obj)
 .text.available
                0x000000000000c7f6       0x24 zephyr/libzephyr.a(mpsc_pbuf.c.obj)
 .text.get_usage
                0x000000000000c81a       0x24 zephyr/libzephyr.a(mpsc_pbuf.c.obj)
 .text.max_utilization_update
                0x000000000000c83e       0x26 zephyr/libzephyr.a(mpsc_pbuf.c.obj)
 .text.rd_idx_inc
                0x000000000000c864       0x26 zephyr/libzephyr.a(mpsc_pbuf.c.obj)
 .text.add_skip_item
                0x000000000000c88a       0x66 zephyr/libzephyr.a(mpsc_pbuf.c.obj)
 .text.drop_item_locked
                0x000000000000c8f0      0x12a zephyr/libzephyr.a(mpsc_pbuf.c.obj)
 .text.post_drop_action
                0x000000000000ca1a       0x62 zephyr/libzephyr.a(mpsc_pbuf.c.obj)
 .text.mpsc_pbuf_init
                0x000000000000ca7c       0x42 zephyr/libzephyr.a(mpsc_pbuf.c.obj)
                0x000000000000ca7c                mpsc_pbuf_init
 .text.mpsc_pbuf_alloc
                0x000000000000cabe      0x134 zephyr/libzephyr.a(mpsc_pbuf.c.obj)
                0x000000000000cabe                mpsc_pbuf_alloc
 .text.mpsc_pbuf_commit
                0x000000000000cbf2       0x50 zephyr/libzephyr.a(mpsc_pbuf.c.obj)
                0x000000000000cbf2                mpsc_pbuf_commit
 .text.mpsc_pbuf_claim
                0x000000000000cc42       0xd0 zephyr/libzephyr.a(mpsc_pbuf.c.obj)
                0x000000000000cc42                mpsc_pbuf_claim
 .text.mpsc_pbuf_free
                0x000000000000cd12       0x88 zephyr/libzephyr.a(mpsc_pbuf.c.obj)
                0x000000000000cd12                mpsc_pbuf_free
 .text.mpsc_pbuf_is_pending
                0x000000000000cd9a       0x2c zephyr/libzephyr.a(mpsc_pbuf.c.obj)
                0x000000000000cd9a                mpsc_pbuf_is_pending
 .text.sys_slist_remove
                0x000000000000cdc6       0x26 zephyr/libzephyr.a(onoff.c.obj)
 .text.sys_slist_find_and_remove
                0x000000000000cdec       0x20 zephyr/libzephyr.a(onoff.c.obj)
 .text.set_state
                0x000000000000ce0c       0x10 zephyr/libzephyr.a(onoff.c.obj)
 .text.notify_monitors
                0x000000000000ce1c       0x44 zephyr/libzephyr.a(onoff.c.obj)
 .text.process_recheck
                0x000000000000ce60       0x32 zephyr/libzephyr.a(onoff.c.obj)
 .text.process_complete
                0x000000000000ce92       0xa2 zephyr/libzephyr.a(onoff.c.obj)
 .text.validate_args
                0x000000000000cf34       0x2a zephyr/libzephyr.a(onoff.c.obj)
 .text.notify_one
                0x000000000000cf5e       0x26 zephyr/libzephyr.a(onoff.c.obj)
 .text.notify_all
                0x000000000000cf84       0x2e zephyr/libzephyr.a(onoff.c.obj)
 .text.transition_complete
                0x000000000000cfb2       0x1c zephyr/libzephyr.a(onoff.c.obj)
 .text.onoff_manager_init
                0x000000000000cfce       0x3a zephyr/libzephyr.a(onoff.c.obj)
                0x000000000000cfce                onoff_manager_init
 .text.onoff_request
                0x000000000000d008       0xbe zephyr/libzephyr.a(onoff.c.obj)
                0x000000000000d008                onoff_request
 .text.onoff_release
                0x000000000000d0c6       0x4a zephyr/libzephyr.a(onoff.c.obj)
                0x000000000000d0c6                onoff_release
 .text.onoff_cancel
                0x000000000000d110       0x3e zephyr/libzephyr.a(onoff.c.obj)
                0x000000000000d110                onoff_cancel
 .text.sys_notify_validate
                0x000000000000d14e       0x2e zephyr/libzephyr.a(notify.c.obj)
                0x000000000000d14e                sys_notify_validate
 .text.sys_notify_finalize
                0x000000000000d17c       0x1a zephyr/libzephyr.a(notify.c.obj)
                0x000000000000d17c                sys_notify_finalize
 .text.ring_buf_put_claim
                0x000000000000d196       0x42 zephyr/libzephyr.a(ring_buffer.c.obj)
                0x000000000000d196                ring_buf_put_claim
 .text.ring_buf_put_finish
                0x000000000000d1d8       0x3c zephyr/libzephyr.a(ring_buffer.c.obj)
                0x000000000000d1d8                ring_buf_put_finish
 .text.ring_buf_put
                0x000000000000d214       0x40 zephyr/libzephyr.a(ring_buffer.c.obj)
                0x000000000000d214                ring_buf_put
 .text.ring_buf_get_claim
                0x000000000000d254       0x3a zephyr/libzephyr.a(ring_buffer.c.obj)
                0x000000000000d254                ring_buf_get_claim
 .text.ring_buf_get_finish
                0x000000000000d28e       0x3c zephyr/libzephyr.a(ring_buffer.c.obj)
                0x000000000000d28e                ring_buf_get_finish
 .text.ring_buf_get
                0x000000000000d2ca       0x46 zephyr/libzephyr.a(ring_buffer.c.obj)
                0x000000000000d2ca                ring_buf_get
 .text._ConfigAbsSyms
                0x000000000000d310        0x2 zephyr/libzephyr.a(configs.c.obj)
                0x000000000000d310                _ConfigAbsSyms
 .text.log_msg_generic_get_wlen
                0x000000000000d312       0x20 zephyr/libzephyr.a(log_core.c.obj)
 .text.dummy_timestamp
                0x000000000000d332        0x4 zephyr/libzephyr.a(log_core.c.obj)
 .text.msg_filter_check
                0x000000000000d336        0x4 zephyr/libzephyr.a(log_core.c.obj)
 .text.default_get_timestamp
                0x000000000000d33a        0x8 zephyr/libzephyr.a(log_core.c.obj)
 .text.k_msleep
                0x000000000000d342       0x2c zephyr/libzephyr.a(log_core.c.obj)
 .text.msg_alloc