Archive member included to satisfy reference by file (symbol)

app/libapp.a(sample_usbd_init.c.obj)
                              (--whole-archive)
app/libapp.a(hdi.c.obj)       (--whole-archive)
app/libapp.a(hal_uart.c.obj)  (--whole-archive)
app/libapp.a(hal_usbd.c.obj)  (--whole-archive)
app/libapp.a(main.c.obj)      (--whole-archive)
zephyr/libzephyr.a(heap.c.obj)
                              (--whole-archive)
zephyr/libzephyr.a(cbprintf_packaged.c.obj)
                              (--whole-archive)
zephyr/libzephyr.a(printk.c.obj)
                              (--whole-archive)
zephyr/libzephyr.a(sem.c.obj)
                              (--whole-archive)
zephyr/libzephyr.a(thread_entry.c.obj)
                              (--whole-archive)
zephyr/libzephyr.a(cbprintf_complete.c.obj)
                              (--whole-archive)
zephyr/libzephyr.a(assert.c.obj)
                              (--whole-archive)
zephyr/libzephyr.a(mpsc_pbuf.c.obj)
                              (--whole-archive)
zephyr/libzephyr.a(dec.c.obj)
                              (--whole-archive)
zephyr/libzephyr.a(hex.c.obj)
                              (--whole-archive)
zephyr/libzephyr.a(rb.c.obj)  (--whole-archive)
zephyr/libzephyr.a(timeutil.c.obj)
                              (--whole-archive)
zephyr/libzephyr.a(bitarray.c.obj)
                              (--whole-archive)
zephyr/libzephyr.a(onoff.c.obj)
                              (--whole-archive)
zephyr/libzephyr.a(notify.c.obj)
                              (--whole-archive)
zephyr/libzephyr.a(ring_buffer.c.obj)
                              (--whole-archive)
zephyr/libzephyr.a(last_section_id.c.obj)
                              (--whole-archive)
zephyr/libzephyr.a(configs.c.obj)
                              (--whole-archive)
zephyr/libzephyr.a(thread_info.c.obj)
                              (--whole-archive)
zephyr/libzephyr.a(log_core.c.obj)
                              (--whole-archive)
zephyr/libzephyr.a(log_mgmt.c.obj)
                              (--whole-archive)
zephyr/libzephyr.a(log_cache.c.obj)
                              (--whole-archive)
zephyr/libzephyr.a(log_msg.c.obj)
                              (--whole-archive)
zephyr/libzephyr.a(log_output.c.obj)
                              (--whole-archive)
zephyr/libzephyr.a(log_backend_rtt.c.obj)
                              (--whole-archive)
zephyr/libzephyr.a(log_backend_uart.c.obj)
                              (--whole-archive)
zephyr/libzephyr.a(mem_attr.c.obj)
                              (--whole-archive)
zephyr/libzephyr.a(tracing_none.c.obj)
                              (--whole-archive)
zephyr/libzephyr.a(banner.c.obj)
                              (--whole-archive)
zephyr/libzephyr.a(flash_map_partition_manager.c.obj)
                              (--whole-archive)
zephyr/libzephyr.a(nrf_cc3xx_platform_abort_zephyr.c.obj)
                              (--whole-archive)
zephyr/libzephyr.a(nrf_cc3xx_platform_mutex_zephyr.c.obj)
                              (--whole-archive)
zephyr/arch/common/libarch__common.a(sw_isr_common.c.obj)
                              (--whole-archive)
zephyr/arch/arch/arm/core/libarch__arm__core.a(fatal.c.obj)
                              (--whole-archive)
zephyr/arch/arch/arm/core/libarch__arm__core.a(nmi.c.obj)
                              (--whole-archive)
zephyr/arch/arch/arm/core/libarch__arm__core.a(nmi_on_reset.S.obj)
                              (--whole-archive)
zephyr/arch/arch/arm/core/libarch__arm__core.a(tls.c.obj)
                              (--whole-archive)
zephyr/arch/arch/arm/core/cortex_m/libarch__arm__core__cortex_m.a(exc_exit.c.obj)
                              (--whole-archive)
zephyr/arch/arch/arm/core/cortex_m/libarch__arm__core__cortex_m.a(fault.c.obj)
                              (--whole-archive)
zephyr/arch/arch/arm/core/cortex_m/libarch__arm__core__cortex_m.a(fault_s.S.obj)
                              (--whole-archive)
zephyr/arch/arch/arm/core/cortex_m/libarch__arm__core__cortex_m.a(fpu.c.obj)
                              (--whole-archive)
zephyr/arch/arch/arm/core/cortex_m/libarch__arm__core__cortex_m.a(reset.S.obj)
                              (--whole-archive)
zephyr/arch/arch/arm/core/cortex_m/libarch__arm__core__cortex_m.a(scb.c.obj)
                              (--whole-archive)
zephyr/arch/arch/arm/core/cortex_m/libarch__arm__core__cortex_m.a(thread_abort.c.obj)
                              (--whole-archive)
zephyr/arch/arch/arm/core/cortex_m/libarch__arm__core__cortex_m.a(vector_table.S.obj)
                              (--whole-archive)
zephyr/arch/arch/arm/core/cortex_m/libarch__arm__core__cortex_m.a(swap_helper.S.obj)
                              (--whole-archive)
zephyr/arch/arch/arm/core/cortex_m/libarch__arm__core__cortex_m.a(irq_manage.c.obj)
                              (--whole-archive)
zephyr/arch/arch/arm/core/cortex_m/libarch__arm__core__cortex_m.a(prep_c.c.obj)
[...]
Memory Configuration

Name             Origin             Length             Attributes
FLASH            0x0000000000000000 0x0000000000100000 xr
RAM              0x0000000020000000 0x0000000000040000 xw
IDT_LIST         0x00000000ffff7fff 0x0000000000008000 xw
*default*        0x0000000000000000 0xffffffffffffffff

Linker script and memory map

                0x000000000000b8a8                vfprintf = __l_vfprintf
                0x0000000000000000                vfscanf = __l_vfscanf
LOAD zephyr/CMakeFiles/zephyr_final.dir/misc/empty_file.c.obj
LOAD zephyr/CMakeFiles/zephyr_final.dir/isr_tables.c.obj
LOAD zephyr/CMakeFiles/offsets.dir/./arch/arm/core/offsets/offsets.c.obj
LOAD app/libapp.a
LOAD zephyr/libzephyr.a
LOAD zephyr/arch/common/libarch__common.a
LOAD zephyr/arch/arch/arm/core/libarch__arm__core.a
LOAD zephyr/arch/arch/arm/core/cortex_m/libarch__arm__core__cortex_m.a
LOAD zephyr/arch/arch/arm/core/mpu/libarch__arm__core__mpu.a
LOAD zephyr/lib/libc/picolibc/liblib__libc__picolibc.a
LOAD zephyr/lib/libc/common/liblib__libc__common.a
LOAD zephyr/lib/net_buf/liblib__net_buf.a
LOAD zephyr/soc/soc/nrf52840/libsoc__nordic.a
LOAD zephyr/subsys/usb/device_next/libsubsys__usb__device_next.a
LOAD zephyr/drivers/usb/udc/libdrivers__usb__udc.a
LOAD zephyr/drivers/usb/common/nrf_usbd_common/libdrivers__usb__common__nrf_usbd_common.a
LOAD zephyr/drivers/clock_control/libdrivers__clock_control.a
LOAD zephyr/drivers/console/libdrivers__console.a
LOAD zephyr/drivers/gpio/libdrivers__gpio.a
LOAD zephyr/drivers/hwinfo/libdrivers__hwinfo.a
LOAD zephyr/drivers/pinctrl/libdrivers__pinctrl.a
LOAD zephyr/drivers/serial/libdrivers__serial.a
LOAD zephyr/drivers/timer/libdrivers__timer.a
LOAD modules/nrf/drivers/hw_cc3xx/lib..__nrf__drivers__hw_cc3xx.a
LOAD modules/hal_nordic/modules/hal_nordic/nrfx/libmodules__hal_nordic__nrfx.a
LOAD modules/segger/libmodules__segger.a
LOAD zephyr/kernel/libkernel.a
LOAD zephyr/arch/common/libisr_tables.a
LOAD C:/ncs/v3.0.2/nrfxlib/crypto/nrf_cc310_platform/lib/cortex-m4/soft-float/no-interrupts/libnrf_cc310_platform_0.9.19.a
LOAD c:\ncs\toolchains\0b393f9e1b\opt\zephyr-sdk\arm-zephyr-eabi\bin\../lib/gcc/../../picolibc/arm-zephyr-eabi/lib/thumb/v7e-m/nofp\libc.a
LOAD c:/ncs/toolchains/0b393f9e1b/opt/zephyr-sdk/arm-zephyr-eabi/bin/../lib/gcc/arm-zephyr-eabi/12.2.0/thumb/v7e-m/nofp\libgcc.a
                0x0000000000000020                _region_min_align = 0x20

.rel.plt        0x0000000000000000        0x0
 *(SORT_BY_ALIGNMENT(.rel.plt))
                [!provide]                        PROVIDE (__rel_iplt_start = .)
 *(SORT_BY_ALIGNMENT(.rel.iplt))
 .rel.iplt      0x0000000000000000        0x0 zephyr/CMakeFiles/zephyr_final.dir/isr_tables.c.obj
                [!provide]                        PROVIDE (__rel_iplt_end = .)

.rela.plt       0x0000000000000000        0x0
 *(SORT_BY_ALIGNMENT(.rela.plt))
                [!provide]                        PROVIDE (__rela_iplt_start = .)
 *(SORT_BY_ALIGNMENT(.rela.iplt))
                [!provide]                        PROVIDE (__rela_iplt_end = .)

.rel.dyn
 *(SORT_BY_ALIGNMENT(.rel.*))

.rela.dyn
 *(SORT_BY_ALIGNMENT(.rela.*))

/DISCARD/
 *(SORT_BY_ALIGNMENT(.plt))

/DISCARD/
 *(SORT_BY_ALIGNMENT(.iplt))
                0x0000000000000000                __rom_region_start = 0x0

rom_start       0x0000000000000000      0x100
                0x0000000000000000                __rom_start_address = .
 FILL mask 0x00
                0x0000000000000000                . = (. + (0x0 - (. - __rom_start_address)))
                0x0000000000000000                . = ALIGN (0x4)
                0x0000000000000000                . = ALIGN (0x80)
                0x0000000000000000                . = ALIGN (0x100)
                0x0000000000000000                _vector_start = .
 *(SORT_BY_ALIGNMENT(.exc_vector_table))
 *(SORT_BY_ALIGNMENT(.exc_vector_table.*))
 .exc_vector_table._vector_table_section
                0x0000000000000000       0x40 zephyr/arch/arch/arm/core/cortex_m/libarch__arm__core__cortex_m.a(vector_table.S.obj)
                0x0000000000000000                _vector_table
 *(SORT_BY_ALIGNMENT(.vectors))
                0x0000000000000100                _vector_end = .
                0x0000000000000040                . = ALIGN (0x4)
 *(SORT_BY_ALIGNMENT(.gnu.linkonce.irq_vector_table*))
 .gnu.linkonce.irq_vector_table
                0x0000000000000040       0xc0 zephyr/CMakeFiles/zephyr_final.dir/isr_tables.c.obj
                0x0000000000000040                _irq_vector_table
                0x0000000000000100                _vector_end = .

text            0x0000000000000100    0x11704
                0x0000000000000100                __text_region_start = .
 *(SORT_BY_ALIGNMENT(.text))
 .text          0x0000000000000100       0x30 c:/ncs/toolchains/0b393f9e1b/opt/zephyr-sdk/arm-zephyr-eabi/bin/../lib/gcc/arm-zephyr-eabi/12.2.0/thumb/v7e-m/nofp\libgcc.a(_aeabi_uldivmod.o)
                0x0000000000000100                __aeabi_uldivmod
 .text          0x0000000000000130        0x4 c:/ncs/toolchains/0b393f9e1b/opt/zephyr-sdk/arm-zephyr-eabi/bin/../lib/gcc/arm-zephyr-eabi/12.2.0/thumb/v7e-m/nofp\libgcc.a(_dvmd_tls.o)
                0x0000000000000130                __aeabi_idiv0
                0x0000000000000130                __aeabi_ldiv0
 .text          0x0000000000000134       0x14 c:\ncs\toolchains\0b393f9e1b\opt\zephyr-sdk\arm-zephyr-eabi\bin\../lib/gcc/../../picolibc/arm-zephyr-eabi/lib/thumb/v7e-m/nofp\libc.a(strcmp.S.o)
                0x0000000000000134                strcmp
 .text          0x0000000000000148       0x10 c:\ncs\toolchains\0b393f9e1b\opt\zephyr-sdk\arm-zephyr-eabi\bin\../lib/gcc/../../picolibc/arm-zephyr-eabi/lib/thumb/v7e-m/nofp\libc.a(strlen.S.o)
                0x0000000000000148                strlen
 .text          0x0000000000000158      0x2a0 c:/ncs/toolchains/0b393f9e1b/opt/zephyr-sdk/arm-zephyr-eabi/bin/../lib/gcc/arm-zephyr-eabi/12.2.0/thumb/v7e-m/nofp\libgcc.a(_udivmoddi4.o)
                0x0000000000000158                __udivmoddi4
 *(SORT_BY_ALIGNMENT(.text.*))
 .text.sample_usbd_setup_device
                0x00000000000003f8      0x164 app/libapp.a(sample_usbd_init.c.obj)
                0x00000000000003f8                sample_usbd_setup_device
 .text.sample_usbd_init_device
                0x000000000000055c       0x30 app/libapp.a(sample_usbd_init.c.obj)
                0x000000000000055c                sample_usbd_init_device
 .text.print_baudrate
                0x000000000000058c       0x3c app/libapp.a(hal_usbd.c.obj)
 .text.enable_usb_device_next
                0x00000000000005c8       0x64 app/libapp.a(hal_usbd.c.obj)
 .text.sample_msg_cb
                0x000000000000062c      0x150 app/libapp.a(hal_usbd.c.obj)
 .text.interrupt_handler
                0x000000000000077c      0x120 app/libapp.a(main.c.obj)
 .text.sys_init
                0x000000000000089c       0x68 app/libapp.a(main.c.obj)
                0x000000000000089c                sys_init
 .text.main     0x0000000000000904       0x90 app/libapp.a(main.c.obj)
                0x0000000000000904                main
 .text.cbvprintf_package
                0x0000000000000994      0x4b4 zephyr/libzephyr.a(cbprintf_packaged.c.obj)
                0x0000000000000994                cbvprintf_package
 .text.cbprintf_package_convert
                0x0000000000000e48      0x4c4 zephyr/libzephyr.a(cbprintf_packaged.c.obj)
                0x0000000000000e48                cbprintf_package_convert
 .text.__printk_hook_install
                0x000000000000130c        0xc zephyr/libzephyr.a(printk.c.obj)
                0x000000000000130c                __printk_hook_install
 .text.z_thread_entry
                0x0000000000001318       0x34 zephyr/libzephyr.a(thread_entry.c.obj)
                0x0000000000001318                z_thread_entry
 .text.process_event
                0x000000000000134c      0x16c zephyr/libzephyr.a(onoff.c.obj)
 .text.msg_process
                0x00000000000014b8       0x3c zephyr/libzephyr.a(log_core.c.obj)
 .text.log_backend_notify_all
                0x00000000000014f4       0x30 zephyr/libzephyr.a(log_core.c.obj)
 .text.activate_foreach_backend
                0x0000000000001524       0x64 zephyr/libzephyr.a(log_core.c.obj)
 .text.z_log_init
                0x0000000000001588       0x98 zephyr/libzephyr.a(log_core.c.obj)
 .text.thread_set
                0x0000000000001620       0x28 zephyr/libzephyr.a(log_core.c.obj)
 .text.log_process_thread_timer_expiry_fn
                0x0000000000001648       0x10 zephyr/libzephyr.a(log_core.c.obj)
 .text.enable_logger
                0x0000000000001658       0x5c zephyr/libzephyr.a(log_core.c.obj)
 .text.log_format_func_t_get
                0x00000000000016b4        0xc zephyr/libzephyr.a(log_core.c.obj)
                0x00000000000016b4                log_format_func_t_get
 .text.log_set_timestamp_func
                0x00000000000016c0       0x24 zephyr/libzephyr.a(log_core.c.obj)
                0x00000000000016c0                log_set_timestamp_func
 .text.z_log_notify_backend_enabled
                0x00000000000016e4       0x20 zephyr/libzephyr.a(log_core.c.obj)
                0x00000000000016e4                z_log_notify_backend_enabled
 .text.z_log_dropped
                0x0000000000001704       0x54 zephyr/libzephyr.a(log_core.c.obj)
                0x0000000000001704                z_log_dropped
 .text.z_log_dropped_read_and_clear
                0x0000000000001758       0x20 zephyr/libzephyr.a(log_core.c.obj)
                0x0000000000001758                z_log_dropped_read_and_clear
 .text.dropped_notify
                0x0000000000001778       0x38 zephyr/libzephyr.a(log_core.c.obj)
                0x0000000000001778                dropped_notify
 .text.z_log_dropped_pending
                0x00000000000017b0       0x14 zephyr/libzephyr.a(log_core.c.obj)
                0x00000000000017b0                z_log_dropped_pending
 .text.z_log_msg_init
                0x00000000000017c4       0x20 zephyr/libzephyr.a(log_core.c.obj)
                0x00000000000017c4                z_log_msg_init
 .text.log_core_init
                0x00000000000017e4       0x30 zephyr/libzephyr.a(log_core.c.obj)
                0x00000000000017e4                log_core_init
 .text.z_log_msg_alloc
                0x0000000000001814       0x10 zephyr/libzephyr.a(log_core.c.obj)
                0x0000000000001814                z_log_msg_alloc
 .text.z_log_msg_local_claim
                0x0000000000001824       0x10 zephyr/libzephyr.a(log_core.c.obj)
                0x0000000000001824                z_log_msg_local_claim
 .text.z_log_msg_free
                0x0000000000001834       0x14 zephyr/libzephyr.a(log_core.c.obj)
                0x0000000000001834                z_log_msg_free
 .text.z_log_msg_pending
                0x0000000000001848       0x10 zephyr/libzephyr.a(log_core.c.obj)
                0x0000000000001848                z_log_msg_pending
 .text.z_impl_log_process
                0x0000000000001858       0xbc zephyr/libzephyr.a(log_core.c.obj)
                0x0000000000001858                z_impl_log_process
 .text.z_impl_log_panic
                0x0000000000001914       0x4c zephyr/libzephyr.a(log_core.c.obj)
                0x0000000000001914                z_impl_log_panic
 .text.z_log_msg_post_finalize
                0x0000000000001960       0x84 zephyr/libzephyr.a(log_core.c.obj)
 .text.z_log_msg_commit
                0x00000000000019e4       0x20 zephyr/libzephyr.a(log_core.c.obj)
                0x00000000000019e4                z_log_msg_commit
 .text.log_process_thread_func
                0x0000000000001a04       0x78 zephyr/libzephyr.a(log_core.c.obj)
 .text.log_src_cnt_get
                0x0000000000001a7c       0x14 zephyr/libzephyr.a(log_mgmt.c.obj)
                0x0000000000001a7c                log_src_cnt_get
 .text.log_source_name_get
                0x0000000000001a90       0x1c zephyr/libzephyr.a(log_mgmt.c.obj)
                0x0000000000001a90                log_source_name_get
 .text.log_backend_enable
                0x0000000000001aac       0x2c zephyr/libzephyr.a(log_mgmt.c.obj)
                0x0000000000001aac                log_backend_enable
 .text.cbprintf_package_copy
                0x0000000000001ad8       0x30 zephyr/libzephyr.a(log_msg.c.obj)
 .text.z_impl_z_log_msg_static_create
                0x0000000000001b08      0x158 zephyr/libzephyr.a(log_msg.c.obj)
                0x0000000000001b08                z_impl_z_log_msg_static_create
 .text.z_log_msg_runtime_vcreate
                0x0000000000001c60       0xac zephyr/libzephyr.a(log_msg.c.obj)
                0x0000000000001c60                z_log_msg_runtime_vcreate
 .text.log_msg_get_source_id
                0x0000000000001d0c       0x18 zephyr/libzephyr.a(log_msg.c.obj)
                0x0000000000001d0c                log_msg_get_source_id
 .text.print_formatted
                0x0000000000001d24       0x24 zephyr/libzephyr.a(log_output.c.obj)
 .text.timestamp_print
                0x0000000000001d48       0x8c zephyr/libzephyr.a(log_output.c.obj)
 .text.color_print
                0x0000000000001dd4       0x2c zephyr/libzephyr.a(log_output.c.obj)
 .text.ids_print
                0x0000000000001e00       0x70 zephyr/libzephyr.a(log_output.c.obj)
 .text.prefix_print
                0x0000000000001e70       0x88 zephyr/libzephyr.a(log_output.c.obj)
 .text.newline_print
                0x0000000000001ef8       0x28 zephyr/libzephyr.a(log_output.c.obj)
 .text.hexdump_line_print
                0x0000000000001f20       0xc4 zephyr/libzephyr.a(log_output.c.obj)
 .text.log_output_process
                0x0000000000001fe4       0x88 zephyr/libzephyr.a(log_output.c.obj)
                0x0000000000001fe4                log_output_process
 .text.log_output_dropped_process
                0x000000000000206c       0x84 zephyr/libzephyr.a(log_output.c.obj)
                0x000000000000206c                log_output_dropped_process
 .text.log_output_timestamp_freq_set
                0x00000000000020f0       0x2c zephyr/libzephyr.a(log_output.c.obj)
                0x00000000000020f0                log_output_timestamp_freq_set
 .text.log_backend_rtt_init
                0x000000000000211c       0x1c zephyr/libzephyr.a(log_backend_rtt.c.obj)
 .text.panic    0x0000000000002138       0x18 zephyr/libzephyr.a(log_backend_rtt.c.obj)
 .text.format_set
                0x0000000000002150        0xc zephyr/libzephyr.a(log_backend_rtt.c.obj)
 .text.on_failed_write
                0x000000000000215c       0x2c zephyr/libzephyr.a(log_backend_rtt.c.obj)
 .text.on_write
                0x0000000000002188       0x38 zephyr/libzephyr.a(log_backend_rtt.c.obj)
 .text.data_out_block_mode
                0x00000000000021c0       0x7c zephyr/libzephyr.a(log_backend_rtt.c.obj)
 .text.dropped  0x000000000000223c       0x10 zephyr/libzephyr.a(log_backend_rtt.c.obj)
 .text.process  0x000000000000224c       0x20 zephyr/libzephyr.a(log_backend_rtt.c.obj)
 .text.char_out
                0x000000000000226c       0x24 zephyr/libzephyr.a(log_backend_uart.c.obj)
 .text.mem_attr_get_regions
                0x0000000000002290        0xc zephyr/libzephyr.a(mem_attr.c.obj)
                0x0000000000002290                mem_attr_get_regions
 .text.boot_banner
                0x000000000000229c       0x18 zephyr/libzephyr.a(banner.c.obj)
                0x000000000000229c                boot_banner
 .text.nrf_cc3xx_platform_abort_init
                0x00000000000022b4       0x10 zephyr/libzephyr.a(nrf_cc3xx_platform_abort_zephyr.c.obj)
                0x00000000000022b4                nrf_cc3xx_platform_abort_init
 .text.mutex_flags_unknown
                0x00000000000022c4       0x50 zephyr/libzephyr.a(nrf_cc3xx_platform_mutex_zephyr.c.obj)
 .text.mutex_unlock_platform
                0x0000000000002314       0x58 zephyr/libzephyr.a(nrf_cc3xx_platform_mutex_zephyr.c.obj)
 .text.mutex_lock_platform
                0x000000000000236c       0x64 zephyr/libzephyr.a(nrf_cc3xx_platform_mutex_zephyr.c.obj)
 .text.mutex_free_platform
                0x00000000000023d0       0x5c zephyr/libzephyr.a(nrf_cc3xx_platform_mutex_zephyr.c.obj)
 .text.mutex_init_platform
                0x000000000000242c       0x88 zephyr/libzephyr.a(nrf_cc3xx_platform_mutex_zephyr.c.obj)
 .text.nrf_cc3xx_platform_mutex_init
                0x00000000000024b4       0x28 zephyr/libzephyr.a(nrf_cc3xx_platform_mutex_zephyr.c.obj)
                0x00000000000024b4                nrf_cc3xx_platform_mutex_init
 .text.esf_dump
                0x00000000000024dc      0x160 zephyr/arch/arch/arm/core/libarch__arm__core.a(fatal.c.obj)
 .text.z_arm_fatal_error
                0x000000000000263c       0x38 zephyr/arch/arch/arm/core/libarch__arm__core.a(fatal.c.obj)
                0x000000000000263c                z_arm_fatal_error
 .text.z_SysNmiOnReset
                0x0000000000002674        0x8 zephyr/arch/arch/arm/core/libarch__arm__core.a(nmi_on_reset.S.obj)
                0x0000000000002674                z_SysNmiOnReset
 .text.z_tls_copy
                0x000000000000267c       0x28 zephyr/arch/arch/arm/core/libarch__arm__core.a(tls.c.obj)
 .text.arch_tls_stack_setup
                0x00000000000026a4       0x28 zephyr/arch/arch/arm/core/libarch__arm__core.a(tls.c.obj)
                0x00000000000026a4                arch_tls_stack_setup
 .text._HandlerModeExit
                0x00000000000026cc       0x28 zephyr/arch/arch/arm/core/cortex_m/libarch__arm__core__cortex_m.a(exc_exit.c.obj)
                0x00000000000026cc                z_arm_int_exit
                0x00000000000026cc                z_arm_exc_exit
 .text.z_arm_is_synchronous_svc
                0x00000000000026f4       0x3c zephyr/arch/arch/arm/core/cortex_m/libarch__arm__core__cortex_m.a(fault.c.obj)
 .text.get_esf  0x0000000000002730       0x48 zephyr/arch/arch/arm/core/cortex_m/libarch__arm__core__cortex_m.a(fault.c.obj)
 .text.usage_fault
                0x0000000000002778       0xd4 zephyr/arch/arch/arm/core/cortex_m/libarch__arm__core__cortex_m.a(fault.c.obj)
 .text.debug_monitor
                0x000000000000284c       0x1c zephyr/arch/arch/arm/core/cortex_m/libarch__arm__core__cortex_m.a(fault.c.obj)
 .text.reserved_exception
                0x0000000000002868       0xd8 zephyr/arch/arch/arm/core/cortex_m/libarch__arm__core__cortex_m.a(fault.c.obj)
 .text.bus_fault
                0x0000000000002940      0x110 zephyr/arch/arch/arm/core/cortex_m/libarch__arm__core__cortex_m.a(fault.c.obj)
 .text.mem_manage_fault
                0x0000000000002a50      0x148 zephyr/arch/arch/arm/core/cortex_m/libarch__arm__core__cortex_m.a(fault.c.obj)
 .text.hard_fault
                0x0000000000002b98       0xd0 zephyr/arch/arch/arm/core/cortex_m/libarch__arm__core__cortex_m.a(fault.c.obj)
 .text.z_arm_fault
                0x0000000000002c68       0x88 zephyr/arch/arch/arm/core/cortex_m/libarch__arm__core__cortex_m.a(fault.c.obj)
                0x0000000000002c68                z_arm_fault
 .text.z_arm_fault_init
                0x0000000000002cf0       0x18 zephyr/arch/arch/arm/core/cortex_m/libarch__arm__core__cortex_m.a(fault.c.obj)
                0x0000000000002cf0                z_arm_fault_init
 .text.__fault  0x0000000000002d08       0x14 zephyr/arch/arch/arm/core/cortex_m/libarch__arm__core__cortex_m.a(fault_s.S.obj)
                0x0000000000002d08                z_arm_usage_fault
                0x0000000000002d08                z_arm_mpu_fault
                0x0000000000002d08                z_arm_exc_spurious
                0x0000000000002d08                z_arm_debug_monitor
                0x0000000000002d08                z_arm_hard_fault
                0x0000000000002d08                z_arm_bus_fault
 .text._reset_section
                0x0000000000002d1c       0x60 zephyr/arch/arch/arm/core/cortex_m/libarch__arm__core__cortex_m.a(reset.S.obj)
                0x0000000000002d1c                __start
                0x0000000000002d1c                z_arm_reset
 .text.z_arm_clear_arm_mpu_config
                0x0000000000002d7c       0x28 zephyr/arch/arch/arm/core/cortex_m/libarch__arm__core__cortex_m.a(scb.c.obj)
                0x0000000000002d7c                z_arm_clear_arm_mpu_config
 .text.z_arm_init_arch_hw_at_boot
                0x0000000000002da4       0x54 zephyr/arch/arch/arm/core/cortex_m/libarch__arm__core__cortex_m.a(scb.c.obj)
                0x0000000000002da4                z_arm_init_arch_hw_at_boot
 .text.z_impl_k_thread_abort
                0x0000000000002df8       0x34 zephyr/arch/arch/arm/core/cortex_m/libarch__arm__core__cortex_m.a(thread_abort.c.obj)
                0x0000000000002df8                z_impl_k_thread_abort
 .text.z_arm_pendsv
                0x0000000000002e2c       0x68 zephyr/arch/arch/arm/core/cortex_m/libarch__arm__core__cortex_m.a(swap_helper.S.obj)
                0x0000000000002e2c                z_arm_pendsv
 .text.z_arm_svc
                0x0000000000002e94       0x24 zephyr/arch/arch/arm/core/cortex_m/libarch__arm__core__cortex_m.a(swap_helper.S.obj)
                0x0000000000002e94                z_arm_svc
 .text.__NVIC_EnableIRQ
                0x0000000000002eb8       0x1c zephyr/arch/arch/arm/core/cortex_m/libarch__arm__core__cortex_m.a(irq_manage.c.obj)
 .text.__NVIC_DisableIRQ
                0x0000000000002ed4       0x24 zephyr/arch/arch/arm/core/cortex_m/libarch__arm__core__cortex_m.a(irq_manage.c.obj)
 .text.__NVIC_SetPriority
                0x0000000000002ef8       0x28 zephyr/arch/arch/arm/core/cortex_m/libarch__arm__core__cortex_m.a(irq_manage.c.obj)
 .text.arch_irq_is_enabled
                0x0000000000002f20       0x1c zephyr/arch/arch/arm/core/cortex_m/libarch__arm__core__cortex_m.a(irq_manage.c.obj)
                0x0000000000002f20                arch_irq_is_enabled
 .text.z_prep_c
                0x0000000000002f3c       0x38 zephyr/arch/arch/arm/core/cortex_m/libarch__arm__core__cortex_m.a(prep_c.c.obj)
                0x0000000000002f3c                z_prep_c
 .text.arch_new_thread
                0x0000000000002f74       0x44 zephyr/arch/arch/arm/core/cortex_m/libarch__arm__core__cortex_m.a(thread.c.obj)
                0x0000000000002f74                arch_new_thread
 .text.z_check_thread_stack_fail
                0x0000000000002fb8       0x48 zephyr/arch/arch/arm/core/cortex_m/libarch__arm__core__cortex_m.a(thread.c.obj)
                0x0000000000002fb8                z_check_thread_stack_fail
 .text.arch_switch_to_main_thread
                0x0000000000003000       0x40 zephyr/arch/arch/arm/core/cortex_m/libarch__arm__core__cortex_m.a(thread.c.obj)
                0x0000000000003000                arch_switch_to_main_thread
 .text.z_arm_cpu_idle_init
                0x0000000000003040        0xc zephyr/arch/arch/arm/core/cortex_m/libarch__arm__core__cortex_m.a(cpu_idle.c.obj)
                0x0000000000003040                z_arm_cpu_idle_init
 .text.z_arm_interrupt_init
                0x000000000000304c       0x34 zephyr/arch/arch/arm/core/cortex_m/libarch__arm__core__cortex_m.a(irq_init.c.obj)
                0x000000000000304c                z_arm_interrupt_init
 .text._isr_wrapper
                0x0000000000003080       0x20 zephyr/arch/arch/arm/core/cortex_m/libarch__arm__core__cortex_m.a(isr_wrapper.c.obj)
                0x0000000000003080                _isr_wrapper
 .text.z_arm_configure_static_mpu_regions
                0x00000000000030a0       0x1c zephyr/arch/arch/arm/core/mpu/libarch__arm__core__mpu.a(arm_core_mpu.c.obj)
                0x00000000000030a0                z_arm_configure_static_mpu_regions
 .text.z_arm_configure_dynamic_mpu_regions
                0x00000000000030bc       0x24 zephyr/arch/arch/arm/core/mpu/libarch__arm__core__mpu.a(arm_core_mpu.c.obj)
                0x00000000000030bc                z_arm_configure_dynamic_mpu_regions
 .text.region_init
                0x00000000000030e0       0x28 zephyr/arch/arch/arm/core/mpu/libarch__arm__core__mpu.a(arm_mpu.c.obj)
 .text.region_allocate_and_init
                0x0000000000003108       0x3c zephyr/arch/arch/arm/core/mpu/libarch__arm__core__mpu.a(arm_mpu.c.obj)
 .text.mpu_configure_regions
                0x0000000000003144       0x64 zephyr/arch/arch/arm/core/mpu/libarch__arm__core__mpu.a(arm_mpu.c.obj)
 .text.mpu_configure_static_mpu_regions
                0x00000000000031a8       0x14 zephyr/arch/arch/arm/core/mpu/libarch__arm__core__mpu.a(arm_mpu.c.obj)
 .text.mpu_configure_dynamic_mpu_regions
                0x00000000000031bc       0x3c zephyr/arch/arch/arm/core/mpu/libarch__arm__core__mpu.a(arm_mpu.c.obj)
 .text.arm_core_mpu_enable
                0x00000000000031f8       0x18 zephyr/arch/arch/arm/core/mpu/libarch__arm__core__mpu.a(arm_mpu.c.obj)
                0x00000000000031f8                arm_core_mpu_enable
 .text.arm_core_mpu_disable
                0x0000000000003210       0x14 zephyr/arch/arch/arm/core/mpu/libarch__arm__core__mpu.a(arm_mpu.c.obj)
                0x0000000000003210                arm_core_mpu_disable
 .text.z_arm_mpu_init
                0x0000000000003224       0x80 zephyr/arch/arch/arm/core/mpu/libarch__arm__core__mpu.a(arm_mpu.c.obj)
                0x0000000000003224                z_arm_mpu_init
 .text.cbvprintf
                0x00000000000032a4       0x34 zephyr/lib/libc/picolibc/liblib__libc__picolibc.a(cbprintf.c.obj)
                0x00000000000032a4                cbvprintf
 .text.z_impl_zephyr_fputc
                0x00000000000032d8       0x10 zephyr/lib/libc/picolibc/liblib__libc__picolibc.a(stdio.c.obj)
                0x00000000000032d8                z_impl_zephyr_fputc
 .text.__stdout_hook_install
                0x00000000000032e8       0x18 zephyr/lib/libc/picolibc/liblib__libc__picolibc.a(stdio.c.obj)
                0x00000000000032e8                __stdout_hook_install
 .text.malloc_prepare
                0x0000000000003300       0x24 zephyr/lib/libc/common/liblib__libc__common.a(malloc.c.obj)
 .text.pool_id  0x0000000000003324       0x18 zephyr/lib/net_buf/liblib__net_buf.a(buf.c.obj)
 .text.net_buf_pool_get
                0x000000000000333c       0x10 zephyr/lib/net_buf/liblib__net_buf.a(buf.c.obj)
                0x000000000000333c                net_buf_pool_get
 .text.nordicsemi_nrf52_init
                0x000000000000334c       0x34 zephyr/soc/soc/nrf52840/libsoc__nordic.a(soc.c.obj)
 .text.arch_busy_wait
                0x0000000000003380       0x18 zephyr/soc/soc/nrf52840/libsoc__nordic.a(soc.c.obj)
                0x0000000000003380                arch_busy_wait
 .text.usbd_init
                0x0000000000003398       0x88 zephyr/subsys/usb/device_next/libsubsys__usb__device_next.a(usbd_device.c.obj)
                0x0000000000003398                usbd_init
 .text.usbd_enable
                0x0000000000003420       0x8c zephyr/subsys/usb/device_next/libsubsys__usb__device_next.a(usbd_device.c.obj)
                0x0000000000003420                usbd_enable
 .text.usbd_disable
                0x00000000000034ac       0x74 zephyr/subsys/usb/device_next/libsubsys__usb__device_next.a(usbd_device.c.obj)
                0x00000000000034ac                usbd_disable
 .text.usbd_class_control_to_host
                0x0000000000003520       0x20 zephyr/subsys/usb/device_next/libsubsys__usb__device_next.a(usbd_ch9.c.obj)
 .text.usbd_class_control_to_dev
                0x0000000000003540       0x20 zephyr/subsys/usb/device_next/libsubsys__usb__device_next.a(usbd_ch9.c.obj)
 .text.sreq_set_address
                0x0000000000003560       0xb0 zephyr/subsys/usb/device_next/libsubsys__usb__device_next.a(usbd_ch9.c.obj)
 .text.set_feature_test_mode
                0x0000000000003610       0x4c zephyr/subsys/usb/device_next/libsubsys__usb__device_next.a(usbd_ch9.c.obj)
 .text.post_status_stage
                0x000000000000365c       0x74 zephyr/subsys/usb/device_next/libsubsys__usb__device_next.a(usbd_ch9.c.obj)
 .text.sreq_set_configuration
                0x00000000000036d0       0xd0 zephyr/subsys/usb/device_next/libsubsys__usb__device_next.a(usbd_ch9.c.obj)
 .text.sreq_set_interface
                0x00000000000037a0       0x88 zephyr/subsys/usb/device_next/libsubsys__usb__device_next.a(usbd_ch9.c.obj)
 .text.sreq_clear_feature
                0x0000000000003828       0xbc zephyr/subsys/usb/device_next/libsubsys__usb__device_next.a(usbd_ch9.c.obj)
 .text.sreq_set_feature
                0x00000000000038e4       0xbc zephyr/subsys/usb/device_next/libsubsys__usb__device_next.a(usbd_ch9.c.obj)
 .text.std_request_to_device
                0x00000000000039a0       0x50 zephyr/subsys/usb/device_next/libsubsys__usb__device_next.a(usbd_ch9.c.obj)
 .text.sreq_get_status
                0x00000000000039f0       0xb0 zephyr/subsys/usb/device_next/libsubsys__usb__device_next.a(usbd_ch9.c.obj)
 .text.sreq_get_desc_dev
                0x0000000000003aa0       0x58 zephyr/subsys/usb/device_next/libsubsys__usb__device_next.a(usbd_ch9.c.obj)
 .text.sreq_get_desc_bos
                0x0000000000003af8       0xdc zephyr/subsys/usb/device_next/libsubsys__usb__device_next.a(usbd_ch9.c.obj)
 .text.sreq_get_dev_qualifier
                0x0000000000003bd4       0x98 zephyr/subsys/usb/device_next/libsubsys__usb__device_next.a(usbd_ch9.c.obj)
 .text.sreq_get_desc_cfg
                0x0000000000003c6c      0x11c zephyr/subsys/usb/device_next/libsubsys__usb__device_next.a(usbd_ch9.c.obj)
 .text.sreq_get_configuration
                0x0000000000003d88       0x60 zephyr/subsys/usb/device_next/libsubsys__usb__device_next.a(usbd_ch9.c.obj)
 .text.sreq_get_interface
                0x0000000000003de8       0xac zephyr/subsys/usb/device_next/libsubsys__usb__device_next.a(usbd_ch9.c.obj)
 .text.vendor_device_request
                0x0000000000003e94       0x78 zephyr/subsys/usb/device_next/libsubsys__usb__device_next.a(usbd_ch9.c.obj)
 .text.get_sn_from_hwid
                0x0000000000003f0c       0x64 zephyr/subsys/usb/device_next/libsubsys__usb__device_next.a(usbd_ch9.c.obj)
 .text.string_ascii7_to_utf16le
                0x0000000000003f70       0xb4 zephyr/subsys/usb/device_next/libsubsys__usb__device_next.a(usbd_ch9.c.obj)
 .text.sreq_get_desc_str
                0x0000000000004024       0x7c zephyr/subsys/usb/device_next/libsubsys__usb__device_next.a(usbd_ch9.c.obj)
 .text.sreq_get_descriptor
                0x00000000000040a0       0x70 zephyr/subsys/usb/device_next/libsubsys__usb__device_next.a(usbd_ch9.c.obj)
 .text.std_request_to_host
                0x0000000000004110       0x48 zephyr/subsys/usb/device_next/libsubsys__usb__device_next.a(usbd_ch9.c.obj)
 .text.handle_setup_request
                0x0000000000004158       0x68 zephyr/subsys/usb/device_next/libsubsys__usb__device_next.a(usbd_ch9.c.obj)
 .text.ctrl_xfer_get_setup
                0x00000000000041c0      0x1fc zephyr/subsys/usb/device_next/libsubsys__usb__device_next.a(usbd_ch9.c.obj)
 .text.usbd_handle_ctrl_xfer
                0x00000000000043bc      0x1d4 zephyr/subsys/usb/device_next/libsubsys__usb__device_next.a(usbd_ch9.c.obj)
                0x00000000000043bc                usbd_handle_ctrl_xfer
 .text.usbd_event_carrier
                0x0000000000004590       0x14 zephyr/subsys/usb/device_next/libsubsys__usb__device_next.a(usbd_core.c.obj)
 .text.usbd_class_bcast_event
                0x00000000000045a4       0x7c zephyr/subsys/usb/device_next/libsubsys__usb__device_next.a(usbd_core.c.obj)
 .text.event_handler_bus_reset
                0x0000000000004620       0xa4 zephyr/subsys/usb/device_next/libsubsys__usb__device_next.a(usbd_core.c.obj)
 .text.event_handler_ep_request
                0x00000000000046c4       0xcc zephyr/subsys/usb/device_next/libsubsys__usb__device_next.a(usbd_core.c.obj)
 .text.usbd_thread
                0x0000000000004790      0x100 zephyr/subsys/usb/device_next/libsubsys__usb__device_next.a(usbd_core.c.obj)
 .text.usbd_pre_init
                0x0000000000004890       0xac zephyr/subsys/usb/device_next/libsubsys__usb__device_next.a(usbd_core.c.obj)
 .text.usbd_device_init_core
                0x000000000000493c       0x48 zephyr/subsys/usb/device_next/libsubsys__usb__device_next.a(usbd_core.c.obj)
                0x000000000000493c                usbd_device_init_core
 .text.unassign_eps
                0x0000000000004984       0xbc zephyr/subsys/usb/device_next/libsubsys__usb__device_next.a(usbd_init.c.obj)
 .text.init_configuration
                0x0000000000004a40       0xd4 zephyr/subsys/usb/device_next/libsubsys__usb__device_next.a(usbd_init.c.obj)
 .text.usbd_init_configurations
                0x0000000000004b14       0x80 zephyr/subsys/usb/device_next/libsubsys__usb__device_next.a(usbd_init.c.obj)
                0x0000000000004b14                usbd_init_configurations
 .text.usbd_config_set
                0x0000000000004b94       0x74 zephyr/subsys/usb/device_next/libsubsys__usb__device_next.a(usbd_config.c.obj)
                0x0000000000004b94                usbd_config_set
 .text.usbd_add_configuration
                0x0000000000004c08      0x17c zephyr/subsys/usb/device_next/libsubsys__usb__device_next.a(usbd_config.c.obj)
                0x0000000000004c08                usbd_add_configuration
 .text.usbd_class_node_get
                0x0000000000004d84      0x108 zephyr/subsys/usb/device_next/libsubsys__usb__device_next.a(usbd_class.c.obj)
 .text.usbd_class_get_by_ep
                0x0000000000004e8c       0x64 zephyr/subsys/usb/device_next/libsubsys__usb__device_next.a(usbd_class.c.obj)
                0x0000000000004e8c                usbd_class_get_by_ep
 .text.usbd_register_class
                0x0000000000004ef0       0xc4 zephyr/subsys/usb/device_next/libsubsys__usb__device_next.a(usbd_class.c.obj)
                0x0000000000004ef0                usbd_register_class
 .text.usbd_register_all_classes
                0x0000000000004fb4      0x1ec zephyr/subsys/usb/device_next/libsubsys__usb__device_next.a(usbd_class.c.obj)
                0x0000000000004fb4                usbd_register_all_classes
 .text.handle_ep_op
                0x00000000000051a0       0xe8 zephyr/subsys/usb/device_next/libsubsys__usb__device_next.a(usbd_interface.c.obj)
 .text.usbd_ep_ctrl_enqueue
                0x0000000000005288       0x4c zephyr/subsys/usb/device_next/libsubsys__usb__device_next.a(usbd_endpoint.c.obj)
                0x0000000000005288                usbd_ep_ctrl_enqueue
 .text.usbd_ep_set_halt
                0x00000000000052d4       0x34 zephyr/subsys/usb/device_next/libsubsys__usb__device_next.a(usbd_endpoint.c.obj)
                0x00000000000052d4                usbd_ep_set_halt
 .text.usbd_ep_clear_halt
                0x0000000000005308       0x34 zephyr/subsys/usb/device_next/libsubsys__usb__device_next.a(usbd_endpoint.c.obj)
                0x0000000000005308                usbd_ep_clear_halt
 .text.usbd_msg_pub
                0x000000000000533c       0x74 zephyr/subsys/usb/device_next/libsubsys__usb__device_next.a(usbd_msg.c.obj)
 .text.msg_work_handler
                0x00000000000053b0       0x90 zephyr/subsys/usb/device_next/libsubsys__usb__device_next.a(usbd_msg.c.obj)
 .text.cdc_acm_irq_tx_ready
                0x0000000000005440       0x38 zephyr/subsys/usb/device_next/libsubsys__usb__device_next.a(usbd_cdc_acm.c.obj)
 .text.cdc_acm_irq_rx_ready
                0x0000000000005478       0x30 zephyr/subsys/usb/device_next/libsubsys__usb__device_next.a(usbd_cdc_acm.c.obj)
 .text.cdc_acm_irq_is_pending
                0x00000000000054a8       0x38 zephyr/subsys/usb/device_next/libsubsys__usb__device_next.a(usbd_cdc_acm.c.obj)
 .text.cdc_acm_irq_update
                0x00000000000054e0       0x70 zephyr/subsys/usb/device_next/libsubsys__usb__device_next.a(usbd_cdc_acm.c.obj)
 .text.usbd_cdc_acm_cth
                0x0000000000005550       0x48 zephyr/subsys/usb/device_next/libsubsys__usb__device_next.a(usbd_cdc_acm.c.obj)
 .text.cdc_acm_irq_rx_enable
                0x0000000000005598       0x54 zephyr/subsys/usb/device_next/libsubsys__usb__device_next.a(usbd_cdc_acm.c.obj)
 .text.cdc_acm_irq_tx_enable
                0x00000000000055ec       0x40 zephyr/subsys/usb/device_next/libsubsys__usb__device_next.a(usbd_cdc_acm.c.obj)
 .text.cdc_acm_fifo_read
                0x000000000000562c       0x34 zephyr/subsys/usb/device_next/libsubsys__usb__device_next.a(usbd_cdc_acm.c.obj)
 .text.cdc_acm_poll_in
                0x0000000000005660       0x34 zephyr/subsys/usb/device_next/libsubsys__usb__device_next.a(usbd_cdc_acm.c.obj)
 .text.cdc_acm_fifo_fill
                0x0000000000005694       0x48 zephyr/subsys/usb/device_next/libsubsys__usb__device_next.a(usbd_cdc_acm.c.obj)
 .text.usbd_cdc_acm_enable
                0x00000000000056dc       0x6c zephyr/subsys/usb/device_next/libsubsys__usb__device_next.a(usbd_cdc_acm.c.obj)
 .text.cdc_acm_poll_out
                0x0000000000005748       0x70 zephyr/subsys/usb/device_next/libsubsys__usb__device_next.a(usbd_cdc_acm.c.obj)
 .text.usbd_cdc_acm_request
                0x00000000000057b8      0x154 zephyr/subsys/usb/device_next/libsubsys__usb__device_next.a(usbd_cdc_acm.c.obj)
 .text.usbd_cdc_acm_ctd
                0x000000000000590c       0x6c zephyr/subsys/usb/device_next/libsubsys__usb__device_next.a(usbd_cdc_acm.c.obj)
 .text.usbd_cdc_acm_preinit
                0x0000000000005978       0x50 zephyr/subsys/usb/device_next/libsubsys__usb__device_next.a(usbd_cdc_acm.c.obj)
 .text.cdc_acm_irq_cb_handler
                0x00000000000059c8       0xcc zephyr/subsys/usb/device_next/libsubsys__usb__device_next.a(usbd_cdc_acm.c.obj)
 .text.usbd_cdc_acm_init_wq
                0x0000000000005a94       0x3c zephyr/subsys/usb/device_next/libsubsys__usb__device_next.a(usbd_cdc_acm.c.obj)
 .text.cdc_acm_buf_alloc
                0x0000000000005ad0       0x18 zephyr/subsys/usb/device_next/libsubsys__usb__device_next.a(usbd_cdc_acm.c.obj)
                0x0000000000005ad0                cdc_acm_buf_alloc
 .text.cdc_acm_rx_fifo_handler
                0x0000000000005ae8       0x9c zephyr/subsys/usb/device_next/libsubsys__usb__device_next.a(usbd_cdc_acm.c.obj)
 .text.cdc_acm_tx_fifo_handler
                0x0000000000005b84       0xc4 zephyr/subsys/usb/device_next/libsubsys__usb__device_next.a(usbd_cdc_acm.c.obj)
 .text.udc_set_suspended
                0x0000000000005c48       0x34 zephyr/drivers/usb/udc/libdrivers__usb__udc.a(udc_common.c.obj)
                0x0000000000005c48                udc_set_suspended
 .text.udc_ep_enable_internal
                0x0000000000005c7c       0xb0 zephyr/drivers/usb/udc/libdrivers__usb__udc.a(udc_common.c.obj)
                0x0000000000005c7c                udc_ep_enable_internal
 .text.udc_ep_disable_internal
                0x0000000000005d2c       0x54 zephyr/drivers/usb/udc/libdrivers__usb__udc.a(udc_common.c.obj)
                0x0000000000005d2c                udc_ep_disable_internal
 .text.udc_ep_buf_alloc
                0x0000000000005d80       0x48 zephyr/drivers/usb/udc/libdrivers__usb__udc.a(udc_common.c.obj)
                0x0000000000005d80                udc_ep_buf_alloc
 .text.udc_ctrl_update_stage
                0x0000000000005dc8       0xd0 zephyr/drivers/usb/udc/libdrivers__usb__udc.a(udc_common.c.obj)
                0x0000000000005dc8                udc_ctrl_update_stage
 .text.udc_nrf_init
                0x0000000000005e98       0x38 zephyr/drivers/usb/udc/libdrivers__usb__udc.a(udc_nrf.c.obj)
 .text.udc_nrf_disable
                0x0000000000005ed0       0x78 zephyr/drivers/usb/udc/libdrivers__usb__udc.a(udc_nrf.c.obj)
 .text.udc_nrf_enable
                0x0000000000005f48       0xd0 zephyr/drivers/usb/udc/libdrivers__usb__udc.a(udc_nrf.c.obj)
 .text.udc_sof_check_iso_out
                0x0000000000006018       0x40 zephyr/drivers/usb/udc/libdrivers__usb__udc.a(udc_nrf.c.obj)
 .text.usbd_event_handler
                0x0000000000006058       0x5c zephyr/drivers/usb/udc/libdrivers__usb__udc.a(udc_nrf.c.obj)
 .text.udc_nrf_set_address
                0x00000000000060b4       0x40 zephyr/drivers/usb/udc/libdrivers__usb__udc.a(udc_nrf.c.obj)
 .text.udc_nrf_fake_status_in
                0x00000000000060f4       0x44 zephyr/drivers/usb/udc/libdrivers__usb__udc.a(udc_nrf.c.obj)
 .text.udc_nrf_ep_enqueue
                0x0000000000006138       0x54 zephyr/drivers/usb/udc/libdrivers__usb__udc.a(udc_nrf.c.obj)
 .text.udc_nrf_power_handler
                0x000000000000618c       0x4c zephyr/drivers/usb/udc/libdrivers__usb__udc.a(udc_nrf.c.obj)
 .text.udc_event_xfer_ctrl_in
                0x00000000000061d8       0x48 zephyr/drivers/usb/udc/libdrivers__usb__udc.a(udc_nrf.c.obj)
 .text.udc_event_xfer_in
                0x0000000000006220       0xac zephyr/drivers/usb/udc/libdrivers__usb__udc.a(udc_nrf.c.obj)
 .text.udc_event_xfer_out
                0x00000000000062cc       0x9c zephyr/drivers/usb/udc/libdrivers__usb__udc.a(udc_nrf.c.obj)
 .text.udc_nrf_clear_control_out
                0x0000000000006368       0x20 zephyr/drivers/usb/udc/libdrivers__usb__udc.a(udc_nrf.c.obj)
 .text.udc_event_xfer_setup
                0x0000000000006388      0x104 zephyr/drivers/usb/udc/libdrivers__usb__udc.a(udc_nrf.c.obj)
 .text.udc_event_xfer_in_next
                0x000000000000648c       0x74 zephyr/drivers/usb/udc/libdrivers__usb__udc.a(udc_nrf.c.obj)
 .text.udc_event_xfer_out_next
                0x0000000000006500       0x70 zephyr/drivers/usb/udc/libdrivers__usb__udc.a(udc_nrf.c.obj)
 .text.udc_nrf_thread
                0x0000000000006570       0xec zephyr/drivers/usb/udc/libdrivers__usb__udc.a(udc_nrf.c.obj)
 .text.udc_nrf_driver_init
                0x000000000000665c      0x1a0 zephyr/drivers/usb/udc/libdrivers__usb__udc.a(udc_nrf.c.obj)
 .text.usbd_ep_to_endevent
                0x00000000000067fc       0x3c zephyr/drivers/usb/common/nrf_usbd_common/libdrivers__usb__common__nrf_usbd_common.a(nrf_usbd_common.c.obj)
 .text.usbd_ep_amount_get
                0x0000000000006838       0x50 zephyr/drivers/usb/common/nrf_usbd_common/libdrivers__usb__common__nrf_usbd_common.a(nrf_usbd_common.c.obj)
 .text.usbd_ep_dma_start
                0x0000000000006888       0x7c zephyr/drivers/usb/common/nrf_usbd_common/libdrivers__usb__common__nrf_usbd_common.a(nrf_usbd_common.c.obj)
 .text.usbd_dma_pending_set
                0x0000000000006904       0x18 zephyr/drivers/usb/common/nrf_usbd_common/libdrivers__usb__common__nrf_usbd_common.a(nrf_usbd_common.c.obj)
 .text.usbd_dma_pending_clear
                0x000000000000691c       0x18 zephyr/drivers/usb/common/nrf_usbd_common/libdrivers__usb__common__nrf_usbd_common.a(nrf_usbd_common.c.obj)
 .text.ev_usbreset_handler
                0x0000000000006934       0x30 zephyr/drivers/usb/common/nrf_usbd_common/libdrivers__usb__common__nrf_usbd_common.a(nrf_usbd_common.c.obj)
 .text.ev_sof_handler
                0x0000000000006964       0x48 zephyr/drivers/usb/common/nrf_usbd_common/libdrivers__usb__common__nrf_usbd_common.a(nrf_usbd_common.c.obj)
 .text.usbd_ep_data_handler
                0x00000000000069ac       0x6c zephyr/drivers/usb/common/nrf_usbd_common/libdrivers__usb__common__nrf_usbd_common.a(nrf_usbd_common.c.obj)
 .text.ev_setup_handler
                0x0000000000006a18       0x60 zephyr/drivers/usb/common/nrf_usbd_common/libdrivers__usb__common__nrf_usbd_common.a(nrf_usbd_common.c.obj)
 .text.ev_usbevent_handler
                0x0000000000006a78       0x84 zephyr/drivers/usb/common/nrf_usbd_common/libdrivers__usb__common__nrf_usbd_common.a(nrf_usbd_common.c.obj)
 .text.usbd_errata_171_begin
                0x0000000000006afc       0x44 zephyr/drivers/usb/common/nrf_usbd_common/libdrivers__usb__common__nrf_usbd_common.a(nrf_usbd_common.c.obj)
 .text.usbd_errata_171_end
                0x0000000000006b40       0x44 zephyr/drivers/usb/common/nrf_usbd_common/libdrivers__usb__common__nrf_usbd_common.a(nrf_usbd_common.c.obj)
 .text.usbd_errata_187_211_begin
                0x0000000000006b84       0x44 zephyr/drivers/usb/common/nrf_usbd_common/libdrivers__usb__common__nrf_usbd_common.a(nrf_usbd_common.c.obj)
 .text.usbd_errata_187_211_end
                0x0000000000006bc8       0x44 zephyr/drivers/usb/common/nrf_usbd_common/libdrivers__usb__common__nrf_usbd_common.a(nrf_usbd_common.c.obj)
 .text.usbd_enable
                0x0000000000006c0c       0x58 zephyr/drivers/usb/common/nrf_usbd_common/libdrivers__usb__common__nrf_usbd_common.a(nrf_usbd_common.c.obj)
 .text.nrf_usbd_common_feeder
                0x0000000000006c64       0x58 zephyr/drivers/usb/common/nrf_usbd_common/libdrivers__usb__common__nrf_usbd_common.a(nrf_usbd_common.c.obj)
 .text.nrf_usbd_common_uninit
                0x0000000000006cbc       0x14 zephyr/drivers/usb/common/nrf_usbd_common/libdrivers__usb__common__nrf_usbd_common.a(nrf_usbd_common.c.obj)
                0x0000000000006cbc                nrf_usbd_common_uninit
 .text.nrf_usbd_common_enable
                0x0000000000006cd0       0xb0 zephyr/drivers/usb/common/nrf_usbd_common/libdrivers__usb__common__nrf_usbd_common.a(nrf_usbd_common.c.obj)
                0x0000000000006cd0                nrf_usbd_common_enable
 .text.nrf_usbd_common_start
                0x0000000000006d80       0x34 zephyr/drivers/usb/common/nrf_usbd_common/libdrivers__usb__common__nrf_usbd_common.a(nrf_usbd_common.c.obj)
                0x0000000000006d80                nrf_usbd_common_start
 .text.nrf_usbd_common_suspend
                0x0000000000006db4       0x74 zephyr/drivers/usb/common/nrf_usbd_common/libdrivers__usb__common__nrf_usbd_common.a(nrf_usbd_common.c.obj)
                0x0000000000006db4                nrf_usbd_common_suspend
 .text.nrf_usbd_common_suspend_check
                0x0000000000006e28       0x14 zephyr/drivers/usb/common/nrf_usbd_common/libdrivers__usb__common__nrf_usbd_common.a(nrf_usbd_common.c.obj)
                0x0000000000006e28                nrf_usbd_common_suspend_check
 .text.nrf_usbd_common_wakeup_req
                0x0000000000006e3c       0x7c zephyr/drivers/usb/common/nrf_usbd_common/libdrivers__usb__common__nrf_usbd_common.a(nrf_usbd_common.c.obj)
                0x0000000000006e3c                nrf_usbd_common_wakeup_req
 .text.nrf_usbd_common_ep_max_packet_size_set
                0x0000000000006eb8       0x24 zephyr/drivers/usb/common/nrf_usbd_common/libdrivers__usb__common__nrf_usbd_common.a(nrf_usbd_common.c.obj)
                0x0000000000006eb8                nrf_usbd_common_ep_max_packet_size_set
 .text.nrf_usbd_common_init
                0x0000000000006edc       0xb4 zephyr/drivers/usb/common/nrf_usbd_common/libdrivers__usb__common__nrf_usbd_common.a(nrf_usbd_common.c.obj)
                0x0000000000006edc                nrf_usbd_common_init
 .text.nrf_usbd_common_ep_enable_check
                0x0000000000006f90       0x2c zephyr/drivers/usb/common/nrf_usbd_common/libdrivers__usb__common__nrf_usbd_common.a(nrf_usbd_common.c.obj)
                0x0000000000006f90                nrf_usbd_common_ep_enable_check
 .text.nrf_usbd_common_ep_transfer
                0x0000000000006fbc       0xb4 zephyr/drivers/usb/common/nrf_usbd_common/libdrivers__usb__common__nrf_usbd_common.a(nrf_usbd_common.c.obj)
                0x0000000000006fbc                nrf_usbd_common_ep_transfer
 .text.nrf_usbd_common_ep_status_get
                0x0000000000007070       0x48 zephyr/drivers/usb/common/nrf_usbd_common/libdrivers__usb__common__nrf_usbd_common.a(nrf_usbd_common.c.obj)
                0x0000000000007070                nrf_usbd_common_ep_status_get
 .text.nrf_usbd_common_epout_size_get
                0x00000000000070b8       0x2c zephyr/drivers/usb/common/nrf_usbd_common/libdrivers__usb__common__nrf_usbd_common.a(nrf_usbd_common.c.obj)
                0x00000000000070b8                nrf_usbd_common_epout_size_get
 .text.usbd_dmareq_process
                0x00000000000070e4      0x12c zephyr/drivers/usb/common/nrf_usbd_common/libdrivers__usb__common__nrf_usbd_common.a(nrf_usbd_common.c.obj)
 .text.nrf_usbd_common_ep_is_busy
                0x0000000000007210       0x38 zephyr/drivers/usb/common/nrf_usbd_common/libdrivers__usb__common__nrf_usbd_common.a(nrf_usbd_common.c.obj)
                0x0000000000007210                nrf_usbd_common_ep_is_busy
 .text.nrf_usbd_common_ep_stall
                0x0000000000007248       0x10 zephyr/drivers/usb/common/nrf_usbd_common/libdrivers__usb__common__nrf_usbd_common.a(nrf_usbd_common.c.obj)
                0x0000000000007248                nrf_usbd_common_ep_stall
 .text.nrf_usbd_common_ep_stall_check
                0x0000000000007258       0x44 zephyr/drivers/usb/common/nrf_usbd_common/libdrivers__usb__common__nrf_usbd_common.a(nrf_usbd_common.c.obj)
                0x0000000000007258                nrf_usbd_common_ep_stall_check
 .text.nrf_usbd_common_ep_dtoggle_clear
                0x000000000000729c       0x14 zephyr/drivers/usb/common/nrf_usbd_common/libdrivers__usb__common__nrf_usbd_common.a(nrf_usbd_common.c.obj)
                0x000000000000729c                nrf_usbd_common_ep_dtoggle_clear
 .text.nrf_usbd_common_setup_get
                0x00000000000072b0       0x4c zephyr/drivers/usb/common/nrf_usbd_common/libdrivers__usb__common__nrf_usbd_common.a(nrf_usbd_common.c.obj)
                0x00000000000072b0                nrf_usbd_common_setup_get
 .text.nrf_usbd_common_setup_data_clear
                0x00000000000072fc        0xc zephyr/drivers/usb/common/nrf_usbd_common/libdrivers__usb__common__nrf_usbd_common.a(nrf_usbd_common.c.obj)
                0x00000000000072fc                nrf_usbd_common_setup_data_clear
 .text.nrf_usbd_dma_finished
                0x0000000000007308       0xbc zephyr/drivers/usb/common/nrf_usbd_common/libdrivers__usb__common__nrf_usbd_common.a(nrf_usbd_common.c.obj)
 .text.nrf_usbd_common_irq_handler
                0x00000000000073c4       0xf4 zephyr/drivers/usb/common/nrf_usbd_common/libdrivers__usb__common__nrf_usbd_common.a(nrf_usbd_common.c.obj)
                0x00000000000073c4                nrf_usbd_common_irq_handler
 .text.nrf_usbd_common_setup_clear
                0x00000000000074b8        0xc zephyr/drivers/usb/common/nrf_usbd_common/libdrivers__usb__common__nrf_usbd_common.a(nrf_usbd_common.c.obj)
                0x00000000000074b8                nrf_usbd_common_setup_clear
 .text.nrf_usbd_common_setup_stall
                0x00000000000074c4        0xc zephyr/drivers/usb/common/nrf_usbd_common/libdrivers__usb__common__nrf_usbd_common.a(nrf_usbd_common.c.obj)
                0x00000000000074c4                nrf_usbd_common_setup_stall
 .text.nrf_usbd_common_last_setup_dir_get
                0x00000000000074d0        0xc zephyr/drivers/usb/common/nrf_usbd_common/libdrivers__usb__common__nrf_usbd_common.a(nrf_usbd_common.c.obj)
                0x00000000000074d0                nrf_usbd_common_last_setup_dir_get
 .text.nrf_usbd_common_transfer_out_drop
                0x00000000000074dc       0x58 zephyr/drivers/usb/common/nrf_usbd_common/libdrivers__usb__common__nrf_usbd_common.a(nrf_usbd_common.c.obj)
                0x00000000000074dc                nrf_usbd_common_transfer_out_drop
 .text.usbd_ep_abort
                0x0000000000007534      0x11c zephyr/drivers/usb/common/nrf_usbd_common/libdrivers__usb__common__nrf_usbd_common.a(nrf_usbd_common.c.obj)
 .text.nrf_usbd_common_ep_abort
                0x0000000000007650       0x34 zephyr/drivers/usb/common/nrf_usbd_common/libdrivers__usb__common__nrf_usbd_common.a(nrf_usbd_common.c.obj)
                0x0000000000007650                nrf_usbd_common_ep_abort
 .text.usbd_ep_abort_all
                0x0000000000007684       0x54 zephyr/drivers/usb/common/nrf_usbd_common/libdrivers__usb__common__nrf_usbd_common.a(nrf_usbd_common.c.obj)
 .text.nrf_usbd_common_stop
                0x00000000000076d8       0x34 zephyr/drivers/usb/common/nrf_usbd_common/libdrivers__usb__common__nrf_usbd_common.a(nrf_usbd_common.c.obj)
 .text.nrf_usbd_common_disable
                0x000000000000770c       0x70 zephyr/drivers/usb/common/nrf_usbd_common/libdrivers__usb__common__nrf_usbd_common.a(nrf_usbd_common.c.obj)
                0x000000000000770c                nrf_usbd_common_disable
 .text.nrf_usbd_common_ep_disable
                0x000000000000777c       0x64 zephyr/drivers/usb/common/nrf_usbd_common/libdrivers__usb__common__nrf_usbd_common.a(nrf_usbd_common.c.obj)
                0x000000000000777c                nrf_usbd_common_ep_disable
 .text.nrf_usbd_common_ep_enable
                0x00000000000077e0       0x80 zephyr/drivers/usb/common/nrf_usbd_common/libdrivers__usb__common__nrf_usbd_common.a(nrf_usbd_common.c.obj)
                0x00000000000077e0                nrf_usbd_common_ep_enable
 .text.nrf_usbd_common_ep_stall_clear
                0x0000000000007860       0x28 zephyr/drivers/usb/common/nrf_usbd_common/libdrivers__usb__common__nrf_usbd_common.a(nrf_usbd_common.c.obj)
                0x0000000000007860                nrf_usbd_common_ep_stall_clear
 .text.get_hf_flags
                0x0000000000007888        0x8 zephyr/drivers/clock_control/libdrivers__clock_control.a(clock_control_nrf.c.obj)
 .text.get_subsys
                0x0000000000007890       0x18 zephyr/drivers/clock_control/libdrivers__clock_control.a(clock_control_nrf.c.obj)
 .text.onoff_stop
                0x00000000000078a8       0x20 zephyr/drivers/clock_control/libdrivers__clock_control.a(clock_control_nrf.c.obj)
 .text.onoff_start
                0x00000000000078c8       0x34 zephyr/drivers/clock_control/libdrivers__clock_control.a(clock_control_nrf.c.obj)
 .text.clock_event_handler
                0x00000000000078fc       0x34 zephyr/drivers/clock_control/libdrivers__clock_control.a(clock_control_nrf.c.obj)
 .text.generic_hfclk_start
                0x0000000000007930       0x70 zephyr/drivers/clock_control/libdrivers__clock_control.a(clock_control_nrf.c.obj)
 .text.generic_hfclk_stop
                0x00000000000079a0       0x34 zephyr/drivers/clock_control/libdrivers__clock_control.a(clock_control_nrf.c.obj)
 .text.lfclk_spinwait
                0x00000000000079d4       0xcc zephyr/drivers/clock_control/libdrivers__clock_control.a(clock_control_nrf.c.obj)
 .text.api_blocking_start
                0x0000000000007aa0       0x38 zephyr/drivers/clock_control/libdrivers__clock_control.a(clock_control_nrf.c.obj)
 .text.clk_init
                0x0000000000007ad8       0x60 zephyr/drivers/clock_control/libdrivers__clock_control.a(clock_control_nrf.c.obj)
 .text.z_nrf_clock_control_get_onoff
                0x0000000000007b38       0x10 zephyr/drivers/clock_control/libdrivers__clock_control.a(clock_control_nrf.c.obj)
                0x0000000000007b38                z_nrf_clock_control_get_onoff
 .text.z_nrf_clock_control_lf_on
                0x0000000000007b48       0x54 zephyr/drivers/clock_control/libdrivers__clock_control.a(clock_control_nrf.c.obj)
                0x0000000000007b48                z_nrf_clock_control_lf_on
 .text.console_out
                0x0000000000007b9c       0x28 zephyr/drivers/console/libdrivers__console.a(uart_console.c.obj)
 .text.uart_console_hook_install
                0x0000000000007bc4       0x18 zephyr/drivers/console/libdrivers__console.a(uart_console.c.obj)
 .text.uart_console_init
                0x0000000000007bdc       0x1c zephyr/drivers/console/libdrivers__console.a(uart_console.c.obj)
 .text.nrf_gpio_reconfigure
                0x0000000000007bf8       0xbc zephyr/drivers/gpio/libdrivers__gpio.a(gpio_nrfx.c.obj)
 .text.nrf_gpio_pin_dir_get
                0x0000000000007cb4       0x2c zephyr/drivers/gpio/libdrivers__gpio.a(gpio_nrfx.c.obj)
 .text.get_dev  0x0000000000007ce0       0x1c zephyr/drivers/gpio/libdrivers__gpio.a(gpio_nrfx.c.obj)
 .text.gpio_nrfx_pin_interrupt_configure
                0x0000000000007cfc       0xe0 zephyr/drivers/gpio/libdrivers__gpio.a(gpio_nrfx.c.obj)
 .text.gpio_nrfx_pin_configure
                0x0000000000007ddc      0x1c0 zephyr/drivers/gpio/libdrivers__gpio.a(gpio_nrfx.c.obj)
 .text.gpio_nrfx_init
                0x0000000000007f9c       0x54 zephyr/drivers/gpio/libdrivers__gpio.a(gpio_nrfx.c.obj)
 .text.nrf_gpio_cfg
                0x0000000000007ff0       0x50 zephyr/drivers/pinctrl/libdrivers__pinctrl.a(pinctrl_nrf.c.obj)
 .text.nrf_gpio_pin_set
                0x0000000000008040       0x28 zephyr/drivers/pinctrl/libdrivers__pinctrl.a(pinctrl_nrf.c.obj)
 .text.nrf_gpio_pin_clear
                0x0000000000008068       0x28 zephyr/drivers/pinctrl/libdrivers__pinctrl.a(pinctrl_nrf.c.obj)
 .text.pinctrl_configure_pins
                0x0000000000008090      0x29c zephyr/drivers/pinctrl/libdrivers__pinctrl.a(pinctrl_nrf.c.obj)
                0x0000000000008090                pinctrl_configure_pins
 .text.uarte_nrfx_poll_out
                0x000000000000832c       0x68 zephyr/drivers/serial/libdrivers__serial.a(uart_nrfx_uarte.c.obj)
 .text.endtx_stoptx_ppi_init
                0x0000000000008394       0x4c zephyr/drivers/serial/libdrivers__serial.a(uart_nrfx_uarte.c.obj)
 .text.uarte_instance_init
                0x00000000000083e0       0x38 zephyr/drivers/serial/libdrivers__serial.a(uart_nrfx_uarte.c.obj)
 .text.set_comparator
                0x0000000000008418       0x14 zephyr/drivers/timer/libdrivers__timer.a(nrf_rtc_timer.c.obj)
 .text.event_enable
                0x000000000000842c       0x14 zephyr/drivers/timer/libdrivers__timer.a(nrf_rtc_timer.c.obj)
 .text.event_disable
                0x0000000000008440       0x14 zephyr/drivers/timer/libdrivers__timer.a(nrf_rtc_timer.c.obj)
 .text.counter  0x0000000000008454        0xc zephyr/drivers/timer/libdrivers__timer.a(nrf_rtc_timer.c.obj)
 .text.set_alarm
                0x0000000000008460       0x88 zephyr/drivers/timer/libdrivers__timer.a(nrf_rtc_timer.c.obj)
 .text.int_event_disable_rtc
                0x00000000000084e8       0x18 zephyr/drivers/timer/libdrivers__timer.a(nrf_rtc_timer.c.obj)
 .text.compare_int_lock
                0x0000000000008500       0x4c zephyr/drivers/timer/libdrivers__timer.a(nrf_rtc_timer.c.obj)
 .text.channel_processing_check_and_clear
                0x000000000000854c       0x60 zephyr/drivers/timer/libdrivers__timer.a(nrf_rtc_timer.c.obj)
 .text.compare_int_unlock
                0x00000000000085ac       0x60 zephyr/drivers/timer/libdrivers__timer.a(nrf_rtc_timer.c.obj)
 .text.sys_clock_timeout_handler
                0x000000000000860c       0x50 zephyr/drivers/timer/libdrivers__timer.a(nrf_rtc_timer.c.obj)
 .text.z_nrf_rtc_timer_read
                0x000000000000865c       0x40 zephyr/drivers/timer/libdrivers__timer.a(nrf_rtc_timer.c.obj)
                0x000000000000865c                z_nrf_rtc_timer_read
 .text.compare_set_nolocks
                0x000000000000869c       0xac zephyr/drivers/timer/libdrivers__timer.a(nrf_rtc_timer.c.obj)
 .text.sys_clock_driver_init
                0x0000000000008748       0x9c zephyr/drivers/timer/libdrivers__timer.a(nrf_rtc_timer.c.obj)
 .text.process_channel
                0x00000000000087e4       0x7c zephyr/drivers/timer/libdrivers__timer.a(nrf_rtc_timer.c.obj)
 .text.rtc_nrf_isr
                0x0000000000008860       0x40 zephyr/drivers/timer/libdrivers__timer.a(nrf_rtc_timer.c.obj)
                0x0000000000008860                rtc_nrf_isr
 .text.sys_clock_set_timeout
                0x00000000000088a0       0x74 zephyr/drivers/timer/libdrivers__timer.a(nrf_rtc_timer.c.obj)
                0x00000000000088a0                sys_clock_set_timeout
 .text.sys_clock_elapsed
                0x0000000000008914       0x14 zephyr/drivers/timer/libdrivers__timer.a(nrf_rtc_timer.c.obj)
                0x0000000000008914                sys_clock_elapsed
 .text.__NVIC_SystemReset
                0x0000000000008928       0x24 modules/hal_nordic/modules/hal_nordic/nrfx/libmodules__hal_nordic__nrfx.a(system_nrf52840.c.obj)
 .text.nvmc_wait
                0x000000000000894c       0x10 modules/hal_nordic/modules/hal_nordic/nrfx/libmodules__hal_nordic__nrfx.a(system_nrf52840.c.obj)
                0x000000000000894c                nvmc_wait
 .text.nvmc_config
                0x000000000000895c       0x14 modules/hal_nordic/modules/hal_nordic/nrfx/libmodules__hal_nordic__nrfx.a(system_nrf52840.c.obj)
                0x000000000000895c                nvmc_config
 .text.SystemInit
                0x0000000000008970      0x178 modules/hal_nordic/modules/hal_nordic/nrfx/libmodules__hal_nordic__nrfx.a(system_nrf52840.c.obj)
                0x0000000000008970                SystemInit
 .text.nrfx_flag32_alloc
                0x0000000000008ae8       0x48 modules/hal_nordic/modules/hal_nordic/nrfx/libmodules__hal_nordic__nrfx.a(nrfx_flag32_allocator.c.obj)
                0x0000000000008ae8                nrfx_flag32_alloc
 .text.nrfx_flag32_free
                0x0000000000008b30       0x44 modules/hal_nordic/modules/hal_nordic/nrfx/libmodules__hal_nordic__nrfx.a(nrfx_flag32_allocator.c.obj)
                0x0000000000008b30                nrfx_flag32_free
 .text.nrfx_gppi_channels_enable
                0x0000000000008b74        0xc modules/hal_nordic/modules/hal_nordic/nrfx/libmodules__hal_nordic__nrfx.a(nrfx_gppi_ppi.c.obj)
                0x0000000000008b74                nrfx_gppi_channels_enable
 .text.nrfx_gppi_channel_endpoints_setup
                0x0000000000008b80       0x14 modules/hal_nordic/modules/hal_nordic/nrfx/libmodules__hal_nordic__nrfx.a(nrfx_gppi_ppi.c.obj)
                0x0000000000008b80                nrfx_gppi_channel_endpoints_setup
 .text.clock_stop
                0x0000000000008b94       0x84 modules/hal_nordic/modules/hal_nordic/nrfx/libmodules__hal_nordic__nrfx.a(nrfx_clock.c.obj)
 .text.nrfx_clock_init
                0x0000000000008c18       0x28 modules/hal_nordic/modules/hal_nordic/nrfx/libmodules__hal_nordic__nrfx.a(nrfx_clock.c.obj)
                0x0000000000008c18                nrfx_clock_init
 .text.nrfx_clock_enable
                0x0000000000008c40       0x28 modules/hal_nordic/modules/hal_nordic/nrfx/libmodules__hal_nordic__nrfx.a(nrfx_clock.c.obj)
                0x0000000000008c40                nrfx_clock_enable
 .text.nrfx_clock_start
                0x0000000000008c68       0xdc modules/hal_nordic/modules/hal_nordic/nrfx/libmodules__hal_nordic__nrfx.a(nrfx_clock.c.obj)
                0x0000000000008c68                nrfx_clock_start
 .text.nrfx_clock_irq_handler
                0x0000000000008d44       0x88 modules/hal_nordic/modules/hal_nordic/nrfx/libmodules__hal_nordic__nrfx.a(nrfx_clock.c.obj)
                0x0000000000008d44                nrfx_clock_irq_handler
 .text.nrf_gpio_cfg
                0x0000000000008dcc       0x50 modules/hal_nordic/modules/hal_nordic/nrfx/libmodules__hal_nordic__nrfx.a(nrfx_gpiote.c.obj)
 .text.nrf_gpio_reconfigure
                0x0000000000008e1c       0xbc modules/hal_nordic/modules/hal_nordic/nrfx/libmodules__hal_nordic__nrfx.a(nrfx_gpiote.c.obj)
 .text.nrf_gpio_pin_read
                0x0000000000008ed8       0x28 modules/hal_nordic/modules/hal_nordic/nrfx/libmodules__hal_nordic__nrfx.a(nrfx_gpiote.c.obj)
 .text.nrf_gpio_pin_sense_get
                0x0000000000008f00       0x2c modules/hal_nordic/modules/hal_nordic/nrfx/libmodules__hal_nordic__nrfx.a(nrfx_gpiote.c.obj)
 .text.nrf_gpio_latches_read_and_clear
                0x0000000000008f2c       0x44 modules/hal_nordic/modules/hal_nordic/nrfx/libmodules__hal_nordic__nrfx.a(nrfx_gpiote.c.obj)
 .text.nrf_gpio_pin_latch_clear
                0x0000000000008f70       0x28 modules/hal_nordic/modules/hal_nordic/nrfx/libmodules__hal_nordic__nrfx.a(nrfx_gpiote.c.obj)
 .text.get_pin_idx
                0x0000000000008f98       0x14 modules/hal_nordic/modules/hal_nordic/nrfx/libmodules__hal_nordic__nrfx.a(nrfx_gpiote.c.obj)
 .text.get_cb   0x0000000000008fac        0x8 modules/hal_nordic/modules/hal_nordic/nrfx/libmodules__hal_nordic__nrfx.a(nrfx_gpiote.c.obj)
 .text.gpiote_output_configure
                0x0000000000008fb4       0xf8 modules/hal_nordic/modules/hal_nordic/nrfx/libmodules__hal_nordic__nrfx.a(nrfx_gpiote.c.obj)
 .text.gpiote_channel_get
                0x00000000000090ac       0x38 modules/hal_nordic/modules/hal_nordic/nrfx/libmodules__hal_nordic__nrfx.a(nrfx_gpiote.c.obj)
 .text.latch_pending_read_and_check
                0x00000000000090e4       0x50 modules/hal_nordic/modules/hal_nordic/nrfx/libmodules__hal_nordic__nrfx.a(nrfx_gpiote.c.obj)
 .text.pin_handler_set
                0x0000000000009134       0x88 modules/hal_nordic/modules/hal_nordic/nrfx/libmodules__hal_nordic__nrfx.a(nrfx_gpiote.c.obj)
 .text.gpiote_input_configure
                0x00000000000091bc      0x16c modules/hal_nordic/modules/hal_nordic/nrfx/libmodules__hal_nordic__nrfx.a(nrfx_gpiote.c.obj)
 .text.pin_uninit
                0x0000000000009328       0x34 modules/hal_nordic/modules/hal_nordic/nrfx/libmodules__hal_nordic__nrfx.a(nrfx_gpiote.c.obj)
 .text.gpiote_init
                0x000000000000935c       0x4c modules/hal_nordic/modules/hal_nordic/nrfx/libmodules__hal_nordic__nrfx.a(nrfx_gpiote.c.obj)
 .text.port_event_handle
                0x00000000000093a8       0xc4 modules/hal_nordic/modules/hal_nordic/nrfx/libmodules__hal_nordic__nrfx.a(nrfx_gpiote.c.obj)
 .text.nrfx_gpiote_0_irq_handler
                0x000000000000946c       0x14 modules/hal_nordic/modules/hal_nordic/nrfx/libmodules__hal_nordic__nrfx.a(nrfx_gpiote.c.obj)
                0x000000000000946c                nrfx_gpiote_0_irq_handler
 .text.nrfx_power_init
                0x0000000000009480       0x4c modules/hal_nordic/modules/hal_nordic/nrfx/libmodules__hal_nordic__nrfx.a(nrfx_power.c.obj)
                0x0000000000009480                nrfx_power_init
 .text.nrfx_power_usbevt_uninit
                0x00000000000094cc       0x14 modules/hal_nordic/modules/hal_nordic/nrfx/libmodules__hal_nordic__nrfx.a(nrfx_power.c.obj)
                0x00000000000094cc                nrfx_power_usbevt_uninit
 .text.nrfx_power_usbevt_init
                0x00000000000094e0       0x18 modules/hal_nordic/modules/hal_nordic/nrfx/libmodules__hal_nordic__nrfx.a(nrfx_power.c.obj)
                0x00000000000094e0                nrfx_power_usbevt_init
 .text.nrfx_power_irq_handler
                0x00000000000094f8       0xf4 modules/hal_nordic/modules/hal_nordic/nrfx/libmodules__hal_nordic__nrfx.a(nrfx_power.c.obj)
                0x00000000000094f8                nrfx_power_irq_handler
 .text.nrfx_ppi_channel_alloc
                0x00000000000095ec       0x10 modules/hal_nordic/modules/hal_nordic/nrfx/libmodules__hal_nordic__nrfx.a(nrfx_ppi.c.obj)
                0x00000000000095ec                nrfx_ppi_channel_alloc
 .text._DoInit  0x00000000000095fc       0x64 modules/segger/libmodules__segger.a(SEGGER_RTT.c.obj)
 .text.SEGGER_RTT_StrongCheckInit
                0x0000000000009660       0x38 modules/segger/libmodules__segger.a(SEGGER_RTT.c.obj)
 .text.SEGGER_RTT_WriteSkipNoLock
                0x0000000000009698       0xd0 modules/segger/libmodules__segger.a(SEGGER_RTT.c.obj)
                0x0000000000009698                SEGGER_RTT_WriteSkipNoLock
 .text.SEGGER_RTT_HasDataUp
                0x0000000000009768       0x20 modules/segger/libmodules__segger.a(SEGGER_RTT.c.obj)
                0x0000000000009768                SEGGER_RTT_HasDataUp
 .text.z_device_state_init
                0x0000000000009788       0x18 zephyr/kernel/libkernel.a(device.c.obj)
                0x0000000000009788                z_device_state_init
 .text.reason_to_str
                0x00000000000097a0       0x40 zephyr/kernel/libkernel.a(fatal.c.obj)
 .text.thread_name_get
                0x00000000000097e0       0x20 zephyr/kernel/libkernel.a(fatal.c.obj)
 .text.k_sys_fatal_error_handler
                0x0000000000009800       0x20 zephyr/kernel/libkernel.a(fatal.c.obj)
                0x0000000000009800                k_sys_fatal_error_handler
 .text.z_fatal_error
                0x0000000000009820      0x1f4 zephyr/kernel/libkernel.a(fatal.c.obj)
                0x0000000000009820                z_fatal_error
 .text.z_sys_init_run_level
                0x0000000000009a14       0x34 zephyr/kernel/libkernel.a(init.c.obj)
 .text.init_idle_thread
                0x0000000000009a48       0x60 zephyr/kernel/libkernel.a(init.c.obj)
 .text.thread_schedule_new
                0x0000000000009aa8       0x1c zephyr/kernel/libkernel.a(init.c.obj)
 .text.z_init_static_threads
                0x0000000000009ac4       0x70 zephyr/kernel/libkernel.a(init.c.obj)
 .text.bg_thread_main
                0x0000000000009b34       0x38 zephyr/kernel/libkernel.a(init.c.obj)
 .text.switch_to_main_thread
                0x0000000000009b6c       0x14 zephyr/kernel/libkernel.a(init.c.obj)
 .text.z_bss_zero
                0x0000000000009b80       0x18 zephyr/kernel/libkernel.a(init.c.obj)
                0x0000000000009b80                z_bss_zero
 .text.z_init_cpu
                0x0000000000009b98       0x44 zephyr/kernel/libkernel.a(init.c.obj)
                0x0000000000009b98                z_init_cpu
 .text.prepare_multithreading
                0x0000000000009bdc       0x60 zephyr/kernel/libkernel.a(init.c.obj)
 .text.z_cstart
                0x0000000000009c3c       0x94 zephyr/kernel/libkernel.a(init.c.obj)
                0x0000000000009c3c                z_cstart
 .text.statics_init
                0x0000000000009cd0       0x24 zephyr/kernel/libkernel.a(kheap.c.obj)
 .text.init_mem_slab_obj_core_list
                0x0000000000009cf4       0x24 zephyr/kernel/libkernel.a(mem_slab.c.obj)
 .text.k_mem_slab_alloc
                0x0000000000009d18       0x64 zephyr/kernel/libkernel.a(mem_slab.c.obj)
                0x0000000000009d18                k_mem_slab_alloc
 .text.z_impl_k_msgq_put
                0x0000000000009d7c       0xd8 zephyr/kernel/libkernel.a(msg_q.c.obj)
                0x0000000000009d7c                z_impl_k_msgq_put
 .text.z_impl_k_msgq_get
                0x0000000000009e54      0x104 zephyr/kernel/libkernel.a(msg_q.c.obj)
                0x0000000000009e54                z_impl_k_msgq_get
 .text.z_impl_k_mutex_lock
                0x0000000000009f58      0x100 zephyr/kernel/libkernel.a(mutex.c.obj)
                0x0000000000009f58                z_impl_k_mutex_lock
 .text.z_impl_k_mutex_unlock
                0x000000000000a058       0xac zephyr/kernel/libkernel.a(mutex.c.obj)
                0x000000000000a058                z_impl_k_mutex_unlock
 .text.z_impl_k_queue_get
                0x000000000000a104       0x74 zephyr/kernel/libkernel.a(queue.c.obj)
                0x000000000000a104                z_impl_k_queue_get
 .text.z_impl_k_sem_give
                0x000000000000a178       0x88 zephyr/kernel/libkernel.a(sem.c.obj)
                0x000000000000a178                z_impl_k_sem_give
 .text.z_impl_k_sem_take
                0x000000000000a200       0x50 zephyr/kernel/libkernel.a(sem.c.obj)
                0x000000000000a200                z_impl_k_sem_take
 .text.queue_submit_locked
                0x000000000000a250       0x7c zephyr/kernel/libkernel.a(work.c.obj)
 .text.finalize_cancel_locked
                0x000000000000a2cc       0x5c zephyr/kernel/libkernel.a(work.c.obj)
 .text.work_queue_main
                0x000000000000a328      0x110 zephyr/kernel/libkernel.a(work.c.obj)
 .text.schedule_for_queue_locked
                0x000000000000a438       0x34 zephyr/kernel/libkernel.a(work.c.obj)
 .text.k_work_queue_start
                0x000000000000a46c       0x88 zephyr/kernel/libkernel.a(work.c.obj)
                0x000000000000a46c                k_work_queue_start
 .text.k_work_schedule
                0x000000000000a4f4       0x10 zephyr/kernel/libkernel.a(work.c.obj)
                0x000000000000a4f4                k_work_schedule
 .text.k_work_reschedule
                0x000000000000a504       0x10 zephyr/kernel/libkernel.a(work.c.obj)
                0x000000000000a504                k_work_reschedule
 .text.thread_schedule_new
                0x000000000000a514       0x1c zephyr/kernel/libkernel.a(thread.c.obj)
 .text.z_impl_k_thread_name_set
                0x000000000000a530       0x24 zephyr/kernel/libkernel.a(thread.c.obj)
                0x000000000000a530                z_impl_k_thread_name_set
 .text.z_setup_new_thread
                0x000000000000a554       0xc4 zephyr/kernel/libkernel.a(thread.c.obj)
                0x000000000000a554                z_setup_new_thread
 .text.z_swap_irqlock
                0x000000000000a618       0x34 zephyr/kernel/libkernel.a(sched.c.obj)
 .text.ready_thread
                0x000000000000a64c       0xbc zephyr/kernel/libkernel.a(sched.c.obj)
 .text.unready_thread
                0x000000000000a708       0x68 zephyr/kernel/libkernel.a(sched.c.obj)
 .text.thread_halt_spin
                0x000000000000a770      0x128 zephyr/kernel/libkernel.a(sched.c.obj)
 .text.add_thread_timeout
                0x000000000000a898       0x20 zephyr/kernel/libkernel.a(sched.c.obj)
 .text.move_thread_to_end_of_prio_q
                0x000000000000a8b8       0xc8 zephyr/kernel/libkernel.a(sched.c.obj)
                0x000000000000a8b8                move_thread_to_end_of_prio_q
 .text.z_pend_curr
                0x000000000000a980       0x38 zephyr/kernel/libkernel.a(sched.c.obj)
                0x000000000000a980                z_pend_curr
 .text.z_thread_prio_set
                0x000000000000a9b8       0xdc zephyr/kernel/libkernel.a(sched.c.obj)
                0x000000000000a9b8                z_thread_prio_set
 .text.z_reschedule
                0x000000000000aa94       0x2c zephyr/kernel/libkernel.a(sched.c.obj)
                0x000000000000aa94                z_reschedule
 .text.z_reschedule_irqlock
                0x000000000000aac0       0x2c zephyr/kernel/libkernel.a(sched.c.obj)
                0x000000000000aac0                z_reschedule_irqlock
 .text.k_sched_lock
                0x000000000000aaec       0x30 zephyr/kernel/libkernel.a(sched.c.obj)
                0x000000000000aaec                k_sched_lock
 .text.k_sched_unlock
                0x000000000000ab1c       0x70 zephyr/kernel/libkernel.a(sched.c.obj)
                0x000000000000ab1c                k_sched_unlock
 .text.z_sched_init
                0x000000000000ab8c       0x10 zephyr/kernel/libkernel.a(sched.c.obj)
                0x000000000000ab8c                z_sched_init
 .text.z_impl_k_yield
                0x000000000000ab9c       0xa0 zephyr/kernel/libkernel.a(sched.c.obj)
                0x000000000000ab9c                z_impl_k_yield
 .text.z_tick_sleep
                0x000000000000ac3c       0x90 zephyr/kernel/libkernel.a(sched.c.obj)
 .text.z_impl_k_wakeup
                0x000000000000accc       0x54 zephyr/kernel/libkernel.a(sched.c.obj)
                0x000000000000accc                z_impl_k_wakeup
 .text.z_impl_k_sched_current_thread_query
                0x000000000000ad20        0xc zephyr/kernel/libkernel.a(sched.c.obj)
                0x000000000000ad20                z_impl_k_sched_current_thread_query
 .text.z_thread_abort
                0x000000000000ad2c      0x154 zephyr/kernel/libkernel.a(sched.c.obj)
                0x000000000000ad2c                z_thread_abort
 .text.z_sched_wait
                0x000000000000ae80       0x28 zephyr/kernel/libkernel.a(sched.c.obj)
                0x000000000000ae80                z_sched_wait
 .text.slice_timeout
                0x000000000000aea8       0x20 zephyr/kernel/libkernel.a(timeslicing.c.obj)
 .text.thread_is_sliceable
                0x000000000000aec8       0x4c zephyr/kernel/libkernel.a(timeslicing.c.obj)
                0x000000000000aec8                thread_is_sliceable
 .text.z_reset_time_slice
                0x000000000000af14       0x50 zephyr/kernel/libkernel.a(timeslicing.c.obj)
                0x000000000000af14                z_reset_time_slice
 .text.z_time_slice
                0x000000000000af64       0x70 zephyr/kernel/libkernel.a(timeslicing.c.obj)
                0x000000000000af64                z_time_slice
 .text.z_thread_monitor_exit
                0x000000000000afd4       0x3c zephyr/kernel/libkernel.a(thread_monitor.c.obj)
                0x000000000000afd4                z_thread_monitor_exit
 .text.z_data_copy
                0x000000000000b010       0x34 zephyr/kernel/libkernel.a(xip.c.obj)
                0x000000000000b010                z_data_copy
 .text.first    0x000000000000b044       0x14 zephyr/kernel/libkernel.a(timeout.c.obj)
 .text.next     0x000000000000b058       0x18 zephyr/kernel/libkernel.a(timeout.c.obj)
 .text.elapsed  0x000000000000b070       0x18 zephyr/kernel/libkernel.a(timeout.c.obj)
 .text.z_add_timeout
                0x000000000000b088      0x10c zephyr/kernel/libkernel.a(timeout.c.obj)
                0x000000000000b088                z_add_timeout
 .text.sys_clock_announce
                0x000000000000b194       0xc4 zephyr/kernel/libkernel.a(timeout.c.obj)
                0x000000000000b194                sys_clock_announce
 .text.sys_clock_tick_get
                0x000000000000b258       0x40 zephyr/kernel/libkernel.a(timeout.c.obj)
                0x000000000000b258                sys_clock_tick_get
 .text.z_timer_expiration_handler
                0x000000000000b298       0xf8 zephyr/kernel/libkernel.a(timer.c.obj)
                0x000000000000b298                z_timer_expiration_handler
 .text.z_impl_k_timer_start
                0x000000000000b390       0x80 zephyr/kernel/libkernel.a(timer.c.obj)
                0x000000000000b390                z_impl_k_timer_start
 .text.z_thread_aligned_alloc
                0x000000000000b410       0x28 zephyr/kernel/libkernel.a(mempool.c.obj)
                0x000000000000b410                z_thread_aligned_alloc
 .text.k_sys_work_q_init
                0x000000000000b438       0x38 zephyr/kernel/libkernel.a(system_work_q.c.obj)
 .text.nrf_cc3xx_platform_init_no_rng
                0x000000000000b470       0x38 C:/ncs/v3.0.2/nrfxlib/crypto/nrf_cc310_platform/lib/cortex-m4/soft-float/no-interrupts/libnrf_cc310_platform_0.9.19.a(nrf_cc3xx_platform.c.obj)
                0x000000000000b470                nrf_cc3xx_platform_init_no_rng
 .text.nrf_cc3xx_platform_abort
                0x000000000000b4a8       0x24 C:/ncs/v3.0.2/nrfxlib/crypto/nrf_cc310_platform/lib/cortex-m4/soft-float/no-interrupts/libnrf_cc310_platform_0.9.19.a(nrf_cc3xx_platform_abort.c.obj)
 .text.CC_PalAbort
                0x000000000000b4cc       0x34 C:/ncs/v3.0.2/nrfxlib/crypto/nrf_cc310_platform/lib/cortex-m4/soft-float/no-interrupts/libnrf_cc310_platform_0.9.19.a(nrf_cc3xx_platform_abort.c.obj)
                0x000000000000b4cc                CC_PalAbort
 .text.nrf_cc3xx_platform_set_abort
                0x000000000000b500       0x10 C:/ncs/v3.0.2/nrfxlib/crypto/nrf_cc310_platform/lib/cortex-m4/soft-float/no-interrupts/libnrf_cc310_platform_0.9.19.a(nrf_cc3xx_platform_abort.c.obj)
                0x000000000000b500                nrf_cc3xx_platform_set_abort
 .text.mutex_free
                0x000000000000b510       0x34 C:/ncs/v3.0.2/nrfxlib/crypto/nrf_cc310_platform/lib/cortex-m4/soft-float/no-interrupts/libnrf_cc310_platform_0.9.19.a(nrf_cc3xx_platform_mutex.c.obj)
 .text.mutex_lock
                0x000000000000b544       0x48 C:/ncs/v3.0.2/nrfxlib/crypto/nrf_cc310_platform/lib/cortex-m4/soft-float/no-interrupts/libnrf_cc310_platform_0.9.19.a(nrf_cc3xx_platform_mutex.c.obj)
 .text.mutex_unlock
                0x000000000000b58c       0x38 C:/ncs/v3.0.2/nrfxlib/crypto/nrf_cc310_platform/lib/cortex-m4/soft-float/no-interrupts/libnrf_cc310_platform_0.9.19.a(nrf_cc3xx_platform_mutex.c.obj)
 .text.mutex_init
                0x000000000000b5c4       0x20 C:/ncs/v3.0.2/nrfxlib/crypto/nrf_cc310_platform/lib/cortex-m4/soft-float/no-interrupts/libnrf_cc310_platform_0.9.19.a(nrf_cc3xx_platform_mutex.c.obj)
 .text.nrf_cc3xx_platform_set_mutexes
                0x000000000000b5e4       0x74 C:/ncs/v3.0.2/nrfxlib/crypto/nrf_cc310_platform/lib/cortex-m4/soft-float/no-interrupts/libnrf_cc310_platform_0.9.19.a(nrf_cc3xx_platform_mutex.c.obj)
                0x000000000000b5e4                nrf_cc3xx_platform_set_mutexes
 .text.CC_LibInitNoRng
                0x000000000000b658       0x64 C:/ncs/v3.0.2/nrfxlib/crypto/nrf_cc310_platform/lib/cortex-m4/soft-float/no-interrupts/libnrf_cc310_platform_0.9.19.a(cc_lib.c.obj)
                0x000000000000b658                CC_LibInitNoRng
 .text.CC_HalInit
                0x000000000000b6bc        0x4 C:/ncs/v3.0.2/nrfxlib/crypto/nrf_cc310_platform/lib/cortex-m4/soft-float/no-interrupts/libnrf_cc310_platform_0.9.19.a(cc_hal.c.obj)
                0x000000000000b6bc                CC_HalInit
 .text.CC_HalTerminate
                0x000000000000b6c0        0x4 C:/ncs/v3.0.2/nrfxlib/crypto/nrf_cc310_platform/lib/cortex-m4/soft-float/no-interrupts/libnrf_cc310_platform_0.9.19.a(cc_hal.c.obj)
                0x000000000000b6c0                CC_HalTerminate
 .text.CC_HalMaskInterrupt
                0x000000000000b6c4        0xc C:/ncs/v3.0.2/nrfxlib/crypto/nrf_cc310_platform/lib/cortex-m4/soft-float/no-interrupts/libnrf_cc310_platform_0.9.19.a(cc_hal.c.obj)
                0x000000000000b6c4                CC_HalMaskInterrupt
 .text.CC_PalInit
                0x000000000000b6d0       0x5c C:/ncs/v3.0.2/nrfxlib/crypto/nrf_cc310_platform/lib/cortex-m4/soft-float/no-interrupts/libnrf_cc310_platform_0.9.19.a(cc_pal.c.obj)
                0x000000000000b6d0                CC_PalInit
 .text.CC_PalTerminate
                0x000000000000b72c       0x34 C:/ncs/v3.0.2/nrfxlib/crypto/nrf_cc310_platform/lib/cortex-m4/soft-float/no-interrupts/libnrf_cc310_platform_0.9.19.a(cc_pal.c.obj)
                0x000000000000b72c                CC_PalTerminate
 .text.CC_PalDmaInit
                0x000000000000b760        0x4 C:/ncs/v3.0.2/nrfxlib/crypto/nrf_cc310_platform/lib/cortex-m4/soft-float/no-interrupts/libnrf_cc310_platform_0.9.19.a(cc_pal_dma.c.obj)
                0x000000000000b760                CC_PalDmaInit
 .text.CC_PalDmaTerminate
                0x000000000000b764        0x4 C:/ncs/v3.0.2/nrfxlib/crypto/nrf_cc310_platform/lib/cortex-m4/soft-float/no-interrupts/libnrf_cc310_platform_0.9.19.a(cc_pal_dma.c.obj)
                0x000000000000b764                CC_PalDmaTerminate
 .text.CC_PalMutexCreate
                0x000000000000b768       0x14 C:/ncs/v3.0.2/nrfxlib/crypto/nrf_cc310_platform/lib/cortex-m4/soft-float/no-interrupts/libnrf_cc310_platform_0.9.19.a(cc_pal_mutex.c.obj)
                0x000000000000b768                CC_PalMutexCreate
 .text.CC_PalMutexDestroy
                0x000000000000b77c       0x14 C:/ncs/v3.0.2/nrfxlib/crypto/nrf_cc310_platform/lib/cortex-m4/soft-float/no-interrupts/libnrf_cc310_platform_0.9.19.a(cc_pal_mutex.c.obj)
                0x000000000000b77c                CC_PalMutexDestroy
 .text.CC_PalPowerSaveModeInit
                0x000000000000b790       0x3c C:/ncs/v3.0.2/nrfxlib/crypto/nrf_cc310_platform/lib/cortex-m4/soft-float/no-interrupts/libnrf_cc310_platform_0.9.19.a(cc_pal_pm.c.obj)
                0x000000000000b790                CC_PalPowerSaveModeInit
 .text.CC_PalPowerSaveModeSelect
                0x000000000000b7cc       0x84 C:/ncs/v3.0.2/nrfxlib/crypto/nrf_cc310_platform/lib/cortex-m4/soft-float/no-interrupts/libnrf_cc310_platform_0.9.19.a(cc_pal_pm.c.obj)
                0x000000000000b7cc                CC_PalPowerSaveModeSelect
 .text.snprintf
                0x000000000000b850       0x58 c:\ncs\toolchains\0b393f9e1b\opt\zephyr-sdk\arm-zephyr-eabi\bin\../lib/gcc/../../picolibc/arm-zephyr-eabi/lib/thumb/v7e-m/nofp\libc.a(libc_tinystdio_snprintf.c.o)
                0x000000000000b850                snprintf
 .text.__l_vfprintf
                0x000000000000b8a8      0x4b8 c:\ncs\toolchains\0b393f9e1b\opt\zephyr-sdk\arm-zephyr-eabi\bin\../lib/gcc/../../picolibc/arm-zephyr-eabi/lib/thumb/v7e-m/nofp\libc.a(libc_tinystdio_vflprintf.c.o)
                0x000000000000b8a8                __l_vfprintf
 .text._OffsetAbsSyms
                0x000000000000bd60        0x2 zephyr/CMakeFiles/offsets.dir/./arch/arm/core/offsets/offsets.c.obj
                0x000000000000bd60                _OffsetAbsSyms
 .text.sample_fix_code_triple
                0x000000000000bd62       0x16 app/libapp.a(sample_usbd_init.c.obj)
 .text.uart_line_ctrl_get
                0x000000000000bd78       0x12 app/libapp.a(hal_usbd.c.obj)
 .text.hal_usbd_init
                0x000000000000bd8a        0x2 app/libapp.a(hal_usbd.c.obj)
                0x000000000000bd8a                hal_usbd_init
 .text.hal_usbd_enable
                0x000000000000bd8c        0x8 app/libapp.a(hal_usbd.c.obj)
                0x000000000000bd8c                hal_usbd_enable
 .text.uart_irq_callback_user_data_set
                0x000000000000bd94       0x1c app/libapp.a(main.c.obj)
 .text.uart_irq_tx_enable
                0x000000000000bdb0        0xc app/libapp.a(main.c.obj)
 .text.uart_irq_tx_disable
                0x000000000000bdbc        0xc app/libapp.a(main.c.obj)
 .text.uart_irq_rx_enable
                0x000000000000bdc8        0xc app/libapp.a(main.c.obj)
 .text.uart_irq_rx_disable
                0x000000000000bdd4        0xc app/libapp.a(main.c.obj)
 .text.uart_irq_is_pending
                0x000000000000bde0       0x12 app/libapp.a(main.c.obj)
 .text.uart_irq_update
                0x000000000000bdf2       0x12 app/libapp.a(main.c.obj)
 .text.uart_line_ctrl_set
                0x000000000000be04       0x12 app/libapp.a(main.c.obj)
 .text.k_msleep
                0x000000000000be16       0x2c app/libapp.a(main.c.obj)
 .text.set_chunk_used
                0x000000000000be42       0x38 zephyr/libzephyr.a(heap.c.obj)
 .text.chunk_mem
                0x000000000000be7a       0x16 zephyr/libzephyr.a(heap.c.obj)
 .text.free_list_remove_bidx
                0x000000000000be90       0x6e zephyr/libzephyr.a(heap.c.obj)
 .text.free_list_add_bidx
                0x000000000000befe       0xa4 zephyr/libzephyr.a(heap.c.obj)
 .text.split_chunks
                0x000000000000bfa2       0x86 zephyr/libzephyr.a(heap.c.obj)
 .text.merge_chunks
                0x000000000000c028       0x66 zephyr/libzephyr.a(heap.c.obj)
 .text.mem_to_chunkid
                0x000000000000c08e       0x16 zephyr/libzephyr.a(heap.c.obj)
 .text.free_list_remove
                0x000000000000c0a4       0x52 zephyr/libzephyr.a(heap.c.obj)
 .text.free_list_add
                0x000000000000c0f6       0x52 zephyr/libzephyr.a(heap.c.obj)
 .text.free_chunk
                0x000000000000c148       0xb6 zephyr/libzephyr.a(heap.c.obj)
 .text.alloc_chunk
                0x000000000000c1fe       0xa2 zephyr/libzephyr.a(heap.c.obj)
 .text.sys_heap_free
                0x000000000000c2a0       0x24 zephyr/libzephyr.a(heap.c.obj)
                0x000000000000c2a0                sys_heap_free
 .text.sys_heap_alloc
                0x000000000000c2c4       0x7c zephyr/libzephyr.a(heap.c.obj)
                0x000000000000c2c4                sys_heap_alloc
 .text.sys_heap_aligned_alloc
                0x000000000000c340      0x116 zephyr/libzephyr.a(heap.c.obj)
                0x000000000000c340                sys_heap_aligned_alloc
 .text.sys_heap_init
                0x000000000000c456       0xfc zephyr/libzephyr.a(heap.c.obj)
                0x000000000000c456                sys_heap_init
 .text.cbprintf_via_va_list
                0x000000000000c552        0xe zephyr/libzephyr.a(cbprintf_packaged.c.obj)
 .text.is_fmt_spec
                0x000000000000c560        0xe zephyr/libzephyr.a(cbprintf_packaged.c.obj)
 .text.get_package_len
                0x000000000000c56e       0x2a zephyr/libzephyr.a(cbprintf_packaged.c.obj)
 .text.append_string
                0x000000000000c598       0x2c zephyr/libzephyr.a(cbprintf_packaged.c.obj)
 .text.cbpprintf_external
                0x000000000000c5c4       0x60 zephyr/libzephyr.a(cbprintf_packaged.c.obj)
                0x000000000000c5c4                cbpprintf_external
 .text.is_ptr   0x000000000000c624       0x4e zephyr/libzephyr.a(cbprintf_packaged.c.obj)
                0x000000000000c624                is_ptr
 .text.arch_printk_char_out
                0x000000000000c672        0x4 zephyr/libzephyr.a(printk.c.obj)
                0x000000000000c672                arch_printk_char_out
 .text.vprintk  0x000000000000c676        0x8 zephyr/libzephyr.a(printk.c.obj)
                0x000000000000c676                vprintk
 .text.printk   0x000000000000c67e       0x1c zephyr/libzephyr.a(printk.c.obj)
                0x000000000000c67e                printk
 .text.free_space
                0x000000000000c69a       0x28 zephyr/libzephyr.a(mpsc_pbuf.c.obj)
 .text.available
                0x000000000000c6c2       0x24 zephyr/libzephyr.a(mpsc_pbuf.c.obj)
 .text.get_usage
                0x000000000000c6e6       0x24 zephyr/libzephyr.a(mpsc_pbuf.c.obj)
 .text.max_utilization_update
                0x000000000000c70a       0x26 zephyr/libzephyr.a(mpsc_pbuf.c.obj)
 .text.rd_idx_inc
                0x000000000000c730       0x26 zephyr/libzephyr.a(mpsc_pbuf.c.obj)
 .text.add_skip_item
                0x000000000000c756       0x66 zephyr/libzephyr.a(mpsc_pbuf.c.obj)
 .text.drop_item_locked
                0x000000000000c7bc      0x12a zephyr/libzephyr.a(mpsc_pbuf.c.obj)
 .text.post_drop_action
                0x000000000000c8e6       0x62 zephyr/libzephyr.a(mpsc_pbuf.c.obj)
 .text.mpsc_pbuf_init
                0x000000000000c948       0x42 zephyr/libzephyr.a(mpsc_pbuf.c.obj)
                0x000000000000c948                mpsc_pbuf_init
 .text.mpsc_pbuf_alloc
                0x000000000000c98a      0x134 zephyr/libzephyr.a(mpsc_pbuf.c.obj)
                0x000000000000c98a                mpsc_pbuf_alloc
 .text.mpsc_pbuf_commit
                0x000000000000cabe       0x50 zephyr/libzephyr.a(mpsc_pbuf.c.obj)
                0x000000000000cabe                mpsc_pbuf_commit
 .text.mpsc_pbuf_claim
                0x000000000000cb0e       0xd0 zephyr/libzephyr.a(mpsc_pbuf.c.obj)
                0x000000000000cb0e                mpsc_pbuf_claim
 .text.mpsc_pbuf_free
                0x000000000000cbde       0x88 zephyr/libzephyr.a(mpsc_pbuf.c.obj)
                0x000000000000cbde                mpsc_pbuf_free
 .text.mpsc_pbuf_is_pending
                0x000000000000cc66       0x2c zephyr/libzephyr.a(mpsc_pbuf.c.obj)
                0x000000000000cc66                mpsc_pbuf_is_pending
 .text.sys_slist_remove
                0x000000000000cc92       0x26 zephyr/libzephyr.a(onoff.c.obj)
 .text.sys_slist_find_and_remove
                0x000000000000ccb8       0x20 zephyr/libzephyr.a(onoff.c.obj)
 .text.set_state
                0x000000000000ccd8       0x10 zephyr/libzephyr.a(onoff.c.obj)
 .text.notify_monitors
                0x000000000000cce8       0x44 zephyr/libzephyr.a(onoff.c.obj)
 .text.process_recheck
                0x000000000000cd2c       0x32 zephyr/libzephyr.a(onoff.c.obj)
 .text.process_complete
                0x000000000000cd5e       0xa2 zephyr/libzephyr.a(onoff.c.obj)
 .text.validate_args
                0x000000000000ce00       0x2a zephyr/libzephyr.a(onoff.c.obj)
 .text.notify_one
                0x000000000000ce2a       0x26 zephyr/libzephyr.a(onoff.c.obj)
 .text.notify_all
                0x000000000000ce50       0x2e zephyr/libzephyr.a(onoff.c.obj)
 .text.transition_complete
                0x000000000000ce7e       0x1c zephyr/libzephyr.a(onoff.c.obj)
 .text.onoff_manager_init
                0x000000000000ce9a       0x3a zephyr/libzephyr.a(onoff.c.obj)
                0x000000000000ce9a                onoff_manager_init
 .text.onoff_request
                0x000000000000ced4       0xbe zephyr/libzephyr.a(onoff.c.obj)
                0x000000000000ced4                onoff_request
 .text.onoff_release
                0x000000000000cf92       0x4a zephyr/libzephyr.a(onoff.c.obj)
                0x000000000000cf92                onoff_release
 .text.onoff_cancel
                0x000000000000cfdc       0x3e zephyr/libzephyr.a(onoff.c.obj)
                0x000000000000cfdc                onoff_cancel
 .text.sys_notify_validate
                0x000000000000d01a       0x2e zephyr/libzephyr.a(notify.c.obj)
                0x000000000000d01a                sys_notify_validate
 .text.sys_notify_finalize
                0x000000000000d048       0x1a zephyr/libzephyr.a(notify.c.obj)
                0x000000000000d048                sys_notify_finalize
 .text.ring_buf_put_claim
                0x000000000000d062       0x42 zephyr/libzephyr.a(ring_buffer.c.obj)
                0x000000000000d062                ring_buf_put_claim
 .text.ring_buf_put_finish
                0x000000000000d0a4       0x3c zephyr/libzephyr.a(ring_buffer.c.obj)
                0x000000000000d0a4                ring_buf_put_finish
 .text.ring_buf_put
                0x000000000000d0e0       0x40 zephyr/libzephyr.a(ring_buffer.c.obj)
                0x000000000000d0e0                ring_buf_put
 .text.ring_buf_get_claim
                0x000000000000d120       0x3a zephyr/libzephyr.a(ring_buffer.c.obj)
                0x000000000000d120                ring_buf_get_claim
 .text.ring_buf_get_finish
                0x000000000000d15a       0x3c zephyr/libzephyr.a(ring_buffer.c.obj)
                0x000000000000d15a                ring_buf_get_finish
 .text.ring_buf_get
                0x000000000000d196       0x46 zephyr/libzephyr.a(ring_buffer.c.obj)
                0x000000000000d196                ring_buf_get
 .text._ConfigAbsSyms
                0x000000000000d1dc        0x2 zephyr/libzephyr.a(configs.c.obj)
                0x000000000000d1dc                _ConfigAbsSyms
 .text.log_msg_generic_get_wlen
                0x000000000000d1de       0x20 zephyr/libzephyr.a(log_core.c.obj)
 .text.dummy_timestamp
                0x000000000000d1fe        0x4 zephyr/libzephyr.a(log_core.c.obj)
 .text.msg_filter_check
                0x000000000000d202        0x4 zephyr/libzephyr.a(log_core.c.obj)
 .text.default_get_timestamp
                0x000000000000d206        0x8 zephyr/libzephyr.a(log_core.c.obj)
 .text.k_msleep
                0x000000000000d20e       0x2c zephyr/libzephyr.a(log_core.c.obj)
 .text.msg_alloc
                0x000000000000d23a        0xc zephyr/libzephyr.a(log_core.c.obj)
 .text.msg_free
                0x000000000000d246        0x8 zephyr/libzephyr.a(log_core.c.obj)
 .text.msg_pending
                0x000000000000d24e        0x8 zephyr/libzephyr.a(log_core.c.obj)
 .text.z_log_vprintk
                0x000000000000d256       0x1e zephyr/libzephyr.a(log_core.c.obj)
                0x000000000000d256                z_log_vprintk
 .text.z_log_notify_drop