Archive member included to satisfy reference by file (symbol)

app/libapp.a(sample_usbd_init.c.obj)
                              (--whole-archive)
app/libapp.a(hdi.c.obj)       (--whole-archive)
app/libapp.a(sys_err.c.obj)   (--whole-archive)
app/libapp.a(hal_cdc_acm_uart.c.obj)
                              (--whole-archive)
app/libapp.a(hal_usbd.c.obj)  (--whole-archive)
app/libapp.a(main.c.obj)      (--whole-archive)
zephyr/libzephyr.a(heap.c.obj)
                              (--whole-archive)
zephyr/libzephyr.a(cbprintf_packaged.c.obj)
                              (--whole-archive)
zephyr/libzephyr.a(printk.c.obj)
                              (--whole-archive)
zephyr/libzephyr.a(sem.c.obj)
                              (--whole-archive)
zephyr/libzephyr.a(thread_entry.c.obj)
                              (--whole-archive)
zephyr/libzephyr.a(cbprintf_complete.c.obj)
                              (--whole-archive)
zephyr/libzephyr.a(assert.c.obj)
                              (--whole-archive)
zephyr/libzephyr.a(mpsc_pbuf.c.obj)
                              (--whole-archive)
zephyr/libzephyr.a(dec.c.obj)
                              (--whole-archive)
zephyr/libzephyr.a(hex.c.obj)
                              (--whole-archive)
zephyr/libzephyr.a(rb.c.obj)  (--whole-archive)
zephyr/libzephyr.a(timeutil.c.obj)
                              (--whole-archive)
zephyr/libzephyr.a(bitarray.c.obj)
                              (--whole-archive)
zephyr/libzephyr.a(onoff.c.obj)
                              (--whole-archive)
zephyr/libzephyr.a(notify.c.obj)
                              (--whole-archive)
zephyr/libzephyr.a(ring_buffer.c.obj)
                              (--whole-archive)
zephyr/libzephyr.a(last_section_id.c.obj)
                              (--whole-archive)
zephyr/libzephyr.a(configs.c.obj)
                              (--whole-archive)
zephyr/libzephyr.a(thread_info.c.obj)
                              (--whole-archive)
zephyr/libzephyr.a(log_core.c.obj)
                              (--whole-archive)
zephyr/libzephyr.a(log_mgmt.c.obj)
                              (--whole-archive)
zephyr/libzephyr.a(log_cache.c.obj)
                              (--whole-archive)
zephyr/libzephyr.a(log_msg.c.obj)
                              (--whole-archive)
zephyr/libzephyr.a(log_output.c.obj)
                              (--whole-archive)
zephyr/libzephyr.a(log_backend_rtt.c.obj)
                              (--whole-archive)
zephyr/libzephyr.a(log_backend_uart.c.obj)
                              (--whole-archive)
zephyr/libzephyr.a(mem_attr.c.obj)
                              (--whole-archive)
zephyr/libzephyr.a(tracing_none.c.obj)
                              (--whole-archive)
zephyr/libzephyr.a(banner.c.obj)
                              (--whole-archive)
zephyr/libzephyr.a(flash_map_partition_manager.c.obj)
                              (--whole-archive)
zephyr/libzephyr.a(nrf_cc3xx_platform_abort_zephyr.c.obj)
                              (--whole-archive)
zephyr/libzephyr.a(nrf_cc3xx_platform_mutex_zephyr.c.obj)
                              (--whole-archive)
zephyr/arch/common/libarch__common.a(sw_isr_common.c.obj)
                              (--whole-archive)
zephyr/arch/arch/arm/core/libarch__arm__core.a(fatal.c.obj)
                              (--whole-archive)
zephyr/arch/arch/arm/core/libarch__arm__core.a(nmi.c.obj)
                              (--whole-archive)
zephyr/arch/arch/arm/core/libarch__arm__core.a(nmi_on_reset.S.obj)
                              (--whole-archive)
zephyr/arch/arch/arm/core/libarch__arm__core.a(tls.c.obj)
                              (--whole-archive)
zephyr/arch/arch/arm/core/cortex_m/libarch__arm__core__cortex_m.a(exc_exit.c.obj)
                              (--whole-archive)
zephyr/arch/arch/arm/core/cortex_m/libarch__arm__core__cortex_m.a(fault.c.obj)
                              (--whole-archive)
zephyr/arch/arch/arm/core/cortex_m/libarch__arm__core__cortex_m.a(fault_s.S.obj)
                              (--whole-archive)
zephyr/arch/arch/arm/core/cortex_m/libarch__arm__core__cortex_m.a(fpu.c.obj)
                              (--whole-archive)
zephyr/arch/arch/arm/core/cortex_m/libarch__arm__core__cortex_m.a(reset.S.obj)
                              (--whole-archive)
zephyr/arch/arch/arm/core/cortex_m/libarch__arm__core__cortex_m.a(scb.c.obj)
                              (--whole-archive)
zephyr/arch/arch/arm/core/cortex_m/libarch__arm__core__cortex_m.a(thread_abort.c.obj)
                              (--whole-archive)
zephyr/arch/arch/arm/core/cortex_m/libarch__arm__core__cortex_m.a(vector_table.S.obj)
                              (--whole-archive)
zephyr/arch/arch/arm/core/cortex_m/libarch__arm__core__cortex_m.a(swap_helper.S.obj)
                              (--whole-archive)
zephyr/arch/arch/arm/core/cortex_m/libarch__arm__core__cortex_m.a(irq_manage.c.obj)
                              (--whole-archive)
[...]
Memory Configuration

Name             Origin             Length             Attributes
FLASH            0x0000000000000000 0x0000000000100000 xr
RAM              0x0000000020000000 0x0000000000040000 xw
IDT_LIST         0x00000000ffff7fff 0x0000000000008000 xw
*default*        0x0000000000000000 0xffffffffffffffff

Linker script and memory map

                0x000000000000b86c                vfprintf = __l_vfprintf
                0x0000000000000000                vfscanf = __l_vfscanf
LOAD zephyr/CMakeFiles/zephyr_pre0.dir/misc/empty_file.c.obj
LOAD zephyr/CMakeFiles/offsets.dir/./arch/arm/core/offsets/offsets.c.obj
LOAD app/libapp.a
LOAD zephyr/libzephyr.a
LOAD zephyr/arch/common/libarch__common.a
LOAD zephyr/arch/arch/arm/core/libarch__arm__core.a
LOAD zephyr/arch/arch/arm/core/cortex_m/libarch__arm__core__cortex_m.a
LOAD zephyr/arch/arch/arm/core/mpu/libarch__arm__core__mpu.a
LOAD zephyr/lib/libc/picolibc/liblib__libc__picolibc.a
LOAD zephyr/lib/libc/common/liblib__libc__common.a
LOAD zephyr/lib/net_buf/liblib__net_buf.a
LOAD zephyr/soc/soc/nrf52840/libsoc__nordic.a
LOAD zephyr/subsys/usb/device_next/libsubsys__usb__device_next.a
LOAD zephyr/drivers/usb/udc/libdrivers__usb__udc.a
LOAD zephyr/drivers/usb/common/nrf_usbd_common/libdrivers__usb__common__nrf_usbd_common.a
LOAD zephyr/drivers/clock_control/libdrivers__clock_control.a
LOAD zephyr/drivers/console/libdrivers__console.a
LOAD zephyr/drivers/gpio/libdrivers__gpio.a
LOAD zephyr/drivers/hwinfo/libdrivers__hwinfo.a
LOAD zephyr/drivers/pinctrl/libdrivers__pinctrl.a
LOAD zephyr/drivers/serial/libdrivers__serial.a
LOAD zephyr/drivers/timer/libdrivers__timer.a
LOAD modules/nrf/drivers/hw_cc3xx/lib..__nrf__drivers__hw_cc3xx.a
LOAD modules/hal_nordic/modules/hal_nordic/nrfx/libmodules__hal_nordic__nrfx.a
LOAD modules/segger/libmodules__segger.a
LOAD zephyr/kernel/libkernel.a
LOAD zephyr/arch/common/libisr_tables.a
LOAD C:/ncs/v3.0.2/nrfxlib/crypto/nrf_cc310_platform/lib/cortex-m4/soft-float/no-interrupts/libnrf_cc310_platform_0.9.19.a
LOAD c:\ncs\toolchains\0b393f9e1b\opt\zephyr-sdk\arm-zephyr-eabi\bin\../lib/gcc/../../picolibc/arm-zephyr-eabi/lib/thumb/v7e-m/nofp\libc.a
LOAD c:/ncs/toolchains/0b393f9e1b/opt/zephyr-sdk/arm-zephyr-eabi/bin/../lib/gcc/arm-zephyr-eabi/12.2.0/thumb/v7e-m/nofp\libgcc.a
                0x0000000000000020                _region_min_align = 0x20

.rel.plt        0x0000000000000000        0x0
 *(SORT_BY_ALIGNMENT(.rel.plt))
                [!provide]                        PROVIDE (__rel_iplt_start = .)
 *(SORT_BY_ALIGNMENT(.rel.iplt))
 .rel.iplt      0x0000000000000000        0x0 app/libapp.a(sample_usbd_init.c.obj)
                [!provide]                        PROVIDE (__rel_iplt_end = .)

.rela.plt       0x0000000000000000        0x0
 *(SORT_BY_ALIGNMENT(.rela.plt))
                [!provide]                        PROVIDE (__rela_iplt_start = .)
 *(SORT_BY_ALIGNMENT(.rela.iplt))
                [!provide]                        PROVIDE (__rela_iplt_end = .)

.rel.dyn
 *(SORT_BY_ALIGNMENT(.rel.*))

.rela.dyn
 *(SORT_BY_ALIGNMENT(.rela.*))

/DISCARD/
 *(SORT_BY_ALIGNMENT(.plt))

/DISCARD/
 *(SORT_BY_ALIGNMENT(.iplt))
                0x0000000000000000                __rom_region_start = 0x0

rom_start       0x0000000000000000      0x100
                0x0000000000000000                __rom_start_address = .
 FILL mask 0x00
                0x0000000000000000                . = (. + (0x0 - (. - __rom_start_address)))
                0x0000000000000000                . = ALIGN (0x4)
                0x0000000000000000                . = ALIGN (0x80)
                0x0000000000000000                . = ALIGN (0x100)
                0x0000000000000000                _vector_start = .
 *(SORT_BY_ALIGNMENT(.exc_vector_table))
 *(SORT_BY_ALIGNMENT(.exc_vector_table.*))
 .exc_vector_table._vector_table_section
                0x0000000000000000       0x40 zephyr/arch/arch/arm/core/cortex_m/libarch__arm__core__cortex_m.a(vector_table.S.obj)
                0x0000000000000000                _vector_table
 *(SORT_BY_ALIGNMENT(.vectors))
                0x0000000000000100                _vector_end = .
                0x0000000000000040                . = ALIGN (0x4)
 *(SORT_BY_ALIGNMENT(.gnu.linkonce.irq_vector_table*))
 .gnu.linkonce.irq_vector_table
                0x0000000000000040       0xc0 zephyr/arch/common/libisr_tables.a(isr_tables.c.obj)
                0x0000000000000040                _irq_vector_table
                0x0000000000000100                _vector_end = .

text            0x0000000000000100    0x116bc
                0x0000000000000100                __text_region_start = .
 *(SORT_BY_ALIGNMENT(.text))
 .text          0x0000000000000100       0x30 c:/ncs/toolchains/0b393f9e1b/opt/zephyr-sdk/arm-zephyr-eabi/bin/../lib/gcc/arm-zephyr-eabi/12.2.0/thumb/v7e-m/nofp\libgcc.a(_aeabi_uldivmod.o)
                0x0000000000000100                __aeabi_uldivmod
 .text          0x0000000000000130        0x4 c:/ncs/toolchains/0b393f9e1b/opt/zephyr-sdk/arm-zephyr-eabi/bin/../lib/gcc/arm-zephyr-eabi/12.2.0/thumb/v7e-m/nofp\libgcc.a(_dvmd_tls.o)
                0x0000000000000130                __aeabi_idiv0
                0x0000000000000130                __aeabi_ldiv0
 .text          0x0000000000000134       0x14 c:\ncs\toolchains\0b393f9e1b\opt\zephyr-sdk\arm-zephyr-eabi\bin\../lib/gcc/../../picolibc/arm-zephyr-eabi/lib/thumb/v7e-m/nofp\libc.a(strcmp.S.o)
                0x0000000000000134                strcmp
 .text          0x0000000000000148       0x10 c:\ncs\toolchains\0b393f9e1b\opt\zephyr-sdk\arm-zephyr-eabi\bin\../lib/gcc/../../picolibc/arm-zephyr-eabi/lib/thumb/v7e-m/nofp\libc.a(strlen.S.o)
                0x0000000000000148                strlen
 .text          0x0000000000000158      0x2a0 c:/ncs/toolchains/0b393f9e1b/opt/zephyr-sdk/arm-zephyr-eabi/bin/../lib/gcc/arm-zephyr-eabi/12.2.0/thumb/v7e-m/nofp\libgcc.a(_udivmoddi4.o)
                0x0000000000000158                __udivmoddi4
 *(SORT_BY_ALIGNMENT(.text.*))
 .text.interrupt_handler
                0x00000000000003f8      0x124 app/libapp.a(hal_cdc_acm_uart.c.obj)
 .text.hal_uart_init
                0x000000000000051c       0x48 app/libapp.a(hal_cdc_acm_uart.c.obj)
                0x000000000000051c                hal_uart_init
 .text.hal_uart_set_irq
                0x0000000000000564       0x48 app/libapp.a(hal_cdc_acm_uart.c.obj)
                0x0000000000000564                hal_uart_set_irq
 .text.print_baudrate
                0x00000000000005ac       0x3c app/libapp.a(hal_usbd.c.obj)
 .text.hal_usbd_setup_device
                0x00000000000005e8      0x114 app/libapp.a(hal_usbd.c.obj)
 .text.hal_usb_init_cb
                0x00000000000006fc      0x150 app/libapp.a(hal_usbd.c.obj)
 .text.hal_usbd_enable
                0x000000000000084c       0x40 app/libapp.a(hal_usbd.c.obj)
                0x000000000000084c                hal_usbd_enable
 .text.hal_usbd_init
                0x000000000000088c       0x40 app/libapp.a(hal_usbd.c.obj)
                0x000000000000088c                hal_usbd_init
 .text.sys_init
                0x00000000000008cc       0x28 app/libapp.a(main.c.obj)
                0x00000000000008cc                sys_init
 .text.main     0x00000000000008f4       0x64 app/libapp.a(main.c.obj)
                0x00000000000008f4                main
 .text.cbvprintf_package
                0x0000000000000958      0x4b4 zephyr/libzephyr.a(cbprintf_packaged.c.obj)
                0x0000000000000958                cbvprintf_package
 .text.cbprintf_package_convert
                0x0000000000000e0c      0x4c4 zephyr/libzephyr.a(cbprintf_packaged.c.obj)
                0x0000000000000e0c                cbprintf_package_convert
 .text.__printk_hook_install
                0x00000000000012d0        0xc zephyr/libzephyr.a(printk.c.obj)
                0x00000000000012d0                __printk_hook_install
 .text.z_thread_entry
                0x00000000000012dc       0x34 zephyr/libzephyr.a(thread_entry.c.obj)
                0x00000000000012dc                z_thread_entry
 .text.process_event
                0x0000000000001310      0x16c zephyr/libzephyr.a(onoff.c.obj)
 .text.msg_process
                0x000000000000147c       0x3c zephyr/libzephyr.a(log_core.c.obj)
 .text.log_backend_notify_all
                0x00000000000014b8       0x30 zephyr/libzephyr.a(log_core.c.obj)
 .text.activate_foreach_backend
                0x00000000000014e8       0x64 zephyr/libzephyr.a(log_core.c.obj)
 .text.z_log_init
                0x000000000000154c       0x98 zephyr/libzephyr.a(log_core.c.obj)
 .text.thread_set
                0x00000000000015e4       0x28 zephyr/libzephyr.a(log_core.c.obj)
 .text.log_process_thread_timer_expiry_fn
                0x000000000000160c       0x10 zephyr/libzephyr.a(log_core.c.obj)
 .text.enable_logger
                0x000000000000161c       0x5c zephyr/libzephyr.a(log_core.c.obj)
 .text.log_format_func_t_get
                0x0000000000001678        0xc zephyr/libzephyr.a(log_core.c.obj)
                0x0000000000001678                log_format_func_t_get
 .text.log_set_timestamp_func
                0x0000000000001684       0x24 zephyr/libzephyr.a(log_core.c.obj)
                0x0000000000001684                log_set_timestamp_func
 .text.z_log_notify_backend_enabled
                0x00000000000016a8       0x20 zephyr/libzephyr.a(log_core.c.obj)
                0x00000000000016a8                z_log_notify_backend_enabled
 .text.z_log_dropped
                0x00000000000016c8       0x54 zephyr/libzephyr.a(log_core.c.obj)
                0x00000000000016c8                z_log_dropped
 .text.z_log_dropped_read_and_clear
                0x000000000000171c       0x20 zephyr/libzephyr.a(log_core.c.obj)
                0x000000000000171c                z_log_dropped_read_and_clear
 .text.dropped_notify
                0x000000000000173c       0x38 zephyr/libzephyr.a(log_core.c.obj)
                0x000000000000173c                dropped_notify
 .text.z_log_dropped_pending
                0x0000000000001774       0x14 zephyr/libzephyr.a(log_core.c.obj)
                0x0000000000001774                z_log_dropped_pending
 .text.z_log_msg_init
                0x0000000000001788       0x20 zephyr/libzephyr.a(log_core.c.obj)
                0x0000000000001788                z_log_msg_init
 .text.log_core_init
                0x00000000000017a8       0x30 zephyr/libzephyr.a(log_core.c.obj)
                0x00000000000017a8                log_core_init
 .text.z_log_msg_alloc
                0x00000000000017d8       0x10 zephyr/libzephyr.a(log_core.c.obj)
                0x00000000000017d8                z_log_msg_alloc
 .text.z_log_msg_local_claim
                0x00000000000017e8       0x10 zephyr/libzephyr.a(log_core.c.obj)
                0x00000000000017e8                z_log_msg_local_claim
 .text.z_log_msg_free
                0x00000000000017f8       0x14 zephyr/libzephyr.a(log_core.c.obj)
                0x00000000000017f8                z_log_msg_free
 .text.z_log_msg_pending
                0x000000000000180c       0x10 zephyr/libzephyr.a(log_core.c.obj)
                0x000000000000180c                z_log_msg_pending
 .text.z_impl_log_process
                0x000000000000181c       0xbc zephyr/libzephyr.a(log_core.c.obj)
                0x000000000000181c                z_impl_log_process
 .text.z_impl_log_panic
                0x00000000000018d8       0x4c zephyr/libzephyr.a(log_core.c.obj)
                0x00000000000018d8                z_impl_log_panic
 .text.z_log_msg_post_finalize
                0x0000000000001924       0x84 zephyr/libzephyr.a(log_core.c.obj)
 .text.z_log_msg_commit
                0x00000000000019a8       0x20 zephyr/libzephyr.a(log_core.c.obj)
                0x00000000000019a8                z_log_msg_commit
 .text.log_process_thread_func
                0x00000000000019c8       0x78 zephyr/libzephyr.a(log_core.c.obj)
 .text.log_src_cnt_get
                0x0000000000001a40       0x14 zephyr/libzephyr.a(log_mgmt.c.obj)
                0x0000000000001a40                log_src_cnt_get
 .text.log_source_name_get
                0x0000000000001a54       0x1c zephyr/libzephyr.a(log_mgmt.c.obj)
                0x0000000000001a54                log_source_name_get
 .text.log_backend_enable
                0x0000000000001a70       0x2c zephyr/libzephyr.a(log_mgmt.c.obj)
                0x0000000000001a70                log_backend_enable
 .text.cbprintf_package_copy
                0x0000000000001a9c       0x30 zephyr/libzephyr.a(log_msg.c.obj)
 .text.z_impl_z_log_msg_static_create
                0x0000000000001acc      0x158 zephyr/libzephyr.a(log_msg.c.obj)
                0x0000000000001acc                z_impl_z_log_msg_static_create
 .text.z_log_msg_runtime_vcreate
                0x0000000000001c24       0xac zephyr/libzephyr.a(log_msg.c.obj)
                0x0000000000001c24                z_log_msg_runtime_vcreate
 .text.log_msg_get_source_id
                0x0000000000001cd0       0x18 zephyr/libzephyr.a(log_msg.c.obj)
                0x0000000000001cd0                log_msg_get_source_id
 .text.print_formatted
                0x0000000000001ce8       0x24 zephyr/libzephyr.a(log_output.c.obj)
 .text.timestamp_print
                0x0000000000001d0c       0x8c zephyr/libzephyr.a(log_output.c.obj)
 .text.color_print
                0x0000000000001d98       0x2c zephyr/libzephyr.a(log_output.c.obj)
 .text.ids_print
                0x0000000000001dc4       0x70 zephyr/libzephyr.a(log_output.c.obj)
 .text.prefix_print
                0x0000000000001e34       0x88 zephyr/libzephyr.a(log_output.c.obj)
 .text.newline_print
                0x0000000000001ebc       0x28 zephyr/libzephyr.a(log_output.c.obj)
 .text.hexdump_line_print
                0x0000000000001ee4       0xc4 zephyr/libzephyr.a(log_output.c.obj)
 .text.log_output_process
                0x0000000000001fa8       0x88 zephyr/libzephyr.a(log_output.c.obj)
                0x0000000000001fa8                log_output_process
 .text.log_output_dropped_process
                0x0000000000002030       0x84 zephyr/libzephyr.a(log_output.c.obj)
                0x0000000000002030                log_output_dropped_process
 .text.log_output_timestamp_freq_set
                0x00000000000020b4       0x2c zephyr/libzephyr.a(log_output.c.obj)
                0x00000000000020b4                log_output_timestamp_freq_set
 .text.log_backend_rtt_init
                0x00000000000020e0       0x1c zephyr/libzephyr.a(log_backend_rtt.c.obj)
 .text.panic    0x00000000000020fc       0x18 zephyr/libzephyr.a(log_backend_rtt.c.obj)
 .text.format_set
                0x0000000000002114        0xc zephyr/libzephyr.a(log_backend_rtt.c.obj)
 .text.on_failed_write
                0x0000000000002120       0x2c zephyr/libzephyr.a(log_backend_rtt.c.obj)
 .text.on_write
                0x000000000000214c       0x38 zephyr/libzephyr.a(log_backend_rtt.c.obj)
 .text.data_out_block_mode
                0x0000000000002184       0x7c zephyr/libzephyr.a(log_backend_rtt.c.obj)
 .text.dropped  0x0000000000002200       0x10 zephyr/libzephyr.a(log_backend_rtt.c.obj)
 .text.process  0x0000000000002210       0x20 zephyr/libzephyr.a(log_backend_rtt.c.obj)
 .text.char_out
                0x0000000000002230       0x24 zephyr/libzephyr.a(log_backend_uart.c.obj)
 .text.mem_attr_get_regions
                0x0000000000002254        0xc zephyr/libzephyr.a(mem_attr.c.obj)
                0x0000000000002254                mem_attr_get_regions
 .text.boot_banner
                0x0000000000002260       0x18 zephyr/libzephyr.a(banner.c.obj)
                0x0000000000002260                boot_banner
 .text.nrf_cc3xx_platform_abort_init
                0x0000000000002278       0x10 zephyr/libzephyr.a(nrf_cc3xx_platform_abort_zephyr.c.obj)
                0x0000000000002278                nrf_cc3xx_platform_abort_init
 .text.mutex_flags_unknown
                0x0000000000002288       0x50 zephyr/libzephyr.a(nrf_cc3xx_platform_mutex_zephyr.c.obj)
 .text.mutex_unlock_platform
                0x00000000000022d8       0x58 zephyr/libzephyr.a(nrf_cc3xx_platform_mutex_zephyr.c.obj)
 .text.mutex_lock_platform
                0x0000000000002330       0x64 zephyr/libzephyr.a(nrf_cc3xx_platform_mutex_zephyr.c.obj)
 .text.mutex_free_platform
                0x0000000000002394       0x5c zephyr/libzephyr.a(nrf_cc3xx_platform_mutex_zephyr.c.obj)
 .text.mutex_init_platform
                0x00000000000023f0       0x88 zephyr/libzephyr.a(nrf_cc3xx_platform_mutex_zephyr.c.obj)
 .text.nrf_cc3xx_platform_mutex_init
                0x0000000000002478       0x28 zephyr/libzephyr.a(nrf_cc3xx_platform_mutex_zephyr.c.obj)
                0x0000000000002478                nrf_cc3xx_platform_mutex_init
 .text.esf_dump
                0x00000000000024a0      0x160 zephyr/arch/arch/arm/core/libarch__arm__core.a(fatal.c.obj)
 .text.z_arm_fatal_error
                0x0000000000002600       0x38 zephyr/arch/arch/arm/core/libarch__arm__core.a(fatal.c.obj)
                0x0000000000002600                z_arm_fatal_error
 .text.z_SysNmiOnReset
                0x0000000000002638        0x8 zephyr/arch/arch/arm/core/libarch__arm__core.a(nmi_on_reset.S.obj)
                0x0000000000002638                z_SysNmiOnReset
 .text.z_tls_copy
                0x0000000000002640       0x28 zephyr/arch/arch/arm/core/libarch__arm__core.a(tls.c.obj)
 .text.arch_tls_stack_setup
                0x0000000000002668       0x28 zephyr/arch/arch/arm/core/libarch__arm__core.a(tls.c.obj)
                0x0000000000002668                arch_tls_stack_setup
 .text._HandlerModeExit
                0x0000000000002690       0x28 zephyr/arch/arch/arm/core/cortex_m/libarch__arm__core__cortex_m.a(exc_exit.c.obj)
                0x0000000000002690                z_arm_int_exit
                0x0000000000002690                z_arm_exc_exit
 .text.z_arm_is_synchronous_svc
                0x00000000000026b8       0x3c zephyr/arch/arch/arm/core/cortex_m/libarch__arm__core__cortex_m.a(fault.c.obj)
 .text.get_esf  0x00000000000026f4       0x48 zephyr/arch/arch/arm/core/cortex_m/libarch__arm__core__cortex_m.a(fault.c.obj)
 .text.usage_fault
                0x000000000000273c       0xd4 zephyr/arch/arch/arm/core/cortex_m/libarch__arm__core__cortex_m.a(fault.c.obj)
 .text.debug_monitor
                0x0000000000002810       0x1c zephyr/arch/arch/arm/core/cortex_m/libarch__arm__core__cortex_m.a(fault.c.obj)
 .text.reserved_exception
                0x000000000000282c       0xd8 zephyr/arch/arch/arm/core/cortex_m/libarch__arm__core__cortex_m.a(fault.c.obj)
 .text.bus_fault
                0x0000000000002904      0x110 zephyr/arch/arch/arm/core/cortex_m/libarch__arm__core__cortex_m.a(fault.c.obj)
 .text.mem_manage_fault
                0x0000000000002a14      0x148 zephyr/arch/arch/arm/core/cortex_m/libarch__arm__core__cortex_m.a(fault.c.obj)
 .text.hard_fault
                0x0000000000002b5c       0xd0 zephyr/arch/arch/arm/core/cortex_m/libarch__arm__core__cortex_m.a(fault.c.obj)
 .text.z_arm_fault
                0x0000000000002c2c       0x88 zephyr/arch/arch/arm/core/cortex_m/libarch__arm__core__cortex_m.a(fault.c.obj)
                0x0000000000002c2c                z_arm_fault
 .text.z_arm_fault_init
                0x0000000000002cb4       0x18 zephyr/arch/arch/arm/core/cortex_m/libarch__arm__core__cortex_m.a(fault.c.obj)
                0x0000000000002cb4                z_arm_fault_init
 .text.__fault  0x0000000000002ccc       0x14 zephyr/arch/arch/arm/core/cortex_m/libarch__arm__core__cortex_m.a(fault_s.S.obj)
                0x0000000000002ccc                z_arm_usage_fault
                0x0000000000002ccc                z_arm_mpu_fault
                0x0000000000002ccc                z_arm_exc_spurious
                0x0000000000002ccc                z_arm_debug_monitor
                0x0000000000002ccc                z_arm_hard_fault
                0x0000000000002ccc                z_arm_bus_fault
 .text._reset_section
                0x0000000000002ce0       0x60 zephyr/arch/arch/arm/core/cortex_m/libarch__arm__core__cortex_m.a(reset.S.obj)
                0x0000000000002ce0                __start
                0x0000000000002ce0                z_arm_reset
 .text.z_arm_clear_arm_mpu_config
                0x0000000000002d40       0x28 zephyr/arch/arch/arm/core/cortex_m/libarch__arm__core__cortex_m.a(scb.c.obj)
                0x0000000000002d40                z_arm_clear_arm_mpu_config
 .text.z_arm_init_arch_hw_at_boot
                0x0000000000002d68       0x54 zephyr/arch/arch/arm/core/cortex_m/libarch__arm__core__cortex_m.a(scb.c.obj)
                0x0000000000002d68                z_arm_init_arch_hw_at_boot
 .text.z_impl_k_thread_abort
                0x0000000000002dbc       0x34 zephyr/arch/arch/arm/core/cortex_m/libarch__arm__core__cortex_m.a(thread_abort.c.obj)
                0x0000000000002dbc                z_impl_k_thread_abort
 .text.z_arm_pendsv
                0x0000000000002df0       0x68 zephyr/arch/arch/arm/core/cortex_m/libarch__arm__core__cortex_m.a(swap_helper.S.obj)
                0x0000000000002df0                z_arm_pendsv
 .text.z_arm_svc
                0x0000000000002e58       0x24 zephyr/arch/arch/arm/core/cortex_m/libarch__arm__core__cortex_m.a(swap_helper.S.obj)
                0x0000000000002e58                z_arm_svc
 .text.__NVIC_EnableIRQ
                0x0000000000002e7c       0x1c zephyr/arch/arch/arm/core/cortex_m/libarch__arm__core__cortex_m.a(irq_manage.c.obj)
 .text.__NVIC_DisableIRQ
                0x0000000000002e98       0x24 zephyr/arch/arch/arm/core/cortex_m/libarch__arm__core__cortex_m.a(irq_manage.c.obj)
 .text.__NVIC_SetPriority
                0x0000000000002ebc       0x28 zephyr/arch/arch/arm/core/cortex_m/libarch__arm__core__cortex_m.a(irq_manage.c.obj)
 .text.arch_irq_is_enabled
                0x0000000000002ee4       0x1c zephyr/arch/arch/arm/core/cortex_m/libarch__arm__core__cortex_m.a(irq_manage.c.obj)
                0x0000000000002ee4                arch_irq_is_enabled
 .text.z_prep_c
                0x0000000000002f00       0x38 zephyr/arch/arch/arm/core/cortex_m/libarch__arm__core__cortex_m.a(prep_c.c.obj)
                0x0000000000002f00                z_prep_c
 .text.arch_new_thread
                0x0000000000002f38       0x44 zephyr/arch/arch/arm/core/cortex_m/libarch__arm__core__cortex_m.a(thread.c.obj)
                0x0000000000002f38                arch_new_thread
 .text.z_check_thread_stack_fail
                0x0000000000002f7c       0x48 zephyr/arch/arch/arm/core/cortex_m/libarch__arm__core__cortex_m.a(thread.c.obj)
                0x0000000000002f7c                z_check_thread_stack_fail
 .text.arch_switch_to_main_thread
                0x0000000000002fc4       0x40 zephyr/arch/arch/arm/core/cortex_m/libarch__arm__core__cortex_m.a(thread.c.obj)
                0x0000000000002fc4                arch_switch_to_main_thread
 .text.z_arm_cpu_idle_init
                0x0000000000003004        0xc zephyr/arch/arch/arm/core/cortex_m/libarch__arm__core__cortex_m.a(cpu_idle.c.obj)
                0x0000000000003004                z_arm_cpu_idle_init
 .text.z_arm_interrupt_init
                0x0000000000003010       0x34 zephyr/arch/arch/arm/core/cortex_m/libarch__arm__core__cortex_m.a(irq_init.c.obj)
                0x0000000000003010                z_arm_interrupt_init
 .text._isr_wrapper
                0x0000000000003044       0x20 zephyr/arch/arch/arm/core/cortex_m/libarch__arm__core__cortex_m.a(isr_wrapper.c.obj)
                0x0000000000003044                _isr_wrapper
 .text.z_arm_configure_static_mpu_regions
                0x0000000000003064       0x1c zephyr/arch/arch/arm/core/mpu/libarch__arm__core__mpu.a(arm_core_mpu.c.obj)
                0x0000000000003064                z_arm_configure_static_mpu_regions
 .text.z_arm_configure_dynamic_mpu_regions
                0x0000000000003080       0x24 zephyr/arch/arch/arm/core/mpu/libarch__arm__core__mpu.a(arm_core_mpu.c.obj)
                0x0000000000003080                z_arm_configure_dynamic_mpu_regions
 .text.region_init
                0x00000000000030a4       0x28 zephyr/arch/arch/arm/core/mpu/libarch__arm__core__mpu.a(arm_mpu.c.obj)
 .text.region_allocate_and_init
                0x00000000000030cc       0x3c zephyr/arch/arch/arm/core/mpu/libarch__arm__core__mpu.a(arm_mpu.c.obj)
 .text.mpu_configure_regions
                0x0000000000003108       0x64 zephyr/arch/arch/arm/core/mpu/libarch__arm__core__mpu.a(arm_mpu.c.obj)
 .text.mpu_configure_static_mpu_regions
                0x000000000000316c       0x14 zephyr/arch/arch/arm/core/mpu/libarch__arm__core__mpu.a(arm_mpu.c.obj)
 .text.mpu_configure_dynamic_mpu_regions
                0x0000000000003180       0x3c zephyr/arch/arch/arm/core/mpu/libarch__arm__core__mpu.a(arm_mpu.c.obj)
 .text.arm_core_mpu_enable
                0x00000000000031bc       0x18 zephyr/arch/arch/arm/core/mpu/libarch__arm__core__mpu.a(arm_mpu.c.obj)
                0x00000000000031bc                arm_core_mpu_enable
 .text.arm_core_mpu_disable
                0x00000000000031d4       0x14 zephyr/arch/arch/arm/core/mpu/libarch__arm__core__mpu.a(arm_mpu.c.obj)
                0x00000000000031d4                arm_core_mpu_disable
 .text.z_arm_mpu_init
                0x00000000000031e8       0x80 zephyr/arch/arch/arm/core/mpu/libarch__arm__core__mpu.a(arm_mpu.c.obj)
                0x00000000000031e8                z_arm_mpu_init
 .text.cbvprintf
                0x0000000000003268       0x34 zephyr/lib/libc/picolibc/liblib__libc__picolibc.a(cbprintf.c.obj)
                0x0000000000003268                cbvprintf
 .text.z_impl_zephyr_fputc
                0x000000000000329c       0x10 zephyr/lib/libc/picolibc/liblib__libc__picolibc.a(stdio.c.obj)
                0x000000000000329c                z_impl_zephyr_fputc
 .text.__stdout_hook_install
                0x00000000000032ac       0x18 zephyr/lib/libc/picolibc/liblib__libc__picolibc.a(stdio.c.obj)
                0x00000000000032ac                __stdout_hook_install
 .text.malloc_prepare
                0x00000000000032c4       0x24 zephyr/lib/libc/common/liblib__libc__common.a(malloc.c.obj)
 .text.pool_id  0x00000000000032e8       0x18 zephyr/lib/net_buf/liblib__net_buf.a(buf.c.obj)
 .text.net_buf_pool_get
                0x0000000000003300       0x10 zephyr/lib/net_buf/liblib__net_buf.a(buf.c.obj)
                0x0000000000003300                net_buf_pool_get
 .text.nordicsemi_nrf52_init
                0x0000000000003310       0x34 zephyr/soc/soc/nrf52840/libsoc__nordic.a(soc.c.obj)
 .text.arch_busy_wait
                0x0000000000003344       0x18 zephyr/soc/soc/nrf52840/libsoc__nordic.a(soc.c.obj)
                0x0000000000003344                arch_busy_wait
 .text.usbd_init
                0x000000000000335c       0x88 zephyr/subsys/usb/device_next/libsubsys__usb__device_next.a(usbd_device.c.obj)
                0x000000000000335c                usbd_init
 .text.usbd_enable
                0x00000000000033e4       0x8c zephyr/subsys/usb/device_next/libsubsys__usb__device_next.a(usbd_device.c.obj)
                0x00000000000033e4                usbd_enable
 .text.usbd_disable
                0x0000000000003470       0x74 zephyr/subsys/usb/device_next/libsubsys__usb__device_next.a(usbd_device.c.obj)
                0x0000000000003470                usbd_disable
 .text.usbd_class_control_to_host
                0x00000000000034e4       0x20 zephyr/subsys/usb/device_next/libsubsys__usb__device_next.a(usbd_ch9.c.obj)
 .text.usbd_class_control_to_dev
                0x0000000000003504       0x20 zephyr/subsys/usb/device_next/libsubsys__usb__device_next.a(usbd_ch9.c.obj)
 .text.sreq_set_address
                0x0000000000003524       0xb0 zephyr/subsys/usb/device_next/libsubsys__usb__device_next.a(usbd_ch9.c.obj)
 .text.set_feature_test_mode
                0x00000000000035d4       0x4c zephyr/subsys/usb/device_next/libsubsys__usb__device_next.a(usbd_ch9.c.obj)
 .text.post_status_stage
                0x0000000000003620       0x74 zephyr/subsys/usb/device_next/libsubsys__usb__device_next.a(usbd_ch9.c.obj)
 .text.sreq_set_configuration
                0x0000000000003694       0xd0 zephyr/subsys/usb/device_next/libsubsys__usb__device_next.a(usbd_ch9.c.obj)
 .text.sreq_set_interface
                0x0000000000003764       0x88 zephyr/subsys/usb/device_next/libsubsys__usb__device_next.a(usbd_ch9.c.obj)
 .text.sreq_clear_feature
                0x00000000000037ec       0xbc zephyr/subsys/usb/device_next/libsubsys__usb__device_next.a(usbd_ch9.c.obj)
 .text.sreq_set_feature
                0x00000000000038a8       0xbc zephyr/subsys/usb/device_next/libsubsys__usb__device_next.a(usbd_ch9.c.obj)
 .text.std_request_to_device
                0x0000000000003964       0x50 zephyr/subsys/usb/device_next/libsubsys__usb__device_next.a(usbd_ch9.c.obj)
 .text.sreq_get_status
                0x00000000000039b4       0xb0 zephyr/subsys/usb/device_next/libsubsys__usb__device_next.a(usbd_ch9.c.obj)
 .text.sreq_get_desc_dev
                0x0000000000003a64       0x58 zephyr/subsys/usb/device_next/libsubsys__usb__device_next.a(usbd_ch9.c.obj)
 .text.sreq_get_desc_bos
                0x0000000000003abc       0xdc zephyr/subsys/usb/device_next/libsubsys__usb__device_next.a(usbd_ch9.c.obj)
 .text.sreq_get_dev_qualifier
                0x0000000000003b98       0x98 zephyr/subsys/usb/device_next/libsubsys__usb__device_next.a(usbd_ch9.c.obj)
 .text.sreq_get_desc_cfg
                0x0000000000003c30      0x11c zephyr/subsys/usb/device_next/libsubsys__usb__device_next.a(usbd_ch9.c.obj)
 .text.sreq_get_configuration
                0x0000000000003d4c       0x60 zephyr/subsys/usb/device_next/libsubsys__usb__device_next.a(usbd_ch9.c.obj)
 .text.sreq_get_interface
                0x0000000000003dac       0xac zephyr/subsys/usb/device_next/libsubsys__usb__device_next.a(usbd_ch9.c.obj)
 .text.vendor_device_request
                0x0000000000003e58       0x78 zephyr/subsys/usb/device_next/libsubsys__usb__device_next.a(usbd_ch9.c.obj)
 .text.get_sn_from_hwid
                0x0000000000003ed0       0x64 zephyr/subsys/usb/device_next/libsubsys__usb__device_next.a(usbd_ch9.c.obj)
 .text.string_ascii7_to_utf16le
                0x0000000000003f34       0xb4 zephyr/subsys/usb/device_next/libsubsys__usb__device_next.a(usbd_ch9.c.obj)
 .text.sreq_get_desc_str
                0x0000000000003fe8       0x7c zephyr/subsys/usb/device_next/libsubsys__usb__device_next.a(usbd_ch9.c.obj)
 .text.sreq_get_descriptor
                0x0000000000004064       0x70 zephyr/subsys/usb/device_next/libsubsys__usb__device_next.a(usbd_ch9.c.obj)
 .text.std_request_to_host
                0x00000000000040d4       0x48 zephyr/subsys/usb/device_next/libsubsys__usb__device_next.a(usbd_ch9.c.obj)
 .text.handle_setup_request
                0x000000000000411c       0x68 zephyr/subsys/usb/device_next/libsubsys__usb__device_next.a(usbd_ch9.c.obj)
 .text.ctrl_xfer_get_setup
                0x0000000000004184      0x1fc zephyr/subsys/usb/device_next/libsubsys__usb__device_next.a(usbd_ch9.c.obj)
 .text.usbd_handle_ctrl_xfer
                0x0000000000004380      0x1d4 zephyr/subsys/usb/device_next/libsubsys__usb__device_next.a(usbd_ch9.c.obj)
                0x0000000000004380                usbd_handle_ctrl_xfer
 .text.usbd_event_carrier
                0x0000000000004554       0x14 zephyr/subsys/usb/device_next/libsubsys__usb__device_next.a(usbd_core.c.obj)
 .text.usbd_class_bcast_event
                0x0000000000004568       0x7c zephyr/subsys/usb/device_next/libsubsys__usb__device_next.a(usbd_core.c.obj)
 .text.event_handler_bus_reset
                0x00000000000045e4       0xa4 zephyr/subsys/usb/device_next/libsubsys__usb__device_next.a(usbd_core.c.obj)
 .text.event_handler_ep_request
                0x0000000000004688       0xcc zephyr/subsys/usb/device_next/libsubsys__usb__device_next.a(usbd_core.c.obj)
 .text.usbd_thread
                0x0000000000004754      0x100 zephyr/subsys/usb/device_next/libsubsys__usb__device_next.a(usbd_core.c.obj)
 .text.usbd_pre_init
                0x0000000000004854       0xac zephyr/subsys/usb/device_next/libsubsys__usb__device_next.a(usbd_core.c.obj)
 .text.usbd_device_init_core
                0x0000000000004900       0x48 zephyr/subsys/usb/device_next/libsubsys__usb__device_next.a(usbd_core.c.obj)
                0x0000000000004900                usbd_device_init_core
 .text.unassign_eps
                0x0000000000004948       0xbc zephyr/subsys/usb/device_next/libsubsys__usb__device_next.a(usbd_init.c.obj)
 .text.init_configuration
                0x0000000000004a04       0xd4 zephyr/subsys/usb/device_next/libsubsys__usb__device_next.a(usbd_init.c.obj)
 .text.usbd_init_configurations
                0x0000000000004ad8       0x80 zephyr/subsys/usb/device_next/libsubsys__usb__device_next.a(usbd_init.c.obj)
                0x0000000000004ad8                usbd_init_configurations
 .text.usbd_config_set
                0x0000000000004b58       0x74 zephyr/subsys/usb/device_next/libsubsys__usb__device_next.a(usbd_config.c.obj)
                0x0000000000004b58                usbd_config_set
 .text.usbd_add_configuration
                0x0000000000004bcc      0x17c zephyr/subsys/usb/device_next/libsubsys__usb__device_next.a(usbd_config.c.obj)
                0x0000000000004bcc                usbd_add_configuration
 .text.usbd_class_node_get
                0x0000000000004d48      0x108 zephyr/subsys/usb/device_next/libsubsys__usb__device_next.a(usbd_class.c.obj)
 .text.usbd_class_get_by_ep
                0x0000000000004e50       0x64 zephyr/subsys/usb/device_next/libsubsys__usb__device_next.a(usbd_class.c.obj)
                0x0000000000004e50                usbd_class_get_by_ep
 .text.usbd_register_class
                0x0000000000004eb4       0xc4 zephyr/subsys/usb/device_next/libsubsys__usb__device_next.a(usbd_class.c.obj)
                0x0000000000004eb4                usbd_register_class
 .text.usbd_register_all_classes
                0x0000000000004f78      0x1ec zephyr/subsys/usb/device_next/libsubsys__usb__device_next.a(usbd_class.c.obj)
                0x0000000000004f78                usbd_register_all_classes
 .text.handle_ep_op
                0x0000000000005164       0xe8 zephyr/subsys/usb/device_next/libsubsys__usb__device_next.a(usbd_interface.c.obj)
 .text.usbd_ep_ctrl_enqueue
                0x000000000000524c       0x4c zephyr/subsys/usb/device_next/libsubsys__usb__device_next.a(usbd_endpoint.c.obj)
                0x000000000000524c                usbd_ep_ctrl_enqueue
 .text.usbd_ep_set_halt
                0x0000000000005298       0x34 zephyr/subsys/usb/device_next/libsubsys__usb__device_next.a(usbd_endpoint.c.obj)
                0x0000000000005298                usbd_ep_set_halt
 .text.usbd_ep_clear_halt
                0x00000000000052cc       0x34 zephyr/subsys/usb/device_next/libsubsys__usb__device_next.a(usbd_endpoint.c.obj)
                0x00000000000052cc                usbd_ep_clear_halt
 .text.usbd_msg_pub
                0x0000000000005300       0x74 zephyr/subsys/usb/device_next/libsubsys__usb__device_next.a(usbd_msg.c.obj)
 .text.msg_work_handler
                0x0000000000005374       0x90 zephyr/subsys/usb/device_next/libsubsys__usb__device_next.a(usbd_msg.c.obj)
 .text.cdc_acm_irq_tx_ready
                0x0000000000005404       0x38 zephyr/subsys/usb/device_next/libsubsys__usb__device_next.a(usbd_cdc_acm.c.obj)
 .text.cdc_acm_irq_rx_ready
                0x000000000000543c       0x30 zephyr/subsys/usb/device_next/libsubsys__usb__device_next.a(usbd_cdc_acm.c.obj)
 .text.cdc_acm_irq_is_pending
                0x000000000000546c       0x38 zephyr/subsys/usb/device_next/libsubsys__usb__device_next.a(usbd_cdc_acm.c.obj)
 .text.cdc_acm_irq_update
                0x00000000000054a4       0x70 zephyr/subsys/usb/device_next/libsubsys__usb__device_next.a(usbd_cdc_acm.c.obj)
 .text.usbd_cdc_acm_cth
                0x0000000000005514       0x48 zephyr/subsys/usb/device_next/libsubsys__usb__device_next.a(usbd_cdc_acm.c.obj)
 .text.cdc_acm_irq_rx_enable
                0x000000000000555c       0x54 zephyr/subsys/usb/device_next/libsubsys__usb__device_next.a(usbd_cdc_acm.c.obj)
 .text.cdc_acm_irq_tx_enable
                0x00000000000055b0       0x40 zephyr/subsys/usb/device_next/libsubsys__usb__device_next.a(usbd_cdc_acm.c.obj)
 .text.cdc_acm_fifo_read
                0x00000000000055f0       0x34 zephyr/subsys/usb/device_next/libsubsys__usb__device_next.a(usbd_cdc_acm.c.obj)
 .text.cdc_acm_poll_in
                0x0000000000005624       0x34 zephyr/subsys/usb/device_next/libsubsys__usb__device_next.a(usbd_cdc_acm.c.obj)
 .text.cdc_acm_fifo_fill
                0x0000000000005658       0x48 zephyr/subsys/usb/device_next/libsubsys__usb__device_next.a(usbd_cdc_acm.c.obj)
 .text.usbd_cdc_acm_enable
                0x00000000000056a0       0x6c zephyr/subsys/usb/device_next/libsubsys__usb__device_next.a(usbd_cdc_acm.c.obj)
 .text.cdc_acm_poll_out
                0x000000000000570c       0x70 zephyr/subsys/usb/device_next/libsubsys__usb__device_next.a(usbd_cdc_acm.c.obj)
 .text.usbd_cdc_acm_request
                0x000000000000577c      0x154 zephyr/subsys/usb/device_next/libsubsys__usb__device_next.a(usbd_cdc_acm.c.obj)
 .text.usbd_cdc_acm_ctd
                0x00000000000058d0       0x6c zephyr/subsys/usb/device_next/libsubsys__usb__device_next.a(usbd_cdc_acm.c.obj)
 .text.usbd_cdc_acm_preinit
                0x000000000000593c       0x50 zephyr/subsys/usb/device_next/libsubsys__usb__device_next.a(usbd_cdc_acm.c.obj)
 .text.cdc_acm_irq_cb_handler
                0x000000000000598c       0xcc zephyr/subsys/usb/device_next/libsubsys__usb__device_next.a(usbd_cdc_acm.c.obj)
 .text.usbd_cdc_acm_init_wq
                0x0000000000005a58       0x3c zephyr/subsys/usb/device_next/libsubsys__usb__device_next.a(usbd_cdc_acm.c.obj)
 .text.cdc_acm_buf_alloc
                0x0000000000005a94       0x18 zephyr/subsys/usb/device_next/libsubsys__usb__device_next.a(usbd_cdc_acm.c.obj)
                0x0000000000005a94                cdc_acm_buf_alloc
 .text.cdc_acm_rx_fifo_handler
                0x0000000000005aac       0x9c zephyr/subsys/usb/device_next/libsubsys__usb__device_next.a(usbd_cdc_acm.c.obj)
 .text.cdc_acm_tx_fifo_handler
                0x0000000000005b48       0xc4 zephyr/subsys/usb/device_next/libsubsys__usb__device_next.a(usbd_cdc_acm.c.obj)
 .text.udc_set_suspended
                0x0000000000005c0c       0x34 zephyr/drivers/usb/udc/libdrivers__usb__udc.a(udc_common.c.obj)
                0x0000000000005c0c                udc_set_suspended
 .text.udc_ep_enable_internal
                0x0000000000005c40       0xb0 zephyr/drivers/usb/udc/libdrivers__usb__udc.a(udc_common.c.obj)
                0x0000000000005c40                udc_ep_enable_internal
 .text.udc_ep_disable_internal
                0x0000000000005cf0       0x54 zephyr/drivers/usb/udc/libdrivers__usb__udc.a(udc_common.c.obj)
                0x0000000000005cf0                udc_ep_disable_internal
 .text.udc_ep_buf_alloc
                0x0000000000005d44       0x48 zephyr/drivers/usb/udc/libdrivers__usb__udc.a(udc_common.c.obj)
                0x0000000000005d44                udc_ep_buf_alloc
 .text.udc_ctrl_update_stage
                0x0000000000005d8c       0xd0 zephyr/drivers/usb/udc/libdrivers__usb__udc.a(udc_common.c.obj)
                0x0000000000005d8c                udc_ctrl_update_stage
 .text.udc_nrf_init
                0x0000000000005e5c       0x38 zephyr/drivers/usb/udc/libdrivers__usb__udc.a(udc_nrf.c.obj)
 .text.udc_nrf_disable
                0x0000000000005e94       0x78 zephyr/drivers/usb/udc/libdrivers__usb__udc.a(udc_nrf.c.obj)
 .text.udc_nrf_enable
                0x0000000000005f0c       0xd0 zephyr/drivers/usb/udc/libdrivers__usb__udc.a(udc_nrf.c.obj)
 .text.udc_sof_check_iso_out
                0x0000000000005fdc       0x40 zephyr/drivers/usb/udc/libdrivers__usb__udc.a(udc_nrf.c.obj)
 .text.usbd_event_handler
                0x000000000000601c       0x5c zephyr/drivers/usb/udc/libdrivers__usb__udc.a(udc_nrf.c.obj)
 .text.udc_nrf_set_address
                0x0000000000006078       0x40 zephyr/drivers/usb/udc/libdrivers__usb__udc.a(udc_nrf.c.obj)
 .text.udc_nrf_fake_status_in
                0x00000000000060b8       0x44 zephyr/drivers/usb/udc/libdrivers__usb__udc.a(udc_nrf.c.obj)
 .text.udc_nrf_ep_enqueue
                0x00000000000060fc       0x54 zephyr/drivers/usb/udc/libdrivers__usb__udc.a(udc_nrf.c.obj)
 .text.udc_nrf_power_handler
                0x0000000000006150       0x4c zephyr/drivers/usb/udc/libdrivers__usb__udc.a(udc_nrf.c.obj)
 .text.udc_event_xfer_ctrl_in
                0x000000000000619c       0x48 zephyr/drivers/usb/udc/libdrivers__usb__udc.a(udc_nrf.c.obj)
 .text.udc_event_xfer_in
                0x00000000000061e4       0xac zephyr/drivers/usb/udc/libdrivers__usb__udc.a(udc_nrf.c.obj)
 .text.udc_event_xfer_out
                0x0000000000006290       0x9c zephyr/drivers/usb/udc/libdrivers__usb__udc.a(udc_nrf.c.obj)
 .text.udc_nrf_clear_control_out
                0x000000000000632c       0x20 zephyr/drivers/usb/udc/libdrivers__usb__udc.a(udc_nrf.c.obj)
 .text.udc_event_xfer_setup
                0x000000000000634c      0x104 zephyr/drivers/usb/udc/libdrivers__usb__udc.a(udc_nrf.c.obj)
 .text.udc_event_xfer_in_next
                0x0000000000006450       0x74 zephyr/drivers/usb/udc/libdrivers__usb__udc.a(udc_nrf.c.obj)
 .text.udc_event_xfer_out_next
                0x00000000000064c4       0x70 zephyr/drivers/usb/udc/libdrivers__usb__udc.a(udc_nrf.c.obj)
 .text.udc_nrf_thread
                0x0000000000006534       0xec zephyr/drivers/usb/udc/libdrivers__usb__udc.a(udc_nrf.c.obj)
 .text.udc_nrf_driver_init
                0x0000000000006620      0x1a0 zephyr/drivers/usb/udc/libdrivers__usb__udc.a(udc_nrf.c.obj)
 .text.usbd_ep_to_endevent
                0x00000000000067c0       0x3c zephyr/drivers/usb/common/nrf_usbd_common/libdrivers__usb__common__nrf_usbd_common.a(nrf_usbd_common.c.obj)
 .text.usbd_ep_amount_get
                0x00000000000067fc       0x50 zephyr/drivers/usb/common/nrf_usbd_common/libdrivers__usb__common__nrf_usbd_common.a(nrf_usbd_common.c.obj)
 .text.usbd_ep_dma_start
                0x000000000000684c       0x7c zephyr/drivers/usb/common/nrf_usbd_common/libdrivers__usb__common__nrf_usbd_common.a(nrf_usbd_common.c.obj)
 .text.usbd_dma_pending_set
                0x00000000000068c8       0x18 zephyr/drivers/usb/common/nrf_usbd_common/libdrivers__usb__common__nrf_usbd_common.a(nrf_usbd_common.c.obj)
 .text.usbd_dma_pending_clear
                0x00000000000068e0       0x18 zephyr/drivers/usb/common/nrf_usbd_common/libdrivers__usb__common__nrf_usbd_common.a(nrf_usbd_common.c.obj)
 .text.ev_usbreset_handler
                0x00000000000068f8       0x30 zephyr/drivers/usb/common/nrf_usbd_common/libdrivers__usb__common__nrf_usbd_common.a(nrf_usbd_common.c.obj)
 .text.ev_sof_handler
                0x0000000000006928       0x48 zephyr/drivers/usb/common/nrf_usbd_common/libdrivers__usb__common__nrf_usbd_common.a(nrf_usbd_common.c.obj)
 .text.usbd_ep_data_handler
                0x0000000000006970       0x6c zephyr/drivers/usb/common/nrf_usbd_common/libdrivers__usb__common__nrf_usbd_common.a(nrf_usbd_common.c.obj)
 .text.ev_setup_handler
                0x00000000000069dc       0x60 zephyr/drivers/usb/common/nrf_usbd_common/libdrivers__usb__common__nrf_usbd_common.a(nrf_usbd_common.c.obj)
 .text.ev_usbevent_handler
                0x0000000000006a3c       0x84 zephyr/drivers/usb/common/nrf_usbd_common/libdrivers__usb__common__nrf_usbd_common.a(nrf_usbd_common.c.obj)
 .text.usbd_errata_171_begin
                0x0000000000006ac0       0x44 zephyr/drivers/usb/common/nrf_usbd_common/libdrivers__usb__common__nrf_usbd_common.a(nrf_usbd_common.c.obj)
 .text.usbd_errata_171_end
                0x0000000000006b04       0x44 zephyr/drivers/usb/common/nrf_usbd_common/libdrivers__usb__common__nrf_usbd_common.a(nrf_usbd_common.c.obj)
 .text.usbd_errata_187_211_begin
                0x0000000000006b48       0x44 zephyr/drivers/usb/common/nrf_usbd_common/libdrivers__usb__common__nrf_usbd_common.a(nrf_usbd_common.c.obj)
 .text.usbd_errata_187_211_end
                0x0000000000006b8c       0x44 zephyr/drivers/usb/common/nrf_usbd_common/libdrivers__usb__common__nrf_usbd_common.a(nrf_usbd_common.c.obj)
 .text.usbd_enable
                0x0000000000006bd0       0x58 zephyr/drivers/usb/common/nrf_usbd_common/libdrivers__usb__common__nrf_usbd_common.a(nrf_usbd_common.c.obj)
 .text.nrf_usbd_common_feeder
                0x0000000000006c28       0x58 zephyr/drivers/usb/common/nrf_usbd_common/libdrivers__usb__common__nrf_usbd_common.a(nrf_usbd_common.c.obj)
 .text.nrf_usbd_common_uninit
                0x0000000000006c80       0x14 zephyr/drivers/usb/common/nrf_usbd_common/libdrivers__usb__common__nrf_usbd_common.a(nrf_usbd_common.c.obj)
                0x0000000000006c80                nrf_usbd_common_uninit
 .text.nrf_usbd_common_enable
                0x0000000000006c94       0xb0 zephyr/drivers/usb/common/nrf_usbd_common/libdrivers__usb__common__nrf_usbd_common.a(nrf_usbd_common.c.obj)
                0x0000000000006c94                nrf_usbd_common_enable
 .text.nrf_usbd_common_start
                0x0000000000006d44       0x34 zephyr/drivers/usb/common/nrf_usbd_common/libdrivers__usb__common__nrf_usbd_common.a(nrf_usbd_common.c.obj)
                0x0000000000006d44                nrf_usbd_common_start
 .text.nrf_usbd_common_suspend
                0x0000000000006d78       0x74 zephyr/drivers/usb/common/nrf_usbd_common/libdrivers__usb__common__nrf_usbd_common.a(nrf_usbd_common.c.obj)
                0x0000000000006d78                nrf_usbd_common_suspend
 .text.nrf_usbd_common_suspend_check
                0x0000000000006dec       0x14 zephyr/drivers/usb/common/nrf_usbd_common/libdrivers__usb__common__nrf_usbd_common.a(nrf_usbd_common.c.obj)
                0x0000000000006dec                nrf_usbd_common_suspend_check
 .text.nrf_usbd_common_wakeup_req
                0x0000000000006e00       0x7c zephyr/drivers/usb/common/nrf_usbd_common/libdrivers__usb__common__nrf_usbd_common.a(nrf_usbd_common.c.obj)
                0x0000000000006e00                nrf_usbd_common_wakeup_req
 .text.nrf_usbd_common_ep_max_packet_size_set
                0x0000000000006e7c       0x24 zephyr/drivers/usb/common/nrf_usbd_common/libdrivers__usb__common__nrf_usbd_common.a(nrf_usbd_common.c.obj)
                0x0000000000006e7c                nrf_usbd_common_ep_max_packet_size_set
 .text.nrf_usbd_common_init
                0x0000000000006ea0       0xb4 zephyr/drivers/usb/common/nrf_usbd_common/libdrivers__usb__common__nrf_usbd_common.a(nrf_usbd_common.c.obj)
                0x0000000000006ea0                nrf_usbd_common_init
 .text.nrf_usbd_common_ep_enable_check
                0x0000000000006f54       0x2c zephyr/drivers/usb/common/nrf_usbd_common/libdrivers__usb__common__nrf_usbd_common.a(nrf_usbd_common.c.obj)
                0x0000000000006f54                nrf_usbd_common_ep_enable_check
 .text.nrf_usbd_common_ep_transfer
                0x0000000000006f80       0xb4 zephyr/drivers/usb/common/nrf_usbd_common/libdrivers__usb__common__nrf_usbd_common.a(nrf_usbd_common.c.obj)
                0x0000000000006f80                nrf_usbd_common_ep_transfer
 .text.nrf_usbd_common_ep_status_get
                0x0000000000007034       0x48 zephyr/drivers/usb/common/nrf_usbd_common/libdrivers__usb__common__nrf_usbd_common.a(nrf_usbd_common.c.obj)
                0x0000000000007034                nrf_usbd_common_ep_status_get
 .text.nrf_usbd_common_epout_size_get
                0x000000000000707c       0x2c zephyr/drivers/usb/common/nrf_usbd_common/libdrivers__usb__common__nrf_usbd_common.a(nrf_usbd_common.c.obj)
                0x000000000000707c                nrf_usbd_common_epout_size_get
 .text.usbd_dmareq_process
                0x00000000000070a8      0x12c zephyr/drivers/usb/common/nrf_usbd_common/libdrivers__usb__common__nrf_usbd_common.a(nrf_usbd_common.c.obj)
 .text.nrf_usbd_common_ep_is_busy
                0x00000000000071d4       0x38 zephyr/drivers/usb/common/nrf_usbd_common/libdrivers__usb__common__nrf_usbd_common.a(nrf_usbd_common.c.obj)
                0x00000000000071d4                nrf_usbd_common_ep_is_busy
 .text.nrf_usbd_common_ep_stall
                0x000000000000720c       0x10 zephyr/drivers/usb/common/nrf_usbd_common/libdrivers__usb__common__nrf_usbd_common.a(nrf_usbd_common.c.obj)
                0x000000000000720c                nrf_usbd_common_ep_stall
 .text.nrf_usbd_common_ep_stall_check
                0x000000000000721c       0x44 zephyr/drivers/usb/common/nrf_usbd_common/libdrivers__usb__common__nrf_usbd_common.a(nrf_usbd_common.c.obj)
                0x000000000000721c                nrf_usbd_common_ep_stall_check
 .text.nrf_usbd_common_ep_dtoggle_clear
                0x0000000000007260       0x14 zephyr/drivers/usb/common/nrf_usbd_common/libdrivers__usb__common__nrf_usbd_common.a(nrf_usbd_common.c.obj)
                0x0000000000007260                nrf_usbd_common_ep_dtoggle_clear
 .text.nrf_usbd_common_setup_get
                0x0000000000007274       0x4c zephyr/drivers/usb/common/nrf_usbd_common/libdrivers__usb__common__nrf_usbd_common.a(nrf_usbd_common.c.obj)
                0x0000000000007274                nrf_usbd_common_setup_get
 .text.nrf_usbd_common_setup_data_clear
                0x00000000000072c0        0xc zephyr/drivers/usb/common/nrf_usbd_common/libdrivers__usb__common__nrf_usbd_common.a(nrf_usbd_common.c.obj)
                0x00000000000072c0                nrf_usbd_common_setup_data_clear
 .text.nrf_usbd_dma_finished
                0x00000000000072cc       0xbc zephyr/drivers/usb/common/nrf_usbd_common/libdrivers__usb__common__nrf_usbd_common.a(nrf_usbd_common.c.obj)
 .text.nrf_usbd_common_irq_handler
                0x0000000000007388       0xf4 zephyr/drivers/usb/common/nrf_usbd_common/libdrivers__usb__common__nrf_usbd_common.a(nrf_usbd_common.c.obj)
                0x0000000000007388                nrf_usbd_common_irq_handler
 .text.nrf_usbd_common_setup_clear
                0x000000000000747c        0xc zephyr/drivers/usb/common/nrf_usbd_common/libdrivers__usb__common__nrf_usbd_common.a(nrf_usbd_common.c.obj)
                0x000000000000747c                nrf_usbd_common_setup_clear
 .text.nrf_usbd_common_setup_stall
                0x0000000000007488        0xc zephyr/drivers/usb/common/nrf_usbd_common/libdrivers__usb__common__nrf_usbd_common.a(nrf_usbd_common.c.obj)
                0x0000000000007488                nrf_usbd_common_setup_stall
 .text.nrf_usbd_common_last_setup_dir_get
                0x0000000000007494        0xc zephyr/drivers/usb/common/nrf_usbd_common/libdrivers__usb__common__nrf_usbd_common.a(nrf_usbd_common.c.obj)
                0x0000000000007494                nrf_usbd_common_last_setup_dir_get
 .text.nrf_usbd_common_transfer_out_drop
                0x00000000000074a0       0x58 zephyr/drivers/usb/common/nrf_usbd_common/libdrivers__usb__common__nrf_usbd_common.a(nrf_usbd_common.c.obj)
                0x00000000000074a0                nrf_usbd_common_transfer_out_drop
 .text.usbd_ep_abort
                0x00000000000074f8      0x11c zephyr/drivers/usb/common/nrf_usbd_common/libdrivers__usb__common__nrf_usbd_common.a(nrf_usbd_common.c.obj)
 .text.nrf_usbd_common_ep_abort
                0x0000000000007614       0x34 zephyr/drivers/usb/common/nrf_usbd_common/libdrivers__usb__common__nrf_usbd_common.a(nrf_usbd_common.c.obj)
                0x0000000000007614                nrf_usbd_common_ep_abort
 .text.usbd_ep_abort_all
                0x0000000000007648       0x54 zephyr/drivers/usb/common/nrf_usbd_common/libdrivers__usb__common__nrf_usbd_common.a(nrf_usbd_common.c.obj)
 .text.nrf_usbd_common_stop
                0x000000000000769c       0x34 zephyr/drivers/usb/common/nrf_usbd_common/libdrivers__usb__common__nrf_usbd_common.a(nrf_usbd_common.c.obj)
 .text.nrf_usbd_common_disable
                0x00000000000076d0       0x70 zephyr/drivers/usb/common/nrf_usbd_common/libdrivers__usb__common__nrf_usbd_common.a(nrf_usbd_common.c.obj)
                0x00000000000076d0                nrf_usbd_common_disable
 .text.nrf_usbd_common_ep_disable
                0x0000000000007740       0x64 zephyr/drivers/usb/common/nrf_usbd_common/libdrivers__usb__common__nrf_usbd_common.a(nrf_usbd_common.c.obj)
                0x0000000000007740                nrf_usbd_common_ep_disable
 .text.nrf_usbd_common_ep_enable
                0x00000000000077a4       0x80 zephyr/drivers/usb/common/nrf_usbd_common/libdrivers__usb__common__nrf_usbd_common.a(nrf_usbd_common.c.obj)
                0x00000000000077a4                nrf_usbd_common_ep_enable
 .text.nrf_usbd_common_ep_stall_clear
                0x0000000000007824       0x28 zephyr/drivers/usb/common/nrf_usbd_common/libdrivers__usb__common__nrf_usbd_common.a(nrf_usbd_common.c.obj)
                0x0000000000007824                nrf_usbd_common_ep_stall_clear
 .text.get_hf_flags
                0x000000000000784c        0x8 zephyr/drivers/clock_control/libdrivers__clock_control.a(clock_control_nrf.c.obj)
 .text.get_subsys
                0x0000000000007854       0x18 zephyr/drivers/clock_control/libdrivers__clock_control.a(clock_control_nrf.c.obj)
 .text.onoff_stop
                0x000000000000786c       0x20 zephyr/drivers/clock_control/libdrivers__clock_control.a(clock_control_nrf.c.obj)
 .text.onoff_start
                0x000000000000788c       0x34 zephyr/drivers/clock_control/libdrivers__clock_control.a(clock_control_nrf.c.obj)
 .text.clock_event_handler
                0x00000000000078c0       0x34 zephyr/drivers/clock_control/libdrivers__clock_control.a(clock_control_nrf.c.obj)
 .text.generic_hfclk_start
                0x00000000000078f4       0x70 zephyr/drivers/clock_control/libdrivers__clock_control.a(clock_control_nrf.c.obj)
 .text.generic_hfclk_stop
                0x0000000000007964       0x34 zephyr/drivers/clock_control/libdrivers__clock_control.a(clock_control_nrf.c.obj)
 .text.lfclk_spinwait
                0x0000000000007998       0xcc zephyr/drivers/clock_control/libdrivers__clock_control.a(clock_control_nrf.c.obj)
 .text.api_blocking_start
                0x0000000000007a64       0x38 zephyr/drivers/clock_control/libdrivers__clock_control.a(clock_control_nrf.c.obj)
 .text.clk_init
                0x0000000000007a9c       0x60 zephyr/drivers/clock_control/libdrivers__clock_control.a(clock_control_nrf.c.obj)
 .text.z_nrf_clock_control_get_onoff
                0x0000000000007afc       0x10 zephyr/drivers/clock_control/libdrivers__clock_control.a(clock_control_nrf.c.obj)
                0x0000000000007afc                z_nrf_clock_control_get_onoff
 .text.z_nrf_clock_control_lf_on
                0x0000000000007b0c       0x54 zephyr/drivers/clock_control/libdrivers__clock_control.a(clock_control_nrf.c.obj)
                0x0000000000007b0c                z_nrf_clock_control_lf_on
 .text.console_out
                0x0000000000007b60       0x28 zephyr/drivers/console/libdrivers__console.a(uart_console.c.obj)
 .text.uart_console_hook_install
                0x0000000000007b88       0x18 zephyr/drivers/console/libdrivers__console.a(uart_console.c.obj)
 .text.uart_console_init
                0x0000000000007ba0       0x1c zephyr/drivers/console/libdrivers__console.a(uart_console.c.obj)
 .text.nrf_gpio_reconfigure
                0x0000000000007bbc       0xbc zephyr/drivers/gpio/libdrivers__gpio.a(gpio_nrfx.c.obj)
 .text.nrf_gpio_pin_dir_get
                0x0000000000007c78       0x2c zephyr/drivers/gpio/libdrivers__gpio.a(gpio_nrfx.c.obj)
 .text.get_dev  0x0000000000007ca4       0x1c zephyr/drivers/gpio/libdrivers__gpio.a(gpio_nrfx.c.obj)
 .text.gpio_nrfx_pin_interrupt_configure
                0x0000000000007cc0       0xe0 zephyr/drivers/gpio/libdrivers__gpio.a(gpio_nrfx.c.obj)
 .text.gpio_nrfx_pin_configure
                0x0000000000007da0      0x1c0 zephyr/drivers/gpio/libdrivers__gpio.a(gpio_nrfx.c.obj)
 .text.gpio_nrfx_init
                0x0000000000007f60       0x54 zephyr/drivers/gpio/libdrivers__gpio.a(gpio_nrfx.c.obj)
 .text.nrf_gpio_cfg
                0x0000000000007fb4       0x50 zephyr/drivers/pinctrl/libdrivers__pinctrl.a(pinctrl_nrf.c.obj)
 .text.nrf_gpio_pin_set
                0x0000000000008004       0x28 zephyr/drivers/pinctrl/libdrivers__pinctrl.a(pinctrl_nrf.c.obj)
 .text.nrf_gpio_pin_clear
                0x000000000000802c       0x28 zephyr/drivers/pinctrl/libdrivers__pinctrl.a(pinctrl_nrf.c.obj)
 .text.pinctrl_configure_pins
                0x0000000000008054      0x29c zephyr/drivers/pinctrl/libdrivers__pinctrl.a(pinctrl_nrf.c.obj)
                0x0000000000008054                pinctrl_configure_pins
 .text.uarte_nrfx_poll_out
                0x00000000000082f0       0x68 zephyr/drivers/serial/libdrivers__serial.a(uart_nrfx_uarte.c.obj)
 .text.endtx_stoptx_ppi_init
                0x0000000000008358       0x4c zephyr/drivers/serial/libdrivers__serial.a(uart_nrfx_uarte.c.obj)
 .text.uarte_instance_init
                0x00000000000083a4       0x38 zephyr/drivers/serial/libdrivers__serial.a(uart_nrfx_uarte.c.obj)
 .text.set_comparator
                0x00000000000083dc       0x14 zephyr/drivers/timer/libdrivers__timer.a(nrf_rtc_timer.c.obj)
 .text.event_enable
                0x00000000000083f0       0x14 zephyr/drivers/timer/libdrivers__timer.a(nrf_rtc_timer.c.obj)
 .text.event_disable
                0x0000000000008404       0x14 zephyr/drivers/timer/libdrivers__timer.a(nrf_rtc_timer.c.obj)
 .text.counter  0x0000000000008418        0xc zephyr/drivers/timer/libdrivers__timer.a(nrf_rtc_timer.c.obj)
 .text.set_alarm
                0x0000000000008424       0x88 zephyr/drivers/timer/libdrivers__timer.a(nrf_rtc_timer.c.obj)
 .text.int_event_disable_rtc
                0x00000000000084ac       0x18 zephyr/drivers/timer/libdrivers__timer.a(nrf_rtc_timer.c.obj)
 .text.compare_int_lock
                0x00000000000084c4       0x4c zephyr/drivers/timer/libdrivers__timer.a(nrf_rtc_timer.c.obj)
 .text.channel_processing_check_and_clear
                0x0000000000008510       0x60 zephyr/drivers/timer/libdrivers__timer.a(nrf_rtc_timer.c.obj)
 .text.compare_int_unlock
                0x0000000000008570       0x60 zephyr/drivers/timer/libdrivers__timer.a(nrf_rtc_timer.c.obj)
 .text.sys_clock_timeout_handler
                0x00000000000085d0       0x50 zephyr/drivers/timer/libdrivers__timer.a(nrf_rtc_timer.c.obj)
 .text.z_nrf_rtc_timer_read
                0x0000000000008620       0x40 zephyr/drivers/timer/libdrivers__timer.a(nrf_rtc_timer.c.obj)
                0x0000000000008620                z_nrf_rtc_timer_read
 .text.compare_set_nolocks
                0x0000000000008660       0xac zephyr/drivers/timer/libdrivers__timer.a(nrf_rtc_timer.c.obj)
 .text.sys_clock_driver_init
                0x000000000000870c       0x9c zephyr/drivers/timer/libdrivers__timer.a(nrf_rtc_timer.c.obj)
 .text.process_channel
                0x00000000000087a8       0x7c zephyr/drivers/timer/libdrivers__timer.a(nrf_rtc_timer.c.obj)
 .text.rtc_nrf_isr
                0x0000000000008824       0x40 zephyr/drivers/timer/libdrivers__timer.a(nrf_rtc_timer.c.obj)
                0x0000000000008824                rtc_nrf_isr
 .text.sys_clock_set_timeout
                0x0000000000008864       0x74 zephyr/drivers/timer/libdrivers__timer.a(nrf_rtc_timer.c.obj)
                0x0000000000008864                sys_clock_set_timeout
 .text.sys_clock_elapsed
                0x00000000000088d8       0x14 zephyr/drivers/timer/libdrivers__timer.a(nrf_rtc_timer.c.obj)
                0x00000000000088d8                sys_clock_elapsed
 .text.__NVIC_SystemReset
                0x00000000000088ec       0x24 modules/hal_nordic/modules/hal_nordic/nrfx/libmodules__hal_nordic__nrfx.a(system_nrf52840.c.obj)
 .text.nvmc_wait
                0x0000000000008910       0x10 modules/hal_nordic/modules/hal_nordic/nrfx/libmodules__hal_nordic__nrfx.a(system_nrf52840.c.obj)
                0x0000000000008910                nvmc_wait
 .text.nvmc_config
                0x0000000000008920       0x14 modules/hal_nordic/modules/hal_nordic/nrfx/libmodules__hal_nordic__nrfx.a(system_nrf52840.c.obj)
                0x0000000000008920                nvmc_config
 .text.SystemInit
                0x0000000000008934      0x178 modules/hal_nordic/modules/hal_nordic/nrfx/libmodules__hal_nordic__nrfx.a(system_nrf52840.c.obj)
                0x0000000000008934                SystemInit
 .text.nrfx_flag32_alloc
                0x0000000000008aac       0x48 modules/hal_nordic/modules/hal_nordic/nrfx/libmodules__hal_nordic__nrfx.a(nrfx_flag32_allocator.c.obj)
                0x0000000000008aac                nrfx_flag32_alloc
 .text.nrfx_flag32_free
                0x0000000000008af4       0x44 modules/hal_nordic/modules/hal_nordic/nrfx/libmodules__hal_nordic__nrfx.a(nrfx_flag32_allocator.c.obj)
                0x0000000000008af4                nrfx_flag32_free
 .text.nrfx_gppi_channels_enable
                0x0000000000008b38        0xc modules/hal_nordic/modules/hal_nordic/nrfx/libmodules__hal_nordic__nrfx.a(nrfx_gppi_ppi.c.obj)
                0x0000000000008b38                nrfx_gppi_channels_enable
 .text.nrfx_gppi_channel_endpoints_setup
                0x0000000000008b44       0x14 modules/hal_nordic/modules/hal_nordic/nrfx/libmodules__hal_nordic__nrfx.a(nrfx_gppi_ppi.c.obj)
                0x0000000000008b44                nrfx_gppi_channel_endpoints_setup
 .text.clock_stop
                0x0000000000008b58       0x84 modules/hal_nordic/modules/hal_nordic/nrfx/libmodules__hal_nordic__nrfx.a(nrfx_clock.c.obj)
 .text.nrfx_clock_init
                0x0000000000008bdc       0x28 modules/hal_nordic/modules/hal_nordic/nrfx/libmodules__hal_nordic__nrfx.a(nrfx_clock.c.obj)
                0x0000000000008bdc                nrfx_clock_init
 .text.nrfx_clock_enable
                0x0000000000008c04       0x28 modules/hal_nordic/modules/hal_nordic/nrfx/libmodules__hal_nordic__nrfx.a(nrfx_clock.c.obj)
                0x0000000000008c04                nrfx_clock_enable
 .text.nrfx_clock_start
                0x0000000000008c2c       0xdc modules/hal_nordic/modules/hal_nordic/nrfx/libmodules__hal_nordic__nrfx.a(nrfx_clock.c.obj)
                0x0000000000008c2c                nrfx_clock_start
 .text.nrfx_clock_irq_handler
                0x0000000000008d08       0x88 modules/hal_nordic/modules/hal_nordic/nrfx/libmodules__hal_nordic__nrfx.a(nrfx_clock.c.obj)
                0x0000000000008d08                nrfx_clock_irq_handler
 .text.nrf_gpio_cfg
                0x0000000000008d90       0x50 modules/hal_nordic/modules/hal_nordic/nrfx/libmodules__hal_nordic__nrfx.a(nrfx_gpiote.c.obj)
 .text.nrf_gpio_reconfigure
                0x0000000000008de0       0xbc modules/hal_nordic/modules/hal_nordic/nrfx/libmodules__hal_nordic__nrfx.a(nrfx_gpiote.c.obj)
 .text.nrf_gpio_pin_read
                0x0000000000008e9c       0x28 modules/hal_nordic/modules/hal_nordic/nrfx/libmodules__hal_nordic__nrfx.a(nrfx_gpiote.c.obj)
 .text.nrf_gpio_pin_sense_get
                0x0000000000008ec4       0x2c modules/hal_nordic/modules/hal_nordic/nrfx/libmodules__hal_nordic__nrfx.a(nrfx_gpiote.c.obj)
 .text.nrf_gpio_latches_read_and_clear
                0x0000000000008ef0       0x44 modules/hal_nordic/modules/hal_nordic/nrfx/libmodules__hal_nordic__nrfx.a(nrfx_gpiote.c.obj)
 .text.nrf_gpio_pin_latch_clear
                0x0000000000008f34       0x28 modules/hal_nordic/modules/hal_nordic/nrfx/libmodules__hal_nordic__nrfx.a(nrfx_gpiote.c.obj)
 .text.get_pin_idx
                0x0000000000008f5c       0x14 modules/hal_nordic/modules/hal_nordic/nrfx/libmodules__hal_nordic__nrfx.a(nrfx_gpiote.c.obj)
 .text.get_cb   0x0000000000008f70        0x8 modules/hal_nordic/modules/hal_nordic/nrfx/libmodules__hal_nordic__nrfx.a(nrfx_gpiote.c.obj)
 .text.gpiote_output_configure
                0x0000000000008f78       0xf8 modules/hal_nordic/modules/hal_nordic/nrfx/libmodules__hal_nordic__nrfx.a(nrfx_gpiote.c.obj)
 .text.gpiote_channel_get
                0x0000000000009070       0x38 modules/hal_nordic/modules/hal_nordic/nrfx/libmodules__hal_nordic__nrfx.a(nrfx_gpiote.c.obj)
 .text.latch_pending_read_and_check
                0x00000000000090a8       0x50 modules/hal_nordic/modules/hal_nordic/nrfx/libmodules__hal_nordic__nrfx.a(nrfx_gpiote.c.obj)
 .text.pin_handler_set
                0x00000000000090f8       0x88 modules/hal_nordic/modules/hal_nordic/nrfx/libmodules__hal_nordic__nrfx.a(nrfx_gpiote.c.obj)
 .text.gpiote_input_configure
                0x0000000000009180      0x16c modules/hal_nordic/modules/hal_nordic/nrfx/libmodules__hal_nordic__nrfx.a(nrfx_gpiote.c.obj)
 .text.pin_uninit
                0x00000000000092ec       0x34 modules/hal_nordic/modules/hal_nordic/nrfx/libmodules__hal_nordic__nrfx.a(nrfx_gpiote.c.obj)
 .text.gpiote_init
                0x0000000000009320       0x4c modules/hal_nordic/modules/hal_nordic/nrfx/libmodules__hal_nordic__nrfx.a(nrfx_gpiote.c.obj)
 .text.port_event_handle
                0x000000000000936c       0xc4 modules/hal_nordic/modules/hal_nordic/nrfx/libmodules__hal_nordic__nrfx.a(nrfx_gpiote.c.obj)
 .text.nrfx_gpiote_0_irq_handler
                0x0000000000009430       0x14 modules/hal_nordic/modules/hal_nordic/nrfx/libmodules__hal_nordic__nrfx.a(nrfx_gpiote.c.obj)
                0x0000000000009430                nrfx_gpiote_0_irq_handler
 .text.nrfx_power_init
                0x0000000000009444       0x4c modules/hal_nordic/modules/hal_nordic/nrfx/libmodules__hal_nordic__nrfx.a(nrfx_power.c.obj)
                0x0000000000009444                nrfx_power_init
 .text.nrfx_power_usbevt_uninit
                0x0000000000009490       0x14 modules/hal_nordic/modules/hal_nordic/nrfx/libmodules__hal_nordic__nrfx.a(nrfx_power.c.obj)
                0x0000000000009490                nrfx_power_usbevt_uninit
 .text.nrfx_power_usbevt_init
                0x00000000000094a4       0x18 modules/hal_nordic/modules/hal_nordic/nrfx/libmodules__hal_nordic__nrfx.a(nrfx_power.c.obj)
                0x00000000000094a4                nrfx_power_usbevt_init
 .text.nrfx_power_irq_handler
                0x00000000000094bc       0xf4 modules/hal_nordic/modules/hal_nordic/nrfx/libmodules__hal_nordic__nrfx.a(nrfx_power.c.obj)
                0x00000000000094bc                nrfx_power_irq_handler
 .text.nrfx_ppi_channel_alloc
                0x00000000000095b0       0x10 modules/hal_nordic/modules/hal_nordic/nrfx/libmodules__hal_nordic__nrfx.a(nrfx_ppi.c.obj)
                0x00000000000095b0                nrfx_ppi_channel_alloc
 .text._DoInit  0x00000000000095c0       0x64 modules/segger/libmodules__segger.a(SEGGER_RTT.c.obj)
 .text.SEGGER_RTT_StrongCheckInit
                0x0000000000009624       0x38 modules/segger/libmodules__segger.a(SEGGER_RTT.c.obj)
 .text.SEGGER_RTT_WriteSkipNoLock
                0x000000000000965c       0xd0 modules/segger/libmodules__segger.a(SEGGER_RTT.c.obj)
                0x000000000000965c                SEGGER_RTT_WriteSkipNoLock
 .text.SEGGER_RTT_HasDataUp
                0x000000000000972c       0x20 modules/segger/libmodules__segger.a(SEGGER_RTT.c.obj)
                0x000000000000972c                SEGGER_RTT_HasDataUp
 .text.z_device_state_init
                0x000000000000974c       0x18 zephyr/kernel/libkernel.a(device.c.obj)
                0x000000000000974c                z_device_state_init
 .text.reason_to_str
                0x0000000000009764       0x40 zephyr/kernel/libkernel.a(fatal.c.obj)
 .text.thread_name_get
                0x00000000000097a4       0x20 zephyr/kernel/libkernel.a(fatal.c.obj)
 .text.k_sys_fatal_error_handler
                0x00000000000097c4       0x20 zephyr/kernel/libkernel.a(fatal.c.obj)
                0x00000000000097c4                k_sys_fatal_error_handler
 .text.z_fatal_error
                0x00000000000097e4      0x1f4 zephyr/kernel/libkernel.a(fatal.c.obj)
                0x00000000000097e4                z_fatal_error
 .text.z_sys_init_run_level
                0x00000000000099d8       0x34 zephyr/kernel/libkernel.a(init.c.obj)
 .text.init_idle_thread
                0x0000000000009a0c       0x60 zephyr/kernel/libkernel.a(init.c.obj)
 .text.thread_schedule_new
                0x0000000000009a6c       0x1c zephyr/kernel/libkernel.a(init.c.obj)
 .text.z_init_static_threads
                0x0000000000009a88       0x70 zephyr/kernel/libkernel.a(init.c.obj)
 .text.bg_thread_main
                0x0000000000009af8       0x38 zephyr/kernel/libkernel.a(init.c.obj)
 .text.switch_to_main_thread
                0x0000000000009b30       0x14 zephyr/kernel/libkernel.a(init.c.obj)
 .text.z_bss_zero
                0x0000000000009b44       0x18 zephyr/kernel/libkernel.a(init.c.obj)
                0x0000000000009b44                z_bss_zero
 .text.z_init_cpu
                0x0000000000009b5c       0x44 zephyr/kernel/libkernel.a(init.c.obj)
                0x0000000000009b5c                z_init_cpu
 .text.prepare_multithreading
                0x0000000000009ba0       0x60 zephyr/kernel/libkernel.a(init.c.obj)
 .text.z_cstart
                0x0000000000009c00       0x94 zephyr/kernel/libkernel.a(init.c.obj)
                0x0000000000009c00                z_cstart
 .text.statics_init
                0x0000000000009c94       0x24 zephyr/kernel/libkernel.a(kheap.c.obj)
 .text.init_mem_slab_obj_core_list
                0x0000000000009cb8       0x24 zephyr/kernel/libkernel.a(mem_slab.c.obj)
 .text.k_mem_slab_alloc
                0x0000000000009cdc       0x64 zephyr/kernel/libkernel.a(mem_slab.c.obj)
                0x0000000000009cdc                k_mem_slab_alloc
 .text.z_impl_k_msgq_put
                0x0000000000009d40       0xd8 zephyr/kernel/libkernel.a(msg_q.c.obj)
                0x0000000000009d40                z_impl_k_msgq_put
 .text.z_impl_k_msgq_get
                0x0000000000009e18      0x104 zephyr/kernel/libkernel.a(msg_q.c.obj)
                0x0000000000009e18                z_impl_k_msgq_get
 .text.z_impl_k_mutex_lock
                0x0000000000009f1c      0x100 zephyr/kernel/libkernel.a(mutex.c.obj)
                0x0000000000009f1c                z_impl_k_mutex_lock
 .text.z_impl_k_mutex_unlock
                0x000000000000a01c       0xac zephyr/kernel/libkernel.a(mutex.c.obj)
                0x000000000000a01c                z_impl_k_mutex_unlock
 .text.z_impl_k_queue_get
                0x000000000000a0c8       0x74 zephyr/kernel/libkernel.a(queue.c.obj)
                0x000000000000a0c8                z_impl_k_queue_get
 .text.z_impl_k_sem_give
                0x000000000000a13c       0x88 zephyr/kernel/libkernel.a(sem.c.obj)
                0x000000000000a13c                z_impl_k_sem_give
 .text.z_impl_k_sem_take
                0x000000000000a1c4       0x50 zephyr/kernel/libkernel.a(sem.c.obj)
                0x000000000000a1c4                z_impl_k_sem_take
 .text.queue_submit_locked
                0x000000000000a214       0x7c zephyr/kernel/libkernel.a(work.c.obj)
 .text.finalize_cancel_locked
                0x000000000000a290       0x5c zephyr/kernel/libkernel.a(work.c.obj)
 .text.work_queue_main
                0x000000000000a2ec      0x110 zephyr/kernel/libkernel.a(work.c.obj)
 .text.schedule_for_queue_locked
                0x000000000000a3fc       0x34 zephyr/kernel/libkernel.a(work.c.obj)
 .text.k_work_queue_start
                0x000000000000a430       0x88 zephyr/kernel/libkernel.a(work.c.obj)
                0x000000000000a430                k_work_queue_start
 .text.k_work_schedule
                0x000000000000a4b8       0x10 zephyr/kernel/libkernel.a(work.c.obj)
                0x000000000000a4b8                k_work_schedule
 .text.k_work_reschedule
                0x000000000000a4c8       0x10 zephyr/kernel/libkernel.a(work.c.obj)
                0x000000000000a4c8                k_work_reschedule
 .text.thread_schedule_new
                0x000000000000a4d8       0x1c zephyr/kernel/libkernel.a(thread.c.obj)
 .text.z_impl_k_thread_name_set
                0x000000000000a4f4       0x24 zephyr/kernel/libkernel.a(thread.c.obj)
                0x000000000000a4f4                z_impl_k_thread_name_set
 .text.z_setup_new_thread
                0x000000000000a518       0xc4 zephyr/kernel/libkernel.a(thread.c.obj)
                0x000000000000a518                z_setup_new_thread
 .text.z_swap_irqlock
                0x000000000000a5dc       0x34 zephyr/kernel/libkernel.a(sched.c.obj)
 .text.ready_thread
                0x000000000000a610       0xbc zephyr/kernel/libkernel.a(sched.c.obj)
 .text.unready_thread
                0x000000000000a6cc       0x68 zephyr/kernel/libkernel.a(sched.c.obj)
 .text.thread_halt_spin
                0x000000000000a734      0x128 zephyr/kernel/libkernel.a(sched.c.obj)
 .text.add_thread_timeout
                0x000000000000a85c       0x20 zephyr/kernel/libkernel.a(sched.c.obj)
 .text.move_thread_to_end_of_prio_q
                0x000000000000a87c       0xc8 zephyr/kernel/libkernel.a(sched.c.obj)
                0x000000000000a87c                move_thread_to_end_of_prio_q
 .text.z_pend_curr
                0x000000000000a944       0x38 zephyr/kernel/libkernel.a(sched.c.obj)
                0x000000000000a944                z_pend_curr
 .text.z_thread_prio_set
                0x000000000000a97c       0xdc zephyr/kernel/libkernel.a(sched.c.obj)
                0x000000000000a97c                z_thread_prio_set
 .text.z_reschedule
                0x000000000000aa58       0x2c zephyr/kernel/libkernel.a(sched.c.obj)
                0x000000000000aa58                z_reschedule
 .text.z_reschedule_irqlock
                0x000000000000aa84       0x2c zephyr/kernel/libkernel.a(sched.c.obj)
                0x000000000000aa84                z_reschedule_irqlock
 .text.k_sched_lock
                0x000000000000aab0       0x30 zephyr/kernel/libkernel.a(sched.c.obj)
                0x000000000000aab0                k_sched_lock
 .text.k_sched_unlock
                0x000000000000aae0       0x70 zephyr/kernel/libkernel.a(sched.c.obj)
                0x000000000000aae0                k_sched_unlock
 .text.z_sched_init
                0x000000000000ab50       0x10 zephyr/kernel/libkernel.a(sched.c.obj)
                0x000000000000ab50                z_sched_init
 .text.z_impl_k_yield
                0x000000000000ab60       0xa0 zephyr/kernel/libkernel.a(sched.c.obj)
                0x000000000000ab60                z_impl_k_yield
 .text.z_tick_sleep
                0x000000000000ac00       0x90 zephyr/kernel/libkernel.a(sched.c.obj)
 .text.z_impl_k_wakeup
                0x000000000000ac90       0x54 zephyr/kernel/libkernel.a(sched.c.obj)
                0x000000000000ac90                z_impl_k_wakeup
 .text.z_impl_k_sched_current_thread_query
                0x000000000000ace4        0xc zephyr/kernel/libkernel.a(sched.c.obj)
                0x000000000000ace4                z_impl_k_sched_current_thread_query
 .text.z_thread_abort
                0x000000000000acf0      0x154 zephyr/kernel/libkernel.a(sched.c.obj)
                0x000000000000acf0                z_thread_abort
 .text.z_sched_wait
                0x000000000000ae44       0x28 zephyr/kernel/libkernel.a(sched.c.obj)
                0x000000000000ae44                z_sched_wait
 .text.slice_timeout
                0x000000000000ae6c       0x20 zephyr/kernel/libkernel.a(timeslicing.c.obj)
 .text.thread_is_sliceable
                0x000000000000ae8c       0x4c zephyr/kernel/libkernel.a(timeslicing.c.obj)
                0x000000000000ae8c                thread_is_sliceable
 .text.z_reset_time_slice
                0x000000000000aed8       0x50 zephyr/kernel/libkernel.a(timeslicing.c.obj)
                0x000000000000aed8                z_reset_time_slice
 .text.z_time_slice
                0x000000000000af28       0x70 zephyr/kernel/libkernel.a(timeslicing.c.obj)
                0x000000000000af28                z_time_slice
 .text.z_thread_monitor_exit
                0x000000000000af98       0x3c zephyr/kernel/libkernel.a(thread_monitor.c.obj)
                0x000000000000af98                z_thread_monitor_exit
 .text.z_data_copy
                0x000000000000afd4       0x34 zephyr/kernel/libkernel.a(xip.c.obj)
                0x000000000000afd4                z_data_copy
 .text.first    0x000000000000b008       0x14 zephyr/kernel/libkernel.a(timeout.c.obj)
 .text.next     0x000000000000b01c       0x18 zephyr/kernel/libkernel.a(timeout.c.obj)
 .text.elapsed  0x000000000000b034       0x18 zephyr/kernel/libkernel.a(timeout.c.obj)
 .text.z_add_timeout
                0x000000000000b04c      0x10c zephyr/kernel/libkernel.a(timeout.c.obj)
                0x000000000000b04c                z_add_timeout
 .text.sys_clock_announce
                0x000000000000b158       0xc4 zephyr/kernel/libkernel.a(timeout.c.obj)
                0x000000000000b158                sys_clock_announce
 .text.sys_clock_tick_get
                0x000000000000b21c       0x40 zephyr/kernel/libkernel.a(timeout.c.obj)
                0x000000000000b21c                sys_clock_tick_get
 .text.z_timer_expiration_handler
                0x000000000000b25c       0xf8 zephyr/kernel/libkernel.a(timer.c.obj)
                0x000000000000b25c                z_timer_expiration_handler
 .text.z_impl_k_timer_start
                0x000000000000b354       0x80 zephyr/kernel/libkernel.a(timer.c.obj)
                0x000000000000b354                z_impl_k_timer_start
 .text.z_thread_aligned_alloc
                0x000000000000b3d4       0x28 zephyr/kernel/libkernel.a(mempool.c.obj)
                0x000000000000b3d4                z_thread_aligned_alloc
 .text.k_sys_work_q_init
                0x000000000000b3fc       0x38 zephyr/kernel/libkernel.a(system_work_q.c.obj)
 .text.nrf_cc3xx_platform_init_no_rng
                0x000000000000b434       0x38 C:/ncs/v3.0.2/nrfxlib/crypto/nrf_cc310_platform/lib/cortex-m4/soft-float/no-interrupts/libnrf_cc310_platform_0.9.19.a(nrf_cc3xx_platform.c.obj)
                0x000000000000b434                nrf_cc3xx_platform_init_no_rng
 .text.nrf_cc3xx_platform_abort
                0x000000000000b46c       0x24 C:/ncs/v3.0.2/nrfxlib/crypto/nrf_cc310_platform/lib/cortex-m4/soft-float/no-interrupts/libnrf_cc310_platform_0.9.19.a(nrf_cc3xx_platform_abort.c.obj)
 .text.CC_PalAbort
                0x000000000000b490       0x34 C:/ncs/v3.0.2/nrfxlib/crypto/nrf_cc310_platform/lib/cortex-m4/soft-float/no-interrupts/libnrf_cc310_platform_0.9.19.a(nrf_cc3xx_platform_abort.c.obj)
                0x000000000000b490                CC_PalAbort
 .text.nrf_cc3xx_platform_set_abort
                0x000000000000b4c4       0x10 C:/ncs/v3.0.2/nrfxlib/crypto/nrf_cc310_platform/lib/cortex-m4/soft-float/no-interrupts/libnrf_cc310_platform_0.9.19.a(nrf_cc3xx_platform_abort.c.obj)
                0x000000000000b4c4                nrf_cc3xx_platform_set_abort
 .text.mutex_free
                0x000000000000b4d4       0x34 C:/ncs/v3.0.2/nrfxlib/crypto/nrf_cc310_platform/lib/cortex-m4/soft-float/no-interrupts/libnrf_cc310_platform_0.9.19.a(nrf_cc3xx_platform_mutex.c.obj)
 .text.mutex_lock
                0x000000000000b508       0x48 C:/ncs/v3.0.2/nrfxlib/crypto/nrf_cc310_platform/lib/cortex-m4/soft-float/no-interrupts/libnrf_cc310_platform_0.9.19.a(nrf_cc3xx_platform_mutex.c.obj)
 .text.mutex_unlock
                0x000000000000b550       0x38 C:/ncs/v3.0.2/nrfxlib/crypto/nrf_cc310_platform/lib/cortex-m4/soft-float/no-interrupts/libnrf_cc310_platform_0.9.19.a(nrf_cc3xx_platform_mutex.c.obj)
 .text.mutex_init
                0x000000000000b588       0x20 C:/ncs/v3.0.2/nrfxlib/crypto/nrf_cc310_platform/lib/cortex-m4/soft-float/no-interrupts/libnrf_cc310_platform_0.9.19.a(nrf_cc3xx_platform_mutex.c.obj)
 .text.nrf_cc3xx_platform_set_mutexes
                0x000000000000b5a8       0x74 C:/ncs/v3.0.2/nrfxlib/crypto/nrf_cc310_platform/lib/cortex-m4/soft-float/no-interrupts/libnrf_cc310_platform_0.9.19.a(nrf_cc3xx_platform_mutex.c.obj)
                0x000000000000b5a8                nrf_cc3xx_platform_set_mutexes
 .text.CC_LibInitNoRng
                0x000000000000b61c       0x64 C:/ncs/v3.0.2/nrfxlib/crypto/nrf_cc310_platform/lib/cortex-m4/soft-float/no-interrupts/libnrf_cc310_platform_0.9.19.a(cc_lib.c.obj)
                0x000000000000b61c                CC_LibInitNoRng
 .text.CC_HalInit
                0x000000000000b680        0x4 C:/ncs/v3.0.2/nrfxlib/crypto/nrf_cc310_platform/lib/cortex-m4/soft-float/no-interrupts/libnrf_cc310_platform_0.9.19.a(cc_hal.c.obj)
                0x000000000000b680                CC_HalInit
 .text.CC_HalTerminate
                0x000000000000b684        0x4 C:/ncs/v3.0.2/nrfxlib/crypto/nrf_cc310_platform/lib/cortex-m4/soft-float/no-interrupts/libnrf_cc310_platform_0.9.19.a(cc_hal.c.obj)
                0x000000000000b684                CC_HalTerminate
 .text.CC_HalMaskInterrupt
                0x000000000000b688        0xc C:/ncs/v3.0.2/nrfxlib/crypto/nrf_cc310_platform/lib/cortex-m4/soft-float/no-interrupts/libnrf_cc310_platform_0.9.19.a(cc_hal.c.obj)
                0x000000000000b688                CC_HalMaskInterrupt
 .text.CC_PalInit
                0x000000000000b694       0x5c C:/ncs/v3.0.2/nrfxlib/crypto/nrf_cc310_platform/lib/cortex-m4/soft-float/no-interrupts/libnrf_cc310_platform_0.9.19.a(cc_pal.c.obj)
                0x000000000000b694                CC_PalInit
 .text.CC_PalTerminate
                0x000000000000b6f0       0x34 C:/ncs/v3.0.2/nrfxlib/crypto/nrf_cc310_platform/lib/cortex-m4/soft-float/no-interrupts/libnrf_cc310_platform_0.9.19.a(cc_pal.c.obj)
                0x000000000000b6f0                CC_PalTerminate
 .text.CC_PalDmaInit
                0x000000000000b724        0x4 C:/ncs/v3.0.2/nrfxlib/crypto/nrf_cc310_platform/lib/cortex-m4/soft-float/no-interrupts/libnrf_cc310_platform_0.9.19.a(cc_pal_dma.c.obj)
                0x000000000000b724                CC_PalDmaInit
 .text.CC_PalDmaTerminate
                0x000000000000b728        0x4 C:/ncs/v3.0.2/nrfxlib/crypto/nrf_cc310_platform/lib/cortex-m4/soft-float/no-interrupts/libnrf_cc310_platform_0.9.19.a(cc_pal_dma.c.obj)
                0x000000000000b728                CC_PalDmaTerminate
 .text.CC_PalMutexCreate
                0x000000000000b72c       0x14 C:/ncs/v3.0.2/nrfxlib/crypto/nrf_cc310_platform/lib/cortex-m4/soft-float/no-interrupts/libnrf_cc310_platform_0.9.19.a(cc_pal_mutex.c.obj)
                0x000000000000b72c                CC_PalMutexCreate
 .text.CC_PalMutexDestroy
                0x000000000000b740       0x14 C:/ncs/v3.0.2/nrfxlib/crypto/nrf_cc310_platform/lib/cortex-m4/soft-float/no-interrupts/libnrf_cc310_platform_0.9.19.a(cc_pal_mutex.c.obj)
                0x000000000000b740                CC_PalMutexDestroy
 .text.CC_PalPowerSaveModeInit
                0x000000000000b754       0x3c C:/ncs/v3.0.2/nrfxlib/crypto/nrf_cc310_platform/lib/cortex-m4/soft-float/no-interrupts/libnrf_cc310_platform_0.9.19.a(cc_pal_pm.c.obj)
                0x000000000000b754                CC_PalPowerSaveModeInit
 .text.CC_PalPowerSaveModeSelect
                0x000000000000b790       0x84 C:/ncs/v3.0.2/nrfxlib/crypto/nrf_cc310_platform/lib/cortex-m4/soft-float/no-interrupts/libnrf_cc310_platform_0.9.19.a(cc_pal_pm.c.obj)
                0x000000000000b790                CC_PalPowerSaveModeSelect
 .text.snprintf
                0x000000000000b814       0x58 c:\ncs\toolchains\0b393f9e1b\opt\zephyr-sdk\arm-zephyr-eabi\bin\../lib/gcc/../../picolibc/arm-zephyr-eabi/lib/thumb/v7e-m/nofp\libc.a(libc_tinystdio_snprintf.c.o)
                0x000000000000b814                snprintf
 .text.__l_vfprintf
                0x000000000000b86c      0x4b8 c:\ncs\toolchains\0b393f9e1b\opt\zephyr-sdk\arm-zephyr-eabi\bin\../lib/gcc/../../picolibc/arm-zephyr-eabi/lib/thumb/v7e-m/nofp\libc.a(libc_tinystdio_vflprintf.c.o)
                0x000000000000b86c                __l_vfprintf
 .text._OffsetAbsSyms
                0x000000000000bd24        0x2 zephyr/CMakeFiles/offsets.dir/./arch/arm/core/offsets/offsets.c.obj
                0x000000000000bd24                _OffsetAbsSyms
 .text.uart_irq_callback_user_data_set
                0x000000000000bd26       0x1c app/libapp.a(hal_cdc_acm_uart.c.obj)
 .text.uart_irq_tx_enable
                0x000000000000bd42        0xc app/libapp.a(hal_cdc_acm_uart.c.obj)
 .text.uart_irq_tx_disable
                0x000000000000bd4e        0xc app/libapp.a(hal_cdc_acm_uart.c.obj)
 .text.uart_irq_rx_enable
                0x000000000000bd5a        0xc app/libapp.a(hal_cdc_acm_uart.c.obj)
 .text.uart_irq_rx_disable
                0x000000000000bd66        0xc app/libapp.a(hal_cdc_acm_uart.c.obj)
 .text.uart_irq_is_pending
                0x000000000000bd72       0x12 app/libapp.a(hal_cdc_acm_uart.c.obj)
 .text.uart_irq_update
                0x000000000000bd84       0x12 app/libapp.a(hal_cdc_acm_uart.c.obj)
 .text.uart_line_ctrl_set
                0x000000000000bd96       0x12 app/libapp.a(hal_cdc_acm_uart.c.obj)
 .text.k_msleep
                0x000000000000bda8       0x2c app/libapp.a(hal_cdc_acm_uart.c.obj)
 .text.uart_line_ctrl_get
                0x000000000000bdd4       0x12 app/libapp.a(hal_usbd.c.obj)
 .text.sample_fix_code_triple
                0x000000000000bde6       0x16 app/libapp.a(hal_usbd.c.obj)
 .text.set_chunk_used
                0x000000000000bdfc       0x38 zephyr/libzephyr.a(heap.c.obj)
 .text.chunk_mem
                0x000000000000be34       0x16 zephyr/libzephyr.a(heap.c.obj)
 .text.free_list_remove_bidx
                0x000000000000be4a       0x6e zephyr/libzephyr.a(heap.c.obj)
 .text.free_list_add_bidx
                0x000000000000beb8       0xa4 zephyr/libzephyr.a(heap.c.obj)
 .text.split_chunks
                0x000000000000bf5c       0x86 zephyr/libzephyr.a(heap.c.obj)
 .text.merge_chunks
                0x000000000000bfe2       0x66 zephyr/libzephyr.a(heap.c.obj)
 .text.mem_to_chunkid
                0x000000000000c048       0x16 zephyr/libzephyr.a(heap.c.obj)
 .text.free_list_remove
                0x000000000000c05e       0x52 zephyr/libzephyr.a(heap.c.obj)
 .text.free_list_add
                0x000000000000c0b0       0x52 zephyr/libzephyr.a(heap.c.obj)
 .text.free_chunk
                0x000000000000c102       0xb6 zephyr/libzephyr.a(heap.c.obj)
 .text.alloc_chunk
                0x000000000000c1b8       0xa2 zephyr/libzephyr.a(heap.c.obj)
 .text.sys_heap_free
                0x000000000000c25a       0x24 zephyr/libzephyr.a(heap.c.obj)
                0x000000000000c25a                sys_heap_free
 .text.sys_heap_alloc
                0x000000000000c27e       0x7c zephyr/libzephyr.a(heap.c.obj)
                0x000000000000c27e                sys_heap_alloc
 .text.sys_heap_aligned_alloc
                0x000000000000c2fa      0x116 zephyr/libzephyr.a(heap.c.obj)
                0x000000000000c2fa                sys_heap_aligned_alloc
 .text.sys_heap_init
                0x000000000000c410       0xfc zephyr/libzephyr.a(heap.c.obj)
                0x000000000000c410                sys_heap_init
 .text.cbprintf_via_va_list
                0x000000000000c50c        0xe zephyr/libzephyr.a(cbprintf_packaged.c.obj)
 .text.is_fmt_spec
                0x000000000000c51a        0xe zephyr/libzephyr.a(cbprintf_packaged.c.obj)
 .text.get_package_len
                0x000000000000c528       0x2a zephyr/libzephyr.a(cbprintf_packaged.c.obj)
 .text.append_string
                0x000000000000c552       0x2c zephyr/libzephyr.a(cbprintf_packaged.c.obj)
 .text.cbpprintf_external
                0x000000000000c57e       0x60 zephyr/libzephyr.a(cbprintf_packaged.c.obj)
                0x000000000000c57e                cbpprintf_external
 .text.is_ptr   0x000000000000c5de       0x4e zephyr/libzephyr.a(cbprintf_packaged.c.obj)
                0x000000000000c5de                is_ptr
 .text.arch_printk_char_out
                0x000000000000c62c        0x4 zephyr/libzephyr.a(printk.c.obj)
                0x000000000000c62c                arch_printk_char_out
 .text.vprintk  0x000000000000c630        0x8 zephyr/libzephyr.a(printk.c.obj)
                0x000000000000c630                vprintk
 .text.printk   0x000000000000c638       0x1c zephyr/libzephyr.a(printk.c.obj)
                0x000000000000c638                printk
 .text.free_space
                0x000000000000c654       0x28 zephyr/libzephyr.a(mpsc_pbuf.c.obj)
 .text.available
                0x000000000000c67c       0x24 zephyr/libzephyr.a(mpsc_pbuf.c.obj)
 .text.get_usage
                0x000000000000c6a0       0x24 zephyr/libzephyr.a(mpsc_pbuf.c.obj)
 .text.max_utilization_update
                0x000000000000c6c4       0x26 zephyr/libzephyr.a(mpsc_pbuf.c.obj)
 .text.rd_idx_inc
                0x000000000000c6ea       0x26 zephyr/libzephyr.a(mpsc_pbuf.c.obj)
 .text.add_skip_item
                0x000000000000c710       0x66 zephyr/libzephyr.a(mpsc_pbuf.c.obj)
 .text.drop_item_locked
                0x000000000000c776      0x12a zephyr/libzephyr.a(mpsc_pbuf.c.obj)
 .text.post_drop_action
                0x000000000000c8a0       0x62 zephyr/libzephyr.a(mpsc_pbuf.c.obj)
 .text.mpsc_pbuf_init
                0x000000000000c902       0x42 zephyr/libzephyr.a(mpsc_pbuf.c.obj)
                0x000000000000c902                mpsc_pbuf_init
 .text.mpsc_pbuf_alloc
                0x000000000000c944      0x134 zephyr/libzephyr.a(mpsc_pbuf.c.obj)
                0x000000000000c944                mpsc_pbuf_alloc
 .text.mpsc_pbuf_commit
                0x000000000000ca78       0x50 zephyr/libzephyr.a(mpsc_pbuf.c.obj)
                0x000000000000ca78                mpsc_pbuf_commit
 .text.mpsc_pbuf_claim
                0x000000000000cac8       0xd0 zephyr/libzephyr.a(mpsc_pbuf.c.obj)
                0x000000000000cac8                mpsc_pbuf_claim
 .text.mpsc_pbuf_free
                0x000000000000cb98       0x88 zephyr/libzephyr.a(mpsc_pbuf.c.obj)
                0x000000000000cb98                mpsc_pbuf_free
 .text.mpsc_pbuf_is_pending
                0x000000000000cc20       0x2c zephyr/libzephyr.a(mpsc_pbuf.c.obj)
                0x000000000000cc20                mpsc_pbuf_is_pending
 .text.sys_slist_remove
                0x000000000000cc4c       0x26 zephyr/libzephyr.a(onoff.c.obj)
 .text.sys_slist_find_and_remove
                0x000000000000cc72       0x20 zephyr/libzephyr.a(onoff.c.obj)
 .text.set_state
                0x000000000000cc92       0x10 zephyr/libzephyr.a(onoff.c.obj)
 .text.notify_monitors
                0x000000000000cca2       0x44 zephyr/libzephyr.a(onoff.c.obj)
 .text.process_recheck
                0x000000000000cce6       0x32 zephyr/libzephyr.a(onoff.c.obj)
 .text.process_complete
                0x000000000000cd18       0xa2 zephyr/libzephyr.a(onoff.c.obj)
 .text.validate_args
                0x000000000000cdba       0x2a zephyr/libzephyr.a(onoff.c.obj)
 .text.notify_one
                0x000000000000cde4       0x26 zephyr/libzephyr.a(onoff.c.obj)
 .text.notify_all
                0x000000000000ce0a       0x2e zephyr/libzephyr.a(onoff.c.obj)
 .text.transition_complete
                0x000000000000ce38       0x1c zephyr/libzephyr.a(onoff.c.obj)
 .text.onoff_manager_init
                0x000000000000ce54       0x3a zephyr/libzephyr.a(onoff.c.obj)
                0x000000000000ce54                onoff_manager_init
 .text.onoff_request
                0x000000000000ce8e       0xbe zephyr/libzephyr.a(onoff.c.obj)
                0x000000000000ce8e                onoff_request
 .text.onoff_release
                0x000000000000cf4c       0x4a zephyr/libzephyr.a(onoff.c.obj)
                0x000000000000cf4c                onoff_release
 .text.onoff_cancel
                0x000000000000cf96       0x3e zephyr/libzephyr.a(onoff.c.obj)
                0x000000000000cf96                onoff_cancel
 .text.sys_notify_validate
                0x000000000000cfd4       0x2e zephyr/libzephyr.a(notify.c.obj)
                0x000000000000cfd4                sys_notify_validate
 .text.sys_notify_finalize
                0x000000000000d002       0x1a zephyr/libzephyr.a(notify.c.obj)
                0x000000000000d002                sys_notify_finalize
 .text.ring_buf_put_claim
                0x000000000000d01c       0x42 zephyr/libzephyr.a(ring_buffer.c.obj)
                0x000000000000d01c                ring_buf_put_claim
 .text.ring_buf_put_finish
                0x000000000000d05e       0x3c zephyr/libzephyr.a(ring_buffer.c.obj)
                0x000000000000d05e                ring_buf_put_finish
 .text.ring_buf_put
                0x000000000000d09a       0x40 zephyr/libzephyr.a(ring_buffer.c.obj)
                0x000000000000d09a                ring_buf_put
 .text.ring_buf_get_claim
                0x000000000000d0da       0x3a zephyr/libzephyr.a(ring_buffer.c.obj)
                0x000000000000d0da                ring_buf_get_claim
 .text.ring_buf_get_finish
                0x000000000000d114       0x3c zephyr/libzephyr.a(ring_buffer.c.obj)
                0x000000000000d114                ring_buf_get_finish
 .text.ring_buf_get
                0x000000000000d150       0x46 zephyr/libzephyr.a(ring_buffer.c.obj)
                0x000000000000d150                ring_buf_get
 .text._ConfigAbsSyms
                0x000000000000d196        0x2 zephyr/libzephyr.a(configs.c.obj)
                0x000000000000d196                _ConfigAbsSyms
 .text.log_msg_generic_get_wlen
                0x000000000000d198       0x20 zephyr/libzephyr.a(log_core.c.obj)
 .text.dummy_timestamp
                0x000000000000d1b8        0x4 zephyr/libzephyr.a(log_core.c.obj)
 .text.msg_filter_check
                0x000000000000d1bc        0x4 zephyr/libzephyr.a(log_core.c.obj)
 .text.default_get_timestamp
                0x000000000000d1c0        0x8 zephyr/libzephyr.a(log_core.c.obj)
 .text.k_msleep
                0x000000000000d1c8       0x2c zephyr/libzephyr.a(log_core.c.obj)
 .text.msg_alloc
                0x000000000000d1f4        0xc zephyr/libzephyr.a(log_core.c.obj)
 .text.msg_free
                0x000000000000d200        0x8 zephyr/libzephyr.a(log_core.c.obj)
 .text.msg_pending
                0x000000000000d208        0x8 zephyr/libzephyr.a(log_core.c.obj)
 .text.z_log_vprintk
                0x000000000000d210       0x1e zephyr/libzephyr.a(log_core.c.obj)
                0x000000000000d210                z_log_vprintk
 .text.z_log_notify_drop